2025-09-18 17:50:10 info: LOGIN SUCCESSFULLY - User: sss@gmail.com, Name: Yatri Sathi, Customer: null, Time: 2025-09-18 17:50:10 
----------------------------------------------
2025-09-18 18:11:15 info: LOGIN SUCCESSFULLY - User: sss@gmail.com, Name: Yatri Sathi, Customer: null, Time: 2025-09-18 18:11:14 
----------------------------------------------
2025-09-18 18:14:02 info: LOGIN SUCCESSFULLY - User: sss@gmail.com, Name: Yatri Sathi, Customer: null, Time: 2025-09-18 18:14:02 
----------------------------------------------
2025-09-18 18:17:52 info: LOGIN SUCCESSFULLY - User: sss@gmail.com, Name: Yatri Sathi, Customer: null, Time: 2025-09-18 18:17:52 
----------------------------------------------
2025-09-18 18:19:26 info: LOGIN SUCCESSFULLY - User: sss@gmail.com, Name: Yatri Sathi, Customer: null, Time: 2025-09-18 18:19:26 
----------------------------------------------
2025-09-18 18:20:12 info: LOGIN SUCCESSFULLY - User: sss@gmail.com, Name: Yatri Sathi, Customer: null, Time: 2025-09-18 18:20:12 
----------------------------------------------
2025-09-18 18:22:08 info: LOGIN SUCCESSFULLY - User: sss@gmail.com, Name: Yatri Sathi, Customer: null, Time: 2025-09-18 18:22:08 
----------------------------------------------
2025-09-18 18:22:50 info: LOGIN SUCCESSFULLY - User: sss@gmail.com, Name: Yatri Sathi, Customer: null, Time: 2025-09-18 18:22:50 
----------------------------------------------
2025-09-18 18:27:06 info: LOGIN SUCCESSFULLY - User: sss@gmail.com, Name: Yatri Sathi, Customer: null, Time: 2025-09-18 18:27:06 
----------------------------------------------
2025-09-18 18:46:27 info: LOGIN SUCCESSFULLY - User: sss@gmail.com, Name: Yatri Sathi, Customer: null, Time: 2025-09-18 18:46:27 
----------------------------------------------
2025-09-18 18:46:44 info: LOGIN SUCCESSFULLY - User: 1234567890, Name: Sayantika, Customer: Howrah Station, Time: 2025-09-18 18:46:44 
----------------------------------------------
2025-09-18 18:49:58 info: LOGIN SUCCESSFULLY - User: sss@gmail.com, Name: Yatri Sathi, Customer: null, Time: 2025-09-18 18:49:57 
----------------------------------------------
2025-09-18 18:52:06 info: LOGIN SUCCESSFULLY - User: sss@gmail.com, Name: Yatri Sathi, Customer: null, Time: 2025-09-18 18:52:06 
----------------------------------------------
2025-09-18 18:53:10 info: LOGIN SUCCESSFULLY - User: sss@gmail.com, Name: Yatri Sathi, Customer: null, Time: 2025-09-18 18:53:09 
----------------------------------------------
2025-09-18 18:54:11 info: LOGIN SUCCESSFULLY - User: sss@gmail.com, Name: Yatri Sathi, Customer: null, Time: 2025-09-18 18:54:11 
----------------------------------------------
2025-09-18 18:54:20 info: LOGIN SUCCESSFULLY - User: sss@gmail.com, Name: Yatri Sathi, Customer: null, Time: 2025-09-18 18:54:20 
----------------------------------------------
2025-09-18 18:54:34 info: Yatri Sathi Updated customer [ID: 1] [Name: Howrah Station] 
----------------------------------------------
2025-09-18 18:54:56 info: Yatri Sathi Updated customer [ID: 1] [Name: Howrah Station] 
----------------------------------------------
2025-09-18 18:55:00 info: Yatri Sathi Updated customer [ID: 1] [Name: Howrah Station] 
----------------------------------------------
2025-09-18 18:58:46 info: LOGIN SUCCESSFULLY - User: sss@gmail.com, Name: Yatri Sathi, Customer: null, Time: 2025-09-18 18:58:46 
----------------------------------------------
2025-09-18 18:58:54 error: TypeError: Cannot read properties of undefined (reading 'customer_name')
    at save_add_customer (D:\Sayantika\parking_hertz\hertz_parking\controller\superadmin\customer.controller.js:506:19)
    at process.processTicksAndRejections (node:internal/process/task_queues:95:5) 
----------------------------------------------
2025-09-18 18:59:46 info: LOGIN SUCCESSFULLY - User: sss@gmail.com, Name: Yatri Sathi, Customer: null, Time: 2025-09-18 18:59:46 
----------------------------------------------
2025-09-18 18:59:55 error: TypeError: Cannot read properties of undefined (reading 'customer_name')
    at save_add_customer (D:\Sayantika\parking_hertz\hertz_parking\controller\superadmin\customer.controller.js:506:19)
    at process.processTicksAndRejections (node:internal/process/task_queues:95:5) 
----------------------------------------------
2025-09-18 19:00:14 info: LOGIN SUCCESSFULLY - User: sss@gmail.com, Name: Yatri Sathi, Customer: null, Time: 2025-09-18 19:00:14 
----------------------------------------------
2025-09-18 19:00:19 info: Yatri Sathi Updated customer [ID: 1] [Name: Howrah Station] 
----------------------------------------------
2025-09-18 19:05:32 info: LOGIN SUCCESSFULLY - User: sss@gmail.com, Name: Yatri Sathi, Customer: null, Time: 2025-09-18 19:05:32 
----------------------------------------------
2025-09-18 19:05:40 error: TypeError: Cannot read properties of undefined (reading 'customer_name')
    at save_add_customer (D:\Sayantika\parking_hertz\hertz_parking\controller\superadmin\customer.controller.js:513:19)
    at process.processTicksAndRejections (node:internal/process/task_queues:95:5) 
----------------------------------------------
2025-09-18 19:07:31 info: LOGIN SUCCESSFULLY - User: sss@gmail.com, Name: Yatri Sathi, Customer: null, Time: 2025-09-18 19:07:31 
----------------------------------------------
2025-09-18 19:07:39 error: TypeError: Cannot read properties of undefined (reading 'customer_name')
    at save_add_customer (D:\Sayantika\parking_hertz\hertz_parking\controller\superadmin\customer.controller.js:513:19)
    at process.processTicksAndRejections (node:internal/process/task_queues:95:5) 
----------------------------------------------
2025-09-18 19:08:37 info: LOGIN SUCCESSFULLY - User: sss@gmail.com, Name: Yatri Sathi, Customer: null, Time: 2025-09-18 19:08:37 
----------------------------------------------
2025-09-18 19:08:43 error: TypeError: Cannot read properties of undefined (reading 'customer_name')
    at save_add_customer (D:\Sayantika\parking_hertz\hertz_parking\controller\superadmin\customer.controller.js:513:19)
    at process.processTicksAndRejections (node:internal/process/task_queues:95:5) 
----------------------------------------------
2025-09-18 19:10:33 info: LOGIN SUCCESSFULLY - User: sss@gmail.com, Name: Yatri Sathi, Customer: null, Time: 2025-09-18 19:10:33 
----------------------------------------------
2025-09-18 19:10:49 error: TypeError: Cannot read properties of undefined (reading 'customer_id')
    at save_add_customer (D:\Sayantika\parking_hertz\hertz_parking\controller\superadmin\customer.controller.js:513:19)
    at process.processTicksAndRejections (node:internal/process/task_queues:95:5) 
----------------------------------------------
2025-09-18 19:11:25 info: LOGIN SUCCESSFULLY - User: sss@gmail.com, Name: Yatri Sathi, Customer: null, Time: 2025-09-18 19:11:25 
----------------------------------------------
2025-09-18 19:11:30 error: TypeError: Cannot read properties of undefined (reading 'customer_id')
    at save_add_customer (D:\Sayantika\parking_hertz\hertz_parking\controller\superadmin\customer.controller.js:515:19)
    at process.processTicksAndRejections (node:internal/process/task_queues:95:5) 
----------------------------------------------
2025-09-19 10:26:10 info: LOGIN SUCCESSFULLY - User: sss@gmail.com, Name: Yatri Sathi, Customer: null, Time: 2025-09-19 10:26:10 
----------------------------------------------
2025-09-19 10:32:13 info: LOGIN SUCCESSFULLY - User: sss@gmail.com, Name: Yatri Sathi, Customer: null, Time: 2025-09-19 10:32:13 
----------------------------------------------
2025-09-19 10:32:35 info: Yatri Sathi Updated customer [ID: 1] [Name: Howrah Station] Fields changed: customer_name: 'undefined' → 'Howrah Station', mobile_no: 'undefined' → '8585858585', cust_addr: 'undefined' → 'Howrah', no_device: 'undefined' → '2', receipt_no: 'undefined' → '1' 
----------------------------------------------
2025-09-19 10:33:35 info: Yatri Sathi Updated customer [ID: 1] [Name: Howrah Station] Fields changed: customer_name: 'undefined' → 'Howrah Station', mobile_no: 'undefined' → '8585858585', cust_addr: 'undefined' → 'Howrah', no_device: 'undefined' → '3', receipt_no: 'undefined' → '1' 
----------------------------------------------
2025-09-19 10:48:57 info: LOGIN SUCCESSFULLY - User: sss@gmail.com, Name: Yatri Sathi, Customer: null, Time: 2025-09-19 10:48:57 
----------------------------------------------
2025-09-19 10:50:20 info: Yatri Sathi Updated customer [ID: 1] [Name: Howrah Station] Fields changed: customer_name: 'undefined' → 'Howrah Station', mobile_no: 'undefined' → '8585858585', cust_addr: 'undefined' → 'Howrah', no_device: 'undefined' → '2', receipt_no: 'undefined' → '1' 
----------------------------------------------
2025-09-19 11:00:43 info: LOGIN SUCCESSFULLY - User: sss@gmail.com, Name: Yatri Sathi, Customer: null, Time: 2025-09-19 11:00:43 
----------------------------------------------
2025-09-19 11:00:57 info: Yatri Sathi Updated customer [ID: 1] [Name: Howrah Stations] Fields changed: customer_name: 'undefined' → 'undefined', mobile_no: 'undefined' → '8585858584', cust_addr: 'undefined' → 'Howrahs', no_device: 'undefined' → '3', receipt_no: 'undefined' → '10' 
----------------------------------------------
2025-09-19 11:04:43 info: LOGIN SUCCESSFULLY - User: sss@gmail.com, Name: Yatri Sathi, Customer: null, Time: 2025-09-19 11:04:43 
----------------------------------------------
2025-09-19 11:05:01 info: Yatri Sathi Updated customer [ID: 1] [Name: Howrah Station] Fields changed: customer_name: 'Howrah Stations' → 'Howrah Station', mobile_no: '8585858584' → '8585858585', cust_addr: 'Howrahs' → 'Howrah', no_device: '3' → '2', receipt_no: '10' → '1' 
----------------------------------------------
2025-09-19 11:21:29 info: LOGIN SUCCESSFULLY - User: 1234567890, Name: Sayantika, Customer: Howrah Station, Time: 2025-09-19 11:21:29 
----------------------------------------------
2025-09-19 11:42:38 info: LOGIN SUCCESSFULLY - User: sss@gmail.com, Name: Yatri Sathi, Customer: null, Time: 2025-09-19 11:42:37 
----------------------------------------------
2025-09-19 11:43:06 info: Yatri Sathi Created Admin [CustID: 1] [UserID: 99999] 
----------------------------------------------
2025-09-19 11:46:34 info: LOGIN SUCCESSFULLY - User: sss@gmail.com, Name: Yatri Sathi, Customer: null, Time: 2025-09-19 11:46:34 
----------------------------------------------
2025-09-19 11:46:58 info: Yatri Sathi Created Admin [CustID: 3] Fields: customer_id: '3', user_id: '99999', user_name: 'kolkata test', user_mobile_no: '1231231231', password: [created] 
----------------------------------------------
2025-09-19 11:48:06 info: Yatri Sathi Updated Admin [CustID: 3, ID: 9] Fields changed: user_id: '99999' → '999999', user_name: 'kolkata test' → 'kolkata tests', user_mobile_no: '1231231231' → '1231231230', password: [updated] 
----------------------------------------------
2025-09-19 12:04:33 info: LOGIN SUCCESSFULLY - User: sss@gmail.com, Name: Yatri Sathi, Customer: null, Time: 2025-09-19 12:04:33 
----------------------------------------------
2025-09-19 12:07:54 info: LOGIN SUCCESSFULLY - User: 1234567890, Name: Sayantika, Customer: Howrah Station, Time: 2025-09-19 12:07:54 
----------------------------------------------
2025-09-19 13:30:06 info: LOGIN SUCCESSFULLY - User: sss@gmail.com, Name: Yatri Sathi, Customer: null, Time: 2025-09-19 13:30:06 
----------------------------------------------
2025-09-19 13:30:36 info: Yatri Sathi Created Operator [CustID: undefined] Fields: customer_id: 'undefined', operator_name: 'airpot op', mobile: '5656565656', device_id: 'b705b63c4465e514', password: [created], allow_flag: 'Y' 
----------------------------------------------
2025-09-19 13:35:58 info: LOGIN SUCCESSFULLY - User: sss@gmail.com, Name: Yatri Sathi, Customer: null, Time: 2025-09-19 13:35:58 
----------------------------------------------
2025-09-19 13:36:17 info: Yatri Sathi Created Operator [CustID: 3] Fields: customer_id: '3', operator_name: 'airpot op', mobile: '5656565656', device_id: 'b705b63c4465e514', password: [created], allow_flag: 'Y' 
----------------------------------------------
2025-09-19 13:36:48 info: Yatri Sathi Updated Operator [CustID: undefined, ID: 10] Fields changed: allow_flag: 'Y' → 'undefined' 
----------------------------------------------
2025-09-19 13:47:07 info: LOGIN SUCCESSFULLY - User: sss@gmail.com, Name: Yatri Sathi, Customer: null, Time: 2025-09-19 13:47:06 
----------------------------------------------
2025-09-19 13:47:19 info: Yatri Sathi Updated Operator [CustID: 3, ID: 10] Fields changed: password: [updated], allow_flag: 'N' → 'Y' 
----------------------------------------------  
2025-09-19 13:47:39 info: Yatri Sathi Updated Operator [CustID: 3, ID: 10] Fields changed:  
----------------------------------------------
2025-09-19 13:51:34 info: LOGIN SUCCESSFULLY - User: sss@gmail.com, Name: Yatri Sathi, Customer: null, Time: 2025-09-19 13:51:34 
----------------------------------------------
2025-09-19 13:52:56 info: Yatri Sathi Created Operator [CustID: 3] Fields: customer_id: '3', operator_name: 'airpot op', mobile: '5656565656', device_id: 'b705b63c4465e514', password: [created], allow_flag: 'Y' 
----------------------------------------------
2025-09-19 13:53:23 info: Yatri Sathi Updated Operator [CustID: 3, ID: 11] Fields changed: password: [updated] 
----------------------------------------------
2025-09-19 13:54:07 info: LOGIN SUCCESSFULLY - User: sss@gmail.com, Name: Yatri Sathi, Customer: null, Time: 2025-09-19 13:54:06 
----------------------------------------------
2025-09-19 13:54:15 info: Yatri Sathi Updated Operator [CustID: 3, ID: 11] Fields changed: allow_flag: 'N' → 'Y' 
----------------------------------------------
2025-09-19 13:54:28 info: Yatri Sathi Updated Operator [CustID: 3, ID: 11] Fields changed:  
----------------------------------------------
2025-09-19 13:56:18 info: LOGIN SUCCESSFULLY - User: sss@gmail.com, Name: Yatri Sathi, Customer: null, Time: 2025-09-19 13:56:18 
----------------------------------------------
2025-09-19 13:56:24 info: Yatri Sathi Updated Operator [CustID: 3, ID: 11] Fields changed: allow_flag: 'N' → 'Y' 
----------------------------------------------
2025-09-19 13:56:34 info: Yatri Sathi Updated Operator [CustID: 3, ID: 11] Fields changed:  
----------------------------------------------
2025-09-19 15:17:47 info: LOGIN SUCCESSFULLY - User: sss@gmail.com, Name: Yatri Sathi, Customer: null, Time: 2025-09-19 15:17:47 
----------------------------------------------
2025-09-19 15:17:58 info: Yatri Sathi Updated Operator [CustID: 3, ID: 11] Fields changed: allow_flag: 'N' → 'Y,N' 
----------------------------------------------
2025-09-19 15:19:05 info: Yatri Sathi Updated Operator [CustID: 3, ID: 11] Fields changed: allow_flag: 'N' → 'Y,N' 
----------------------------------------------
2025-09-19 15:21:02 info: Yatri Sathi Updated Operator [CustID: 3, ID: 11] Fields changed: allow_flag: 'N' → 'Y,Y' 
----------------------------------------------
2025-09-19 15:21:34 info: Yatri Sathi Updated Operator [CustID: 3, ID: 11] Fields changed: allow_flag: 'N' → 'Y,N' 
----------------------------------------------
2025-09-19 15:25:11 info: LOGIN SUCCESSFULLY - User: sss@gmail.com, Name: Yatri Sathi, Customer: null, Time: 2025-09-19 15:25:10 
----------------------------------------------
2025-09-19 15:27:50 info: LOGIN SUCCESSFULLY - User: sss@gmail.com, Name: Yatri Sathi, Customer: null, Time: 2025-09-19 15:27:49 
----------------------------------------------
2025-09-19 15:27:56 info: Yatri Sathi Updated Operator [CustID: 3, ID: 11] Fields changed: allow_flag: 'N' → 'on' 
----------------------------------------------
2025-09-19 15:29:30 info: Yatri Sathi Updated Operator [CustID: 3, ID: 11] Fields changed: allow_flag: 'N' → 'on,N' 
----------------------------------------------
2025-09-19 15:29:44 info: Yatri Sathi Updated Operator [CustID: 3, ID: 11] Fields changed: allow_flag: 'N' → 'on' 
----------------------------------------------
2025-09-19 15:30:03 info: Yatri Sathi Updated Operator [CustID: 3, ID: 11] Fields changed: allow_flag: 'N' → 'on,N' 
----------------------------------------------
2025-09-19 15:32:45 info: Yatri Sathi Updated Operator [CustID: 3, ID: 11] Fields changed: allow_flag: 'N' → 'on,N' 
----------------------------------------------
2025-09-19 15:38:09 info: Yatri Sathi Updated Operator [CustID: 3, ID: 11] Fields changed: allow_flag: 'N' → 'Y' 
----------------------------------------------
2025-09-19 15:38:37 info: Yatri Sathi Updated Operator [CustID: 3, ID: 11] Fields changed: password: [updated], allow_flag: 'Y' → 'N' 
----------------------------------------------
2025-09-19 15:38:46 info: Yatri Sathi Updated Operator [CustID: 3, ID: 11] Fields changed: allow_flag: 'N' → 'Y' 
----------------------------------------------
2025-09-19 15:40:09 info: LOGIN SUCCESSFULLY - User: 1234567890, Name: Sayantika, Customer: Howrah Station, Time: 2025-09-19 15:40:09 
----------------------------------------------
2025-09-19 15:50:10 info: LOGIN SUCCESSFULLY - User: 1234567890, Name: Sayantika, Customer: Howrah Station, Time: 2025-09-19 15:50:10 
----------------------------------------------
2025-09-19 16:16:50 info: LOGIN SUCCESSFULLY - User: 1234567890, Name: Sayantika, Customer: Howrah Station, Time: 2025-09-19 16:16:50 
----------------------------------------------
2025-09-19 16:17:11 error: ReferenceError: mobileWhere is not defined
    at save_add_operator (D:\Sayantika\parking_hertz\hertz_parking\controller\superadmin\operator.controller.js:377:60)
    at Layer.handle [as handle_request] (D:\Sayantika\parking_hertz\hertz_parking\node_modules\express\lib\router\layer.js:95:5)
    at next (D:\Sayantika\parking_hertz\hertz_parking\node_modules\express\lib\router\route.js:149:13)
    at AuthSuperCheckedMW (D:\Sayantika\parking_hertz\hertz_parking\middleware\AuthChecked.middleware.js:20:13)
    at Layer.handle [as handle_request] (D:\Sayantika\parking_hertz\hertz_parking\node_modules\express\lib\router\layer.js:95:5)
    at next (D:\Sayantika\parking_hertz\hertz_parking\node_modules\express\lib\router\route.js:149:13)
    at Route.dispatch (D:\Sayantika\parking_hertz\hertz_parking\node_modules\express\lib\router\route.js:119:3)
    at Layer.handle [as handle_request] (D:\Sayantika\parking_hertz\hertz_parking\node_modules\express\lib\router\layer.js:95:5)
    at D:\Sayantika\parking_hertz\hertz_parking\node_modules\express\lib\router\index.js:284:15
    at Function.process_params (D:\Sayantika\parking_hertz\hertz_parking\node_modules\express\lib\router\index.js:346:12) 
----------------------------------------------
2025-09-19 16:18:36 info: LOGIN SUCCESSFULLY - User: 1234567890, Name: Sayantika, Customer: Howrah Station, Time: 2025-09-19 16:18:36 
----------------------------------------------
2025-09-19 16:18:54 info: Sayantika Created Operator [CustID: 1] Fields: customer_id: '1', operator_name: 'test 1234', mobile: '8585858585', device_id: 'b705b63c4465e514', password: [created] 
----------------------------------------------
2025-09-19 16:20:24 info: LOGIN SUCCESSFULLY - User: 1234567890, Name: Sayantika, Customer: Howrah Station, Time: 2025-09-19 16:20:23 
----------------------------------------------
2025-09-19 16:21:15 info: LOGIN SUCCESSFULLY - User: 1234567890, Name: Sayantika, Customer: Howrah Station, Time: 2025-09-19 16:21:15 
----------------------------------------------
2025-09-19 16:21:30 info: Sayantika Created Operator [CustID: 1] Fields: customer_id: '1', operator_name: 'test 123', mobile: '8585858585', device_id: 'b705b63c4465e514', password: [created] 
----------------------------------------------
2025-09-19 17:16:05 info: LOGIN SUCCESSFULLY - User: 1234567890, Name: Sayantika, Customer: Howrah Station, Time: 2025-09-19 17:16:05 
----------------------------------------------
2025-09-19 17:18:26 info: Sayantika Created Operator [CustID: 1] Fields: customer_id: '1', operator_name: 'test 123', mobile: '7777777777', device_id: 'b705b63c4465e514', password: [created] 
----------------------------------------------
2025-09-19 17:36:10 info: LOGIN SUCCESSFULLY - User: 1234567890, Name: Sayantika, Customer: Howrah Station, Time: 2025-09-19 17:36:09 
----------------------------------------------
2025-09-19 17:36:19 info: Sayantika Updated Operator [CustID: 1, ID: 14] Fields changed: password: [updated] 
----------------------------------------------
2025-09-19 17:37:42 info: LOGIN SUCCESSFULLY - User: sss@gmail.com, Name: Yatri Sathi, Customer: null, Time: 2025-09-19 17:37:42 
----------------------------------------------
2025-09-19 17:48:52 info: LOGIN SUCCESSFULLY - User: 1234567890, Name: Sayantika, Customer: Howrah Station, Time: 2025-09-19 17:48:52 
----------------------------------------------
2025-09-19 17:57:27 info: LOGIN SUCCESSFULLY - User: sss@gmail.com, Name: Yatri Sathi, Customer: null, Time: 2025-09-19 17:57:27 
----------------------------------------------
2025-09-19 17:57:43 info: Yatri Sathi Created Vehicle [CustID: undefined] Fields: customer_id: 'undefined', vehicle_name: 'Van', vehicle_on_off: 'N' 
----------------------------------------------
2025-09-19 18:02:57 info: LOGIN SUCCESSFULLY - User: sss@gmail.com, Name: Yatri Sathi, Customer: null, Time: 2025-09-19 18:02:57 
----------------------------------------------
2025-09-19 18:03:13 info: Yatri Sathi Created Vehicle [CustID: 4] Fields: customer_id: '4', vehicle_name: 'Van' 
----------------------------------------------
2025-09-19 18:04:12 info: Yatri Sathi Updated Vehicle [CustID: 4, ID: 150] Fields changed: vehicle_name: 'Van' → 'Vans', vehicle_on_off: 'Y' → 'N' 
----------------------------------------------
2025-09-19 18:05:05 info: LOGIN SUCCESSFULLY - User: 1234567890, Name: Sayantika, Customer: Howrah Station, Time: 2025-09-19 18:05:05 
----------------------------------------------
2025-09-19 18:05:53 info: Sayantika Created Vehicle [CustID: 1] Fields: customer_id: '1', vehicle_name: 'Bicycle' 
----------------------------------------------
2025-09-19 18:06:22 info: Sayantika Updated Vehicle [CustID: 1, ID: 151] Fields changed: vehicle_name: 'Bicycle' → 'Bicycles', vehicle_on_off: 'Y' → 'N' 
----------------------------------------------
2025-09-20 18:42:03 info: LOGIN SUCCESSFULLY - User: sss@gmail.com, Name: Yatri Sathi, Customer: null, Time: 2025-09-20 18:42:03 
----------------------------------------------
2025-09-20 19:50:16 info: LOGIN SUCCESSFULLY - User: sss@gmail.com, Name: Yatri Sathi, Customer: null, Time: 2025-09-20 19:50:15 
----------------------------------------------
2025-09-20 19:50:58 info: Yatri Sathi Created Vehicle [CustID: 4] Fields: customer_id: '4', vehicle_id: '150', vehicle_rate: '15' 
----------------------------------------------
2025-09-20 19:51:54 info: Yatri Sathi Updated Vehicle [CustID: 4, ID: 776] Fields changed: vehicle_rate: '15.00' → '10.00' 
----------------------------------------------
2025-09-20 19:52:42 info: LOGIN SUCCESSFULLY - User: 1234567890, Name: Sayantika, Customer: Howrah Station, Time: 2025-09-20 19:52:41 
----------------------------------------------
2025-09-20 19:53:03 info: Sayantika Created Vehicle [CustID: 1] Fields: customer_id: '1', vehicle_id: '151', vehicle_rate: '15' 
----------------------------------------------
2025-09-20 19:53:19 info: Sayantika Updated Vehicle [CustID: 1, ID: 777] Fields changed: vehicle_rate: '15.00' → '10.00' 
----------------------------------------------
2025-09-21 20:45:06 info: LOGIN SUCCESSFULLY - User: sss@gmail.com, Name: Yatri Sathi, Customer: null, Time: 2025-09-21 20:45:06 
----------------------------------------------
2025-09-21 20:48:45 info: LOGIN SUCCESSFULLY - User: 1234567890, Name: Sayantika, Customer: Howrah Station, Time: 2025-09-21 20:48:45 
----------------------------------------------
2025-09-21 22:39:35 info: LOGIN SUCCESSFULLY - User: 1234567890, Name: Sayantika, Customer: Howrah Station, Time: 2025-09-21 22:39:35 
----------------------------------------------
2025-09-21 23:09:40 info: LOGIN SUCCESSFULLY - User: sss@gmail.com, Name: Yatri Sathi, Customer: null, Time: 2025-09-21 23:09:39 
----------------------------------------------
2025-09-21 23:10:39 info: LOGIN SUCCESSFULLY - User: sss@gmail.com, Name: Yatri Sathi, Customer: null, Time: 2025-09-21 23:10:39 
----------------------------------------------
2025-09-21 23:15:23 error: TypeError: value.cgst is not a function
    at save_add_gst (D:\Sayantika\parking_hertz\hertz_parking\controller\superadmin\gst.controller.js:140:9)
    at process.processTicksAndRejections (node:internal/process/task_queues:95:5) 
----------------------------------------------
2025-09-21 23:16:33 info: LOGIN SUCCESSFULLY - User: sss@gmail.com, Name: Yatri Sathi, Customer: null, Time: 2025-09-21 23:16:33 
----------------------------------------------
2025-09-21 23:16:49 error: TypeError: value.cgst is not a function
    at save_add_gst (D:\Sayantika\parking_hertz\hertz_parking\controller\superadmin\gst.controller.js:140:9)
    at process.processTicksAndRejections (node:internal/process/task_queues:95:5) 
----------------------------------------------
2025-09-22 00:07:30 info: LOGIN SUCCESSFULLY - User: sss@gmail.com, Name: Yatri Sathi, Customer: null, Time: 2025-09-22 00:07:30 
----------------------------------------------
2025-09-22 00:07:57 error: TypeError: value.cgst is not a function
    at save_add_gst (D:\Sayantika\parking_hertz\hertz_parking\controller\superadmin\gst.controller.js:140:9)
    at process.processTicksAndRejections (node:internal/process/task_queues:95:5) 
----------------------------------------------
2025-09-22 00:11:31 info: LOGIN SUCCESSFULLY - User: sss@gmail.com, Name: Yatri Sathi, Customer: null, Time: 2025-09-22 00:11:30 
----------------------------------------------
2025-09-22 00:11:44 error: ReferenceError: user_name is not defined
    at save_add_gst (D:\Sayantika\parking_hertz\hertz_parking\controller\superadmin\gst.controller.js:144:10)
    at process.processTicksAndRejections (node:internal/process/task_queues:95:5) 
----------------------------------------------
2025-09-22 00:13:02 info: LOGIN SUCCESSFULLY - User: sss@gmail.com, Name: Yatri Sathi, Customer: null, Time: 2025-09-22 00:13:02 
----------------------------------------------
2025-09-22 00:13:17 info: Yatri Sathi Created Admin [CustID: undefined] Fields: customer_id: 'undefined', gst_number: '5555555555', total_gst: '5', cgst: '2.5', sgst: '2.5', other_charges: '2' 
----------------------------------------------
2025-09-22 00:14:48 info: LOGIN SUCCESSFULLY - User: sss@gmail.com, Name: Yatri Sathi, Customer: null, Time: 2025-09-22 00:14:48 
----------------------------------------------
2025-09-22 00:14:59 info: Yatri Sathi Created Admin [CustID: 7] Fields: customer_id: '7', gst_number: '5555555555', total_gst: '12', cgst: '6', sgst: '6', other_charges: '2' 
----------------------------------------------
2025-09-22 00:15:30 info: Yatri Sathi Updated Admin [CustID: 7, ID: 13] Fields changed: gst_number: '5555555555' → '5555555554', total_gst: '12.00' → '18', cgst: '6.00' → '9', sgst: '6.00' → '9', other_charges: '2.00' → '4.00' 
----------------------------------------------
2025-09-22 00:16:01 info: LOGIN SUCCESSFULLY - User: 1234567890, Name: Sayantika, Customer: Howrah Station, Time: 2025-09-22 00:16:01 
----------------------------------------------
2025-09-22 00:16:33 info: Sayantika Created Admin [CustID: 1] Fields: customer_id: '1', gst_number: '5555555555', total_gst: '5', cgst: '2.5', sgst: '2.5', other_charges: '2' 
----------------------------------------------
2025-09-22 00:16:48 info: Sayantika Updated Admin [CustID: 1, ID: 14] Fields changed: gst_number: '5555555555' → '5555555556', total_gst: '5.00' → '12', cgst: '2.50' → '6', sgst: '2.50' → '6', other_charges: '2.00' → '20.00' 
----------------------------------------------
2025-09-22 00:31:10 info: LOGIN SUCCESSFULLY - User: 1234567890, Name: Sayantika, Customer: Howrah Station, Time: 2025-09-22 00:31:10 
----------------------------------------------
2025-09-22 00:31:32 info: LOGIN SUCCESSFULLY - User: sss@gmail.com, Name: Yatri Sathi, Customer: null, Time: 2025-09-22 00:31:32 
----------------------------------------------
2025-09-22 00:45:37 info: LOGIN SUCCESSFULLY - User: sss@gmail.com, Name: Yatri Sathi, Customer: null, Time: 2025-09-22 00:45:37 
----------------------------------------------
2025-09-22 00:46:39 info: Yatri Sathi Created Operator [CustID: undefined] Fields: customer_id: 'undefined', shift_name: 'Morning', f_time: '04:00', t_time: '10:00' 
----------------------------------------------
2025-09-22 00:52:51 info: LOGIN SUCCESSFULLY - User: sss@gmail.com, Name: Yatri Sathi, Customer: null, Time: 2025-09-22 00:52:51 
----------------------------------------------
2025-09-22 00:53:15 info: Yatri Sathi Created Operator [CustID: 3] Fields: customer_id: '3', shift_name: 'Afternoon', f_time: '11:00', t_time: '14:00' 
----------------------------------------------
2025-09-22 00:53:39 info: Yatri Sathi Updated Operator [CustID: 3, ID: 36] Fields changed: shift_name: 'undefined' → 'Mornings', f_time: 'undefined' → '04:01', t_time: 'undefined' → '11:00' 
----------------------------------------------
2025-09-22 00:54:28 info: LOGIN SUCCESSFULLY - User: sss@gmail.com, Name: Yatri Sathi, Customer: null, Time: 2025-09-22 00:54:28 
----------------------------------------------
2025-09-22 00:54:42 info: Yatri Sathi Updated Operator [CustID: 3, ID: 36] Fields changed: shift_name: 'Mornings' → 'Morning', f_time: '04:01:00' → '04:00', t_time: '11:00:00' → '11:01' 
----------------------------------------------
2025-09-22 00:55:11 info: LOGIN SUCCESSFULLY - User: 1234567890, Name: Sayantika, Customer: Howrah Station, Time: 2025-09-22 00:55:11 
----------------------------------------------
2025-09-22 00:55:53 info: Sayantika Created Operator [CustID: 1] Fields: customer_id: '1', shift_name: 'rrrr', f_time: '04:59', t_time: '05:00' 
----------------------------------------------
2025-09-22 00:56:10 info: Sayantika Updated Operator [CustID: 1, ID: 38] Fields changed: shift_name: 'rrrr' → 'rrrrs', f_time: '04:59:00' → '05:00', t_time: '05:00:00' → '05:01' 
----------------------------------------------
2025-09-22 06:42:09 info: LOGIN SUCCESSFULLY - User: sss@gmail.com, Name: Yatri Sathi, Customer: null, Time: 2025-09-22 06:42:09 
----------------------------------------------
2025-09-22 06:44:08 info: LOGIN SUCCESSFULLY - User: sss@gmail.com, Name: Yatri Sathi, Customer: null, Time: 2025-09-22 06:44:08 
----------------------------------------------
2025-09-22 07:14:04 info: LOGIN SUCCESSFULLY - User: sss@gmail.com, Name: Yatri Sathi, Customer: null, Time: 2025-09-22 07:14:03 
----------------------------------------------
2025-09-22 07:23:06 info: LOGIN SUCCESSFULLY - User: sss@gmail.com, Name: Yatri Sathi, Customer: null, Time: 2025-09-22 07:23:06 
----------------------------------------------
2025-09-22 07:23:39 info: Yatri Sathi Created Operator [CustID: 7] Fields: customer_id: '7', dev_mode: 'F', app_id: 'REWSDER456', gst_flag: 'N', device_type: 'N', report_flag: 'Y', total_collection: 'Y', redirection_flag: 'Y', grace_period_flag: 'Y', grace_value: '10', adv_pay: 'Y', adv_value: '10', pay_mode_flag: 'Y', qr_code_flag: 'Y' 
----------------------------------------------
2025-09-22 07:30:33 info: Yatri Sathi Created Operator [CustID: 7] Fields: customer_id: '7', dev_mode: 'F', app_id: 'REWSDER456', gst_flag: 'Y', device_type: 'N', report_flag: 'Y', total_collection: 'Y', redirection_flag: 'Y', grace_period_flag: 'Y', grace_value: '10', adv_pay: 'Y', adv_value: '10', pay_mode_flag: 'Y', qr_code_flag: 'Y' 
----------------------------------------------
2025-09-22 07:32:14 info: LOGIN SUCCESSFULLY - User: sss@gmail.com, Name: Yatri Sathi, Customer: null, Time: 2025-09-22 07:32:14 
----------------------------------------------
2025-09-22 07:32:53 info: Yatri Sathi Created Operator [CustID: 7] Fields: customer_id: '7', dev_mode: 'F', app_id: 'REWSDER456', gst_flag: 'Y', device_type: 'H', report_flag: 'Y', total_collection: 'Y', redirection_flag: 'Y', grace_period_flag: 'Y', grace_value: '10', adv_pay: 'Y', adv_value: '10', pay_mode_flag: 'Y', qr_code_flag: 'Y' 
----------------------------------------------
2025-09-22 07:34:11 info: Yatri Sathi Created Operator [CustID: 7] Fields: customer_id: '7', dev_mode: 'F', app_id: 'REWSDER456', gst_flag: 'Y', device_type: 'H', report_flag: 'Y', total_collection: 'Y', redirection_flag: 'Y', grace_period_flag: 'Y', grace_value: '10', adv_pay: 'Y', adv_value: '10', pay_mode_flag: 'Y', qr_code_flag: 'Y' 
----------------------------------------------
2025-09-22 07:34:37 info: Yatri Sathi Updated Operator [CustID: 7, ID: 18] Fields changed: gst_flag: 'Y' → 'N', report_flag: 'Y' → 'N', total_collection: 'Y' → 'N', redirection_flag: 'Y' → 'N', grace_period_flag: 'Y' → 'N', adv_pay: 'Y' → 'N', adv_value: '10' → '10', pay_mode_flag: 'Y' → 'N', qr_code_flag: 'Y' → 'N' 
----------------------------------------------
2025-09-22 07:37:44 info: LOGIN SUCCESSFULLY - User: sss@gmail.com, Name: Yatri Sathi, Customer: null, Time: 2025-09-22 07:37:43 
----------------------------------------------
2025-09-22 07:46:13 info: LOGIN SUCCESSFULLY - User: sss@gmail.com, Name: Yatri Sathi, Customer: null, Time: 2025-09-22 07:46:12 
----------------------------------------------
2025-09-22 07:46:22 info: Yatri Sathi Created Operator [CustID: 7] Fields: customer_id: '7', report_password_flag: 'Y', pwd: [created] 
----------------------------------------------
2025-09-22 07:48:01 info: LOGIN SUCCESSFULLY - User: sss@gmail.com, Name: Yatri Sathi, Customer: null, Time: 2025-09-22 07:48:01 
----------------------------------------------
2025-09-22 07:48:17 info: Yatri Sathi Updated Operator [CustID: 7, ID: ] Fields changed: report_password_flag: 'undefined' → 'N' 
----------------------------------------------
2025-09-22 07:49:14 info: LOGIN SUCCESSFULLY - User: sss@gmail.com, Name: Yatri Sathi, Customer: null, Time: 2025-09-22 07:49:14 
----------------------------------------------
2025-09-22 07:49:23 info: Yatri Sathi Updated Operator [CustID: 7, ID: ] Fields changed: report_password_flag: 'undefined' → 'Y', password: [updated] 
----------------------------------------------
2025-09-22 07:52:26 info: LOGIN SUCCESSFULLY - User: sss@gmail.com, Name: Yatri Sathi, Customer: null, Time: 2025-09-22 07:52:25 
----------------------------------------------
2025-09-22 07:52:39 info: Yatri Sathi Updated Operator [CustID: 7, ID: ] Fields changed: report_password_flag: 'undefined' → 'Y' 
----------------------------------------------
2025-09-22 07:54:12 info: LOGIN SUCCESSFULLY - User: sss@gmail.com, Name: Yatri Sathi, Customer: null, Time: 2025-09-22 07:54:12 
----------------------------------------------
2025-09-22 07:54:19 info: Yatri Sathi Updated Operator [CustID: 7, ID: ] Fields changed: report_password_flag: 'undefined' → 'Y' 
----------------------------------------------
2025-09-22 07:54:50 info: LOGIN SUCCESSFULLY - User: sss@gmail.com, Name: Yatri Sathi, Customer: null, Time: 2025-09-22 07:54:50 
----------------------------------------------
2025-09-22 07:54:58 info: Yatri Sathi Updated Operator [CustID: 7, ID: ] Fields changed: report_password_flag: 'undefined' → 'Y' 
----------------------------------------------
2025-09-22 07:55:16 info: LOGIN SUCCESSFULLY - User: sss@gmail.com, Name: Yatri Sathi, Customer: null, Time: 2025-09-22 07:55:16 
----------------------------------------------
2025-09-22 07:55:25 info: Yatri Sathi Updated Operator [CustID: 7, ID: ] Fields changed:  
----------------------------------------------
2025-09-22 07:55:45 info: Yatri Sathi Updated Operator [CustID: 7, ID: ] Fields changed: report_password_flag: 'Y' → 'N', password: [updated] 
----------------------------------------------
2025-09-22 07:56:11 info: Yatri Sathi Updated Operator [CustID: 7, ID: ] Fields changed: password: [updated] 
----------------------------------------------
2025-09-22 08:00:47 info: LOGIN SUCCESSFULLY - User: sss@gmail.com, Name: Yatri Sathi, Customer: null, Time: 2025-09-22 08:00:47 
----------------------------------------------
2025-09-22 08:00:58 info: Yatri Sathi Updated Operator [CustID: 7, ID: ] Fields changed: password: [updated] 
----------------------------------------------
2025-09-22 08:01:16 info: Yatri Sathi Updated Operator [CustID: 7, ID: ] Fields changed: password: [updated] 
----------------------------------------------
2025-09-22 08:02:48 info: Yatri Sathi Updated Operator [CustID: 7, ID: ] Fields changed: password: [updated] 
----------------------------------------------
2025-09-22 08:03:17 info: Yatri Sathi Updated Operator [CustID: 1, ID: ] Fields changed:  
----------------------------------------------
2025-09-22 08:04:52 info: Yatri Sathi Updated Operator [CustID: 5, ID: ] Fields changed: password: [updated] 
----------------------------------------------
2025-09-23 10:25:33 info: LOGIN SUCCESSFULLY - User: sss@gmail.com, Name: Yatri Sathi, Customer: null, Time: 2025-09-23 10:25:32 
----------------------------------------------
2025-09-23 11:10:07 info: LOGIN SUCCESSFULLY - User: sss@gmail.com, Name: Yatri Sathi, Customer: null, Time: 2025-09-23 11:10:07 
----------------------------------------------
2025-09-23 11:22:39 info: LOGIN SUCCESSFULLY - User: 1234567890, Name: Sayantika, Customer: Howrah Station, Time: 2025-09-23 11:22:38 
----------------------------------------------
2025-09-23 11:24:21 info: LOGIN SUCCESSFULLY - User: sss@gmail.com, Name: Yatri Sathi, Customer: null, Time: 2025-09-23 11:24:21 
----------------------------------------------
2025-09-23 11:24:40 info: LOGIN SUCCESSFULLY - User: 1234567890, Name: Sayantika, Customer: Howrah Station, Time: 2025-09-23 11:24:40 
----------------------------------------------
2025-09-23 12:24:54 info: LOGIN SUCCESSFULLY - User: sss@gmail.com, Name: Yatri Sathi, Customer: null, Time: 2025-09-23 12:24:54 
----------------------------------------------
2025-09-23 13:08:10 info: LOGIN SUCCESSFULLY - User: 1234567890, Name: Sayantika, Customer: Howrah Station, Time: 2025-09-23 13:08:10 
----------------------------------------------
2025-09-23 17:55:30 info: LOGIN SUCCESSFULLY - User: sss@gmail.com, Name: Yatri Sathi, Customer: null, Time: 2025-09-23 17:55:29 
----------------------------------------------
2025-09-23 18:15:35 info: LOGIN SUCCESSFULLY - User: sss@gmail.com, Name: Yatri Sathi, Customer: null, Time: 2025-09-23 18:15:35 
----------------------------------------------
2025-09-23 18:19:25 info: Yatri Sathi Updated Operator [CustID: 3, ID: ] Fields changed: password: [updated] 
----------------------------------------------
2025-09-23 18:20:38 info: Yatri Sathi Updated Operator [CustID: 1, ID: ] Fields changed: password: [updated] 
----------------------------------------------
2025-09-23 18:21:37 info: Yatri Sathi Updated Operator [CustID: 1, ID: ] Fields changed:  
----------------------------------------------
2025-09-23 18:22:24 info: LOGIN SUCCESSFULLY - User: sss@gmail.com, Name: Yatri Sathi, Customer: null, Time: 2025-09-23 18:22:24 
----------------------------------------------
2025-09-23 18:23:06 info: Yatri Sathi Updated Operator [CustID: 1, ID: ] Fields changed:  
----------------------------------------------
2025-09-23 18:26:52 info: Yatri Sathi Updated Operator [CustID: 1, ID: ] Fields changed: report_password_flag: 'Y' → 'N' 
----------------------------------------------
2025-09-23 18:27:39 info: Yatri Sathi Updated Operator [CustID: 1, ID: ] Fields changed: password: [updated] 
----------------------------------------------
2025-09-23 18:36:41 info: Yatri Sathi Updated Operator [CustID: 1, ID: ] Fields changed: password: [updated] 
----------------------------------------------
2025-09-23 18:43:45 info: Yatri Sathi Updated Operator [CustID: 1, ID: ] Fields changed: password: [updated] 
----------------------------------------------
2025-09-23 18:46:07 info: Yatri Sathi Updated Operator [CustID: 1, ID: ] Fields changed: password: [updated] 
----------------------------------------------
2025-09-23 18:48:33 info: Yatri Sathi Updated Operator [CustID: 1, ID: ] Fields changed: password: [updated] 
----------------------------------------------
2025-09-23 18:50:49 info: LOGIN SUCCESSFULLY - User: sss@gmail.com, Name: Yatri Sathi, Customer: null, Time: 2025-09-23 18:50:49 
----------------------------------------------
2025-09-23 18:51:24 info: Yatri Sathi Updated Operator [CustID: 1, ID: ] Fields changed: password: [updated] 
----------------------------------------------
2025-09-23 18:59:49 info: LOGIN SUCCESSFULLY - User: sss@gmail.com, Name: Yatri Sathi, Customer: null, Time: 2025-09-23 18:59:49 
----------------------------------------------
2025-09-23 19:00:03 info: Yatri Sathi Updated Operator [CustID: 1, ID: ] Fields changed: password: [updated] 
----------------------------------------------
2025-09-23 19:02:14 info: Yatri Sathi Updated Operator [CustID: 1, ID: ] Fields changed: report_password_flag: 'N' → 'Y', password: [updated] 
----------------------------------------------
2025-09-23 19:02:37 info: Yatri Sathi Updated Operator [CustID: 1, ID: ] Fields changed: report_password_flag: 'Y' → 'N' 
----------------------------------------------
2025-09-23 19:03:02 info: Yatri Sathi Updated Operator [CustID: 1, ID: ] Fields changed: report_password_flag: 'N' → 'Y', password: [updated] 
----------------------------------------------
2025-09-23 19:06:53 info: Yatri Sathi Updated Operator [CustID: 5, ID: ] Fields changed: report_password_flag: 'N' → 'Y', password: [updated] 
----------------------------------------------
2025-09-23 19:07:09 info: Yatri Sathi Updated Operator [CustID: 4, ID: ] Fields changed: report_password_flag: 'N' → 'Y', password: [updated] 
----------------------------------------------
2025-09-23 19:07:15 info: Yatri Sathi Updated Operator [CustID: 3, ID: ] Fields changed: report_password_flag: 'N' → 'Y', password: [updated] 
----------------------------------------------
2025-09-23 19:16:24 info: LOGIN SUCCESSFULLY - User: sss@gmail.com, Name: Yatri Sathi, Customer: null, Time: 2025-09-23 19:16:24 
----------------------------------------------
2025-09-23 19:34:13 info: LOGIN SUCCESSFULLY - User: sss@gmail.com, Name: Yatri Sathi, Customer: null, Time: 2025-09-23 19:34:13 
----------------------------------------------
2025-09-23 19:40:18 info: LOGIN SUCCESSFULLY - User: sss@gmail.com, Name: Yatri Sathi, Customer: null, Time: 2025-09-23 19:40:18 
----------------------------------------------
2025-09-23 19:42:08 info: LOGIN SUCCESSFULLY - User: sss@gmail.com, Name: Yatri Sathi, Customer: null, Time: 2025-09-23 19:42:07 
----------------------------------------------
2025-09-23 19:43:48 info: LOGIN SUCCESSFULLY - User: sss@gmail.com, Name: Yatri Sathi, Customer: null, Time: 2025-09-23 19:43:48 
----------------------------------------------
2025-09-23 19:43:59 info: Yatri Sathi Created Operator [CustID: 2] Fields: customer_id: '2', detail_report: 'Y', veh_wise_report: 'Y', dev_wise_report: 'Y', operate_wise_report: 'Y', shift_wise_report: 'Y' 
----------------------------------------------
2025-09-23 19:44:27 info: Yatri Sathi Created Operator [CustID: 2] Fields: customer_id: '2', detail_report: 'Y', veh_wise_report: 'Y', dev_wise_report: 'Y', operate_wise_report: 'Y', shift_wise_report: 'Y' 
----------------------------------------------
2025-09-23 19:45:00 info: Yatri Sathi Updated Operator [CustID: 2, ID: 5] Fields changed: detail_report: 'Y' → 'N', veh_wise_report: 'Y' → 'N', dev_wise_report: 'Y' → 'N', operate_wise_report: 'Y' → 'N', shift_wise_report: 'Y' → 'N' 
----------------------------------------------
2025-09-23 19:45:15 info: Yatri Sathi Updated Operator [CustID: 2, ID: 5] Fields changed: detail_report: 'N' → 'Y', shift_wise_report: 'N' → 'Y' 
----------------------------------------------
2025-09-23 19:57:49 info: LOGIN SUCCESSFULLY - User: sss@gmail.com, Name: Yatri Sathi, Customer: null, Time: 2025-09-23 19:57:49 
----------------------------------------------
2025-09-23 21:16:43 info: LOGIN SUCCESSFULLY - User: sss@gmail.com, Name: Yatri Sathi, Customer: null, Time: 2025-09-23 21:16:42 
----------------------------------------------
2025-09-23 21:19:38 info: Yatri Sathi Created Operator [CustID: 3] Fields: customer_id: '3', header1: 'TEST1', header2: 'TEST2', header3: 'TEST3', header4: 'TEST4', footer1: 'TEST5', footer2: 'TEST6', footer3: 'TEST7', footer4: 'TEST8', in_on_off: 'Y', out_on_off: 'Y', report_flag: 'Y', header1_flag: '1', header2_flag: '1', header3_flag: '1', header4_flag: '1', footer1_flag: '1', footer2_flag: '1', footer3_flag: '1', footer4_flag: '1' 
----------------------------------------------
2025-09-23 22:20:58 info: LOGIN SUCCESSFULLY - User: sss@gmail.com, Name: Yatri Sathi, Customer: null, Time: 2025-09-23 22:20:58 
----------------------------------------------
2025-09-23 22:21:29 info: Yatri Sathi Updated Operator [CustID: 3, ID: 5] Fields changed: header1: 'TEST1' → 'TEST11', header2: 'TEST2' → 'TEST21', header3: 'TEST3' → 'TEST31', header4: 'TEST4' → 'TEST41', footer1: 'TEST5' → 'TEST51', footer2: 'TEST6' → 'TEST61', footer3: 'TEST7' → 'TEST71', footer4: 'TEST8' → 'TEST81', IN_on_off: 'Y' → 'N', OUT_on_off: 'Y' → 'N', report_flag: 'Y' → 'N', header1_flag: '1' → '0', header2_flag: '1' → '0', header3_flag: '1' → '0', header4_flag: '1' → '0', footer1_flag: '1' → '0', footer2_flag: '1' → '0', footer3_flag: '1' → '0', footer4_flag: '1' → '0' 
----------------------------------------------
2025-09-23 22:22:02 info: Yatri Sathi Updated Operator [CustID: 3, ID: 5] Fields changed: IN_on_off: 'N' → 'Y', OUT_on_off: 'N' → 'Y', header1_flag: '0' → '0', header2_flag: '0' → '0', header3_flag: '0' → '0', header4_flag: '0' → '0', footer1_flag: '0' → '0', footer2_flag: '0' → '0', footer3_flag: '0' → '0', footer4_flag: '0' → '0' 
----------------------------------------------
2025-09-23 22:22:17 info: Yatri Sathi Updated Operator [CustID: 3, ID: 5] Fields changed: report_flag: 'N' → 'Y', header1_flag: '0' → '0', header2_flag: '0' → '0', header3_flag: '0' → '0', header4_flag: '0' → '0', footer1_flag: '0' → '0', footer2_flag: '0' → '0', footer3_flag: '0' → '0', footer4_flag: '0' → '0' 
----------------------------------------------
2025-09-23 22:22:33 info: Yatri Sathi Updated Operator [CustID: 3, ID: 5] Fields changed: header1_flag: '0' → '1', header2_flag: '0' → '1', header3_flag: '0' → '1', header4_flag: '0' → '1', footer1_flag: '0' → '0', footer2_flag: '0' → '0', footer3_flag: '0' → '0', footer4_flag: '0' → '0' 
----------------------------------------------
2025-09-23 22:22:48 info: Yatri Sathi Updated Operator [CustID: 3, ID: 5] Fields changed: header1_flag: '1' → '1', header2_flag: '1' → '1', header3_flag: '1' → '1', header4_flag: '1' → '1', footer1_flag: '0' → '1', footer2_flag: '0' → '1', footer3_flag: '0' → '1', footer4_flag: '0' → '1' 
----------------------------------------------
2025-09-24 11:35:46 info: LOGIN SUCCESSFULLY - User: sss@gmail.com, Name: Yatri Sathi, Customer: null, Time: 2025-09-24 11:35:46 
----------------------------------------------
2025-09-24 13:01:57 info: LOGIN SUCCESSFULLY - User: sss@gmail.com, Name: Yatri Sathi, Customer: null, Time: 2025-09-24 13:01:57 
----------------------------------------------
2025-09-25 17:15:02 info: LOGIN SUCCESSFULLY - User: sss@gmail.com, Name: Yatri Sathi, Customer: null, Time: 2025-09-25 17:15:01 
----------------------------------------------
2025-09-25 17:18:03 info: LOGIN SUCCESSFULLY - User: sss@gmail.com, Name: Yatri Sathi, Customer: null, Time: 2025-09-25 17:18:03 
----------------------------------------------
2025-09-25 17:27:14 info: LOGIN SUCCESSFULLY - User: 1234567890, Name: Sayantika, Customer: Howrah Station, Time: 2025-09-25 17:27:14 
----------------------------------------------
2025-09-25 17:29:44 info: LOGIN SUCCESSFULLY - User: sss@gmail.com, Name: Yatri Sathi, Customer: null, Time: 2025-09-25 17:29:44 
----------------------------------------------
2025-09-25 17:30:28 info: LOGIN SUCCESSFULLY - User: 1234567890, Name: Sayantika, Customer: Howrah Station, Time: 2025-09-25 17:30:27 
----------------------------------------------
2025-09-25 17:51:28 info: LOGIN SUCCESSFULLY - User: sss@gmail.com, Name: Yatri Sathi, Customer: null, Time: 2025-09-25 17:51:28 
----------------------------------------------
2025-09-25 17:57:11 info: LOGIN SUCCESSFULLY - User: sss@gmail.com, Name: Yatri Sathi, Customer: null, Time: 2025-09-25 17:57:11 
----------------------------------------------
2025-09-25 18:00:41 info: LOGIN SUCCESSFULLY - User: sss@gmail.com, Name: Yatri Sathi, Customer: null, Time: 2025-09-25 18:00:41 
----------------------------------------------
2025-09-25 18:05:33 info: LOGIN SUCCESSFULLY - User: sss@gmail.com, Name: Yatri Sathi, Customer: null, Time: 2025-09-25 18:05:33 
----------------------------------------------
2025-09-25 18:13:33 info: LOGIN SUCCESSFULLY - User: sss@gmail.com, Name: Yatri Sathi, Customer: null, Time: 2025-09-25 18:13:32 
----------------------------------------------
2025-09-25 18:14:25 info: LOGIN SUCCESSFULLY - User: sss@gmail.com, Name: Yatri Sathi, Customer: null, Time: 2025-09-25 18:14:25 
----------------------------------------------
2025-09-25 18:18:17 info: LOGIN SUCCESSFULLY - User: sss@gmail.com, Name: Yatri Sathi, Customer: null, Time: 2025-09-25 18:18:17 
----------------------------------------------
2025-09-25 18:21:52 info: LOGIN SUCCESSFULLY - User: 1234567890, Name: Sayantika, Customer: Howrah Station, Time: 2025-09-25 18:21:52 
----------------------------------------------
2025-09-25 18:22:09 info: LOGIN SUCCESSFULLY - User: sss@gmail.com, Name: Yatri Sathi, Customer: null, Time: 2025-09-25 18:22:09 
----------------------------------------------
