2025-08-28 12:08:25 error: Error: Host '122.176.27.53' is not allowed to connect to this MySQL server
    at Packet.asError (D:\Sayantika\parking_hertz\hertz_parking\node_modules\mysql2\lib\packets\packet.js:740:17)
    at ClientHandshake.execute (D:\Sayantika\parking_hertz\hertz_parking\node_modules\mysql2\lib\commands\command.js:29:26)
    at PoolConnection.handlePacket (D:\Sayantika\parking_hertz\hertz_parking\node_modules\mysql2\lib\base\connection.js:475:34)
    at PacketParser.onPacket (D:\Sayantika\parking_hertz\hertz_parking\node_modules\mysql2\lib\base\connection.js:93:12)
    at PacketParser.executeStart (D:\Sayantika\parking_hertz\hertz_parking\node_modules\mysql2\lib\packet_parser.js:75:16)
    at Socket.<anonymous> (D:\Sayantika\parking_hertz\hertz_parking\node_modules\mysql2\lib\base\connection.js:100:25)
    at Socket.emit (node:events:519:28)
    at addChunk (node:internal/streams/readable:559:12)
    at readableAddChunkPushByteMode (node:internal/streams/readable:510:3)
    at Readable.push (node:internal/streams/readable:390:5) 
----------------------------------------------
2025-08-28 12:08:54 error: Error: Host '122.176.27.53' is not allowed to connect to this MySQL server
    at Packet.asError (D:\Sayantika\parking_hertz\hertz_parking\node_modules\mysql2\lib\packets\packet.js:740:17)
    at ClientHandshake.execute (D:\Sayantika\parking_hertz\hertz_parking\node_modules\mysql2\lib\commands\command.js:29:26)
    at PoolConnection.handlePacket (D:\Sayantika\parking_hertz\hertz_parking\node_modules\mysql2\lib\base\connection.js:475:34)
    at PacketParser.onPacket (D:\Sayantika\parking_hertz\hertz_parking\node_modules\mysql2\lib\base\connection.js:93:12)
    at PacketParser.executeStart (D:\Sayantika\parking_hertz\hertz_parking\node_modules\mysql2\lib\packet_parser.js:75:16)
    at Socket.<anonymous> (D:\Sayantika\parking_hertz\hertz_parking\node_modules\mysql2\lib\base\connection.js:100:25)
    at Socket.emit (node:events:519:28)
    at addChunk (node:internal/streams/readable:559:12)
    at readableAddChunkPushByteMode (node:internal/streams/readable:510:3)
    at Readable.push (node:internal/streams/readable:390:5) 
----------------------------------------------
2025-08-28 12:08:59 error: Error: Host '122.176.27.53' is not allowed to connect to this MySQL server
    at Packet.asError (D:\Sayantika\parking_hertz\hertz_parking\node_modules\mysql2\lib\packets\packet.js:740:17)
    at ClientHandshake.execute (D:\Sayantika\parking_hertz\hertz_parking\node_modules\mysql2\lib\commands\command.js:29:26)
    at PoolConnection.handlePacket (D:\Sayantika\parking_hertz\hertz_parking\node_modules\mysql2\lib\base\connection.js:475:34)
    at PacketParser.onPacket (D:\Sayantika\parking_hertz\hertz_parking\node_modules\mysql2\lib\base\connection.js:93:12)
    at PacketParser.executeStart (D:\Sayantika\parking_hertz\hertz_parking\node_modules\mysql2\lib\packet_parser.js:75:16)
    at Socket.<anonymous> (D:\Sayantika\parking_hertz\hertz_parking\node_modules\mysql2\lib\base\connection.js:100:25)
    at Socket.emit (node:events:519:28)
    at addChunk (node:internal/streams/readable:559:12)
    at readableAddChunkPushByteMode (node:internal/streams/readable:510:3)
    at Readable.push (node:internal/streams/readable:390:5) 
----------------------------------------------
2025-08-28 12:10:29 error: Error: Access denied for user 'root'@'172.17.0.1' (using password: YES)
    at Packet.asError (D:\Sayantika\parking_hertz\hertz_parking\node_modules\mysql2\lib\packets\packet.js:740:17)
    at ClientHandshake.execute (D:\Sayantika\parking_hertz\hertz_parking\node_modules\mysql2\lib\commands\command.js:29:26)
    at PoolConnection.handlePacket (D:\Sayantika\parking_hertz\hertz_parking\node_modules\mysql2\lib\base\connection.js:475:34)
    at PacketParser.onPacket (D:\Sayantika\parking_hertz\hertz_parking\node_modules\mysql2\lib\base\connection.js:93:12)
    at PacketParser.executeStart (D:\Sayantika\parking_hertz\hertz_parking\node_modules\mysql2\lib\packet_parser.js:75:16)
    at Socket.<anonymous> (D:\Sayantika\parking_hertz\hertz_parking\node_modules\mysql2\lib\base\connection.js:100:25)
    at Socket.emit (node:events:519:28)
    at addChunk (node:internal/streams/readable:559:12)
    at readableAddChunkPushByteMode (node:internal/streams/readable:510:3)
    at Readable.push (node:internal/streams/readable:390:5) 
----------------------------------------------
