#
# There is insufficient memory for the Java Runtime Environment to continue.
# Native memory allocation (mmap) failed to map 139460608 bytes for G1 virtual space
# Possible reasons:
#   The system is out of physical RAM or swap space
#   The process is running with CompressedOops enabled, and the Java Heap may be blocking the growth of the native heap
# Possible solutions:
#   Reduce memory load on the system
#   Increase physical memory or swap space
#   Check if swap backing store is full
#   Decrease Java heap size (-Xmx/-Xms)
#   Decrease number of Java threads
#   Decrease Java thread stack sizes (-Xss)
#   Set larger code cache with -XX:ReservedCodeCacheSize=
#   JVM is running with Unscaled Compressed Oops mode in which the Java heap is
#     placed in the first 4GB address space. The Java Heap base address is the
#     maximum limit for the native heap growth. Please use -XX:HeapBaseMinAddress
#     to set the Java Heap base and to place the Java Heap above 4GB virtual address.
# This output file may be truncated or incomplete.
#
#  Out of Memory Error (os_windows.cpp:3548), pid=8916, tid=2180
#
# JRE version: Java(TM) SE Runtime Environment (17.0.10+11) (build 17.0.10+11-LTS-240)
# Java VM: Java HotSpot(TM) 64-Bit Server VM (17.0.10+11-LTS-240, mixed mode, sharing, tiered, compressed oops, compressed class ptrs, g1 gc, windows-amd64)
# No core dump will be written. Minidumps are not enabled by default on client versions of Windows
#

---------------  S U M M A R Y ------------

Command Line: org.jetbrains.kotlin.cli.jvm.K2JVMCompiler @E:\All React Project\React Native\All Parking\Parking_Fixed\node_modules\react-native-safe-area-context\android\build\20241223_2516844909789009510.compiler.options

Host: Intel(R) Core(TM) i5-8400 CPU @ 2.80GHz, 6 cores, 7G,  Windows 10 , 64 bit Build 19041 (10.0.19041.5198)
Time: Mon Dec 23 17:30:10 2024 India Standard Time elapsed time: 12.938077 seconds (0d 0h 0m 12s)

---------------  T H R E A D  ---------------

Current thread (0x000001dbcd70f3c0):  VMThread "VM Thread" [stack: 0x000000b2dac00000,0x000000b2dad00000] [id=2180]

Stack: [0x000000b2dac00000,0x000000b2dad00000]
Native frames: (J=compiled Java code, j=interpreted, Vv=VM code, C=native code)
V  [jvm.dll+0x677a5a]
V  [jvm.dll+0x7d8b2d]
V  [jvm.dll+0x7da48e]
V  [jvm.dll+0x7daaf3]
V  [jvm.dll+0x2455ff]
V  [jvm.dll+0x6749b9]
V  [jvm.dll+0x669382]
V  [jvm.dll+0x302e96]
V  [jvm.dll+0x30a416]
V  [jvm.dll+0x359cbe]
V  [jvm.dll+0x359eef]
V  [jvm.dll+0x2d9e88]
V  [jvm.dll+0x2d8295]
V  [jvm.dll+0x2d789c]
V  [jvm.dll+0x31b18b]
V  [jvm.dll+0x7df30b]
V  [jvm.dll+0x7e0044]
V  [jvm.dll+0x7e055d]
V  [jvm.dll+0x7e0934]
V  [jvm.dll+0x7e0a00]
V  [jvm.dll+0x78888a]
V  [jvm.dll+0x676935]
C  [ucrtbase.dll+0x21bb2]
C  [KERNEL32.DLL+0x17374]
C  [ntdll.dll+0x4cc91]

VM_Operation (0x000000b2da6fcfa0): G1CollectForAllocation, mode: safepoint, requested by thread 0x000001dbafabcd60


---------------  P R O C E S S  ---------------

Threads class SMR info:
_java_thread_list=0x000001dc14356a50, length=13, elements={
0x000001dbafabcd60, 0x000001dbcd714330, 0x000001dbcd7151b0, 0x000001dbcd72ae30,
0x000001dbcd72c800, 0x000001dbcd72d960, 0x000001dbcd731fd0, 0x000001dbcd733510,
0x000001dbcd735770, 0x000001dbcd7a0b70, 0x000001dbcd977b00, 0x000001dbcd980ed0,
0x000001dc133d6f70
}

Java Threads: ( => current thread )
  0x000001dbafabcd60 JavaThread "main" [_thread_blocked, id=20056, stack(0x000000b2da600000,0x000000b2da700000)]
  0x000001dbcd714330 JavaThread "Reference Handler" daemon [_thread_blocked, id=15684, stack(0x000000b2dad00000,0x000000b2dae00000)]
  0x000001dbcd7151b0 JavaThread "Finalizer" daemon [_thread_blocked, id=13136, stack(0x000000b2dae00000,0x000000b2daf00000)]
  0x000001dbcd72ae30 JavaThread "Signal Dispatcher" daemon [_thread_blocked, id=15904, stack(0x000000b2daf00000,0x000000b2db000000)]
  0x000001dbcd72c800 JavaThread "Attach Listener" daemon [_thread_blocked, id=3220, stack(0x000000b2db000000,0x000000b2db100000)]
  0x000001dbcd72d960 JavaThread "Service Thread" daemon [_thread_blocked, id=10768, stack(0x000000b2db100000,0x000000b2db200000)]
  0x000001dbcd731fd0 JavaThread "Monitor Deflation Thread" daemon [_thread_blocked, id=9200, stack(0x000000b2db200000,0x000000b2db300000)]
  0x000001dbcd733510 JavaThread "C2 CompilerThread0" daemon [_thread_in_native, id=17968, stack(0x000000b2db300000,0x000000b2db400000)]
  0x000001dbcd735770 JavaThread "C1 CompilerThread0" daemon [_thread_blocked, id=19932, stack(0x000000b2db400000,0x000000b2db500000)]
  0x000001dbcd7a0b70 JavaThread "Sweeper thread" daemon [_thread_blocked, id=19392, stack(0x000000b2db500000,0x000000b2db600000)]
  0x000001dbcd977b00 JavaThread "Notification Thread" daemon [_thread_blocked, id=17144, stack(0x000000b2db600000,0x000000b2db700000)]
  0x000001dbcd980ed0 JavaThread "Common-Cleaner" daemon [_thread_blocked, id=1620, stack(0x000000b2db800000,0x000000b2db900000)]
  0x000001dc133d6f70 JavaThread "C2 CompilerThread1" daemon [_thread_blocked, id=10676, stack(0x000000b2dc000000,0x000000b2dc100000)]

Other Threads:
=>0x000001dbcd70f3c0 VMThread "VM Thread" [stack: 0x000000b2dac00000,0x000000b2dad00000] [id=2180]
  0x000001dbcd97a400 WatcherThread [stack: 0x000000b2db700000,0x000000b2db800000] [id=15176]
  0x000001dbafb16070 GCTaskThread "GC Thread#0" [stack: 0x000000b2da700000,0x000000b2da800000] [id=15056]
  0x000001dc13070a10 GCTaskThread "GC Thread#1" [stack: 0x000000b2dba00000,0x000000b2dbb00000] [id=18272]
  0x000001dc13070cd0 GCTaskThread "GC Thread#2" [stack: 0x000000b2dbb00000,0x000000b2dbc00000] [id=19324]
  0x000001dc130f9e80 GCTaskThread "GC Thread#3" [stack: 0x000000b2dbc00000,0x000000b2dbd00000] [id=268]
  0x000001dc13057bf0 GCTaskThread "GC Thread#4" [stack: 0x000000b2dbd00000,0x000000b2dbe00000] [id=12540]
  0x000001dc1353c2e0 GCTaskThread "GC Thread#5" [stack: 0x000000b2db900000,0x000000b2dba00000] [id=20380]
  0x000001dbafb26b80 ConcurrentGCThread "G1 Main Marker" [stack: 0x000000b2da800000,0x000000b2da900000] [id=15660]
  0x000001dbafb285a0 ConcurrentGCThread "G1 Conc#0" [stack: 0x000000b2da900000,0x000000b2daa00000] [id=1956]
  0x000001dc1354d130 ConcurrentGCThread "G1 Conc#1" [stack: 0x000000b2dbe00000,0x000000b2dbf00000] [id=14316]
  0x000001dbafb853d0 ConcurrentGCThread "G1 Refine#0" [stack: 0x000000b2daa00000,0x000000b2dab00000] [id=16404]
  0x000001dc140f8c50 ConcurrentGCThread "G1 Refine#1" [stack: 0x000000b2dbf00000,0x000000b2dc000000] [id=11624]
  0x000001dbcd5d0fe0 ConcurrentGCThread "G1 Service" [stack: 0x000000b2dab00000,0x000000b2dac00000] [id=6424]

Threads with active compile tasks:
C2 CompilerThread0    12961 9509       4       org.jetbrains.kotlin.cli.jvm.index.JvmDependenciesIndexImpl::search (379 bytes)
C1 CompilerThread0    12961 9861       3       org.jetbrains.kotlin.resolve.bindingContextUtil.BindingContextUtilsKt::isUsedAsStatement (26 bytes)
C2 CompilerThread1    12961 9868       4       java.util.LinkedHashMap::valuesToArray (38 bytes)

VM state: at safepoint (normal execution)

VM Mutex/Monitor currently owned by a thread:  ([mutex/lock_event])
[0x000001dbafab8bd0] Threads_lock - owner thread: 0x000001dbcd70f3c0
[0x000001dbafab73a0] Heap_lock - owner thread: 0x000001dbafabcd60

Heap address: 0x0000000082200000, size: 2014 MB, Compressed Oops mode: 32-bit

CDS archive(s) mapped at: [0x000001dbce000000-0x000001dbcebd0000-0x000001dbcebd0000), size 12386304, SharedBaseAddress: 0x000001dbce000000, ArchiveRelocationMode: 1.
Compressed class space mapped at: 0x000001dbcf000000-0x000001dc0f000000, reserved size: 1073741824
Narrow klass base: 0x000001dbce000000, Narrow klass shift: 0, Narrow klass range: 0x100000000

GC Precious Log:
 CPUs: 6 total, 6 available
 Memory: 8054M
 Large Page Support: Disabled
 NUMA Support: Disabled
 Compressed Oops: Enabled (32-bit)
 Heap Region Size: 1M
 Heap Min Capacity: 8M
 Heap Initial Capacity: 126M
 Heap Max Capacity: 2014M
 Pre-touch: Disabled
 Parallel Workers: 6
 Concurrent Workers: 2
 Concurrent Refinement Workers: 6
 Periodic GC: Disabled

Heap:
 garbage-first heap   total 129024K, used 56213K [0x0000000082200000, 0x0000000100000000)
  region size 1024K, 1 young (1024K), 1 survivors (1024K)
 Metaspace       used 57608K, committed 57920K, reserved 1114112K
  class space    used 6787K, committed 6912K, reserved 1048576K

Heap Regions: E=young(eden), S=young(survivor), O=old, HS=humongous(starts), HC=humongous(continues), CS=collection set, F=free, OA=open archive, CA=closed archive, TAMS=top-at-mark-start (previous, next)
|   0|0x0000000082200000, 0x0000000082300000, 0x0000000082300000|100%|HS|  |TAMS 0x0000000082300000, 0x0000000082200000| Complete 
|   1|0x0000000082300000, 0x0000000082400000, 0x0000000082400000|100%|HC|  |TAMS 0x0000000082400000, 0x0000000082300000| Complete 
|   2|0x0000000082400000, 0x0000000082500000, 0x0000000082500000|100%|HC|  |TAMS 0x0000000082500000, 0x0000000082400000| Complete 
|   3|0x0000000082500000, 0x0000000082600000, 0x0000000082600000|100%| O|  |TAMS 0x0000000082600000, 0x0000000082500000| Untracked 
|   4|0x0000000082600000, 0x0000000082700000, 0x0000000082700000|100%| O|  |TAMS 0x0000000082700000, 0x0000000082600000| Untracked 
|   5|0x0000000082700000, 0x0000000082800000, 0x0000000082800000|100%| O|  |TAMS 0x0000000082800000, 0x0000000082700000| Untracked 
|   6|0x0000000082800000, 0x0000000082900000, 0x0000000082900000|100%|HS|  |TAMS 0x0000000082900000, 0x0000000082800000| Complete 
|   7|0x0000000082900000, 0x0000000082a00000, 0x0000000082a00000|100%|HC|  |TAMS 0x0000000082a00000, 0x0000000082900000| Complete 
|   8|0x0000000082a00000, 0x0000000082b00000, 0x0000000082b00000|100%|HC|  |TAMS 0x0000000082b00000, 0x0000000082a00000| Complete 
|   9|0x0000000082b00000, 0x0000000082c00000, 0x0000000082c00000|100%|HS|  |TAMS 0x0000000082c00000, 0x0000000082b00000| Complete 
|  10|0x0000000082c00000, 0x0000000082d00000, 0x0000000082d00000|100%|HC|  |TAMS 0x0000000082d00000, 0x0000000082c00000| Complete 
|  11|0x0000000082d00000, 0x0000000082e00000, 0x0000000082e00000|100%| O|  |TAMS 0x0000000082e00000, 0x0000000082d00000| Untracked 
|  12|0x0000000082e00000, 0x0000000082f00000, 0x0000000082f00000|100%| O|  |TAMS 0x0000000082f00000, 0x0000000082e00000| Untracked 
|  13|0x0000000082f00000, 0x0000000083000000, 0x0000000083000000|100%| O|  |TAMS 0x0000000083000000, 0x0000000082f00000| Untracked 
|  14|0x0000000083000000, 0x0000000083100000, 0x0000000083100000|100%| O|  |TAMS 0x0000000083100000, 0x0000000083000000| Untracked 
|  15|0x0000000083100000, 0x0000000083200000, 0x0000000083200000|100%| O|  |TAMS 0x0000000083200000, 0x0000000083100000| Untracked 
|  16|0x0000000083200000, 0x0000000083300000, 0x0000000083300000|100%| O|  |TAMS 0x0000000083300000, 0x0000000083200000| Untracked 
|  17|0x0000000083300000, 0x0000000083400000, 0x0000000083400000|100%| O|  |TAMS 0x0000000083400000, 0x0000000083300000| Untracked 
|  18|0x0000000083400000, 0x0000000083500000, 0x0000000083500000|100%| O|  |TAMS 0x0000000083500000, 0x0000000083400000| Untracked 
|  19|0x0000000083500000, 0x0000000083600000, 0x0000000083600000|100%| O|  |TAMS 0x0000000083600000, 0x0000000083500000| Untracked 
|  20|0x0000000083600000, 0x0000000083700000, 0x0000000083700000|100%| O|  |TAMS 0x0000000083700000, 0x0000000083600000| Untracked 
|  21|0x0000000083700000, 0x0000000083800000, 0x0000000083800000|100%| O|  |TAMS 0x0000000083800000, 0x0000000083700000| Untracked 
|  22|0x0000000083800000, 0x0000000083900000, 0x0000000083900000|100%| O|  |TAMS 0x0000000083900000, 0x0000000083800000| Untracked 
|  23|0x0000000083900000, 0x0000000083a00000, 0x0000000083a00000|100%| O|  |TAMS 0x0000000083a00000, 0x0000000083900000| Untracked 
|  24|0x0000000083a00000, 0x0000000083b00000, 0x0000000083b00000|100%| O|  |TAMS 0x0000000083b00000, 0x0000000083a00000| Untracked 
|  25|0x0000000083b00000, 0x0000000083c00000, 0x0000000083c00000|100%| O|  |TAMS 0x0000000083c00000, 0x0000000083b00000| Untracked 
|  26|0x0000000083c00000, 0x0000000083d00000, 0x0000000083d00000|100%| O|  |TAMS 0x0000000083d00000, 0x0000000083c00000| Untracked 
|  27|0x0000000083d00000, 0x0000000083e00000, 0x0000000083e00000|100%| O|  |TAMS 0x0000000083e00000, 0x0000000083d00000| Untracked 
|  28|0x0000000083e00000, 0x0000000083f00000, 0x0000000083f00000|100%| O|  |TAMS 0x0000000083f00000, 0x0000000083e00000| Untracked 
|  29|0x0000000083f00000, 0x0000000084000000, 0x0000000084000000|100%| O|  |TAMS 0x0000000084000000, 0x0000000083f00000| Untracked 
|  30|0x0000000084000000, 0x0000000084100000, 0x0000000084100000|100%| O|  |TAMS 0x0000000084000000, 0x0000000084000000| Untracked 
|  31|0x0000000084100000, 0x0000000084200000, 0x0000000084200000|100%| O|  |TAMS 0x0000000084200000, 0x0000000084100000| Untracked 
|  32|0x0000000084200000, 0x0000000084300000, 0x0000000084300000|100%| O|  |TAMS 0x0000000084300000, 0x0000000084200000| Untracked 
|  33|0x0000000084300000, 0x0000000084400000, 0x0000000084400000|100%| O|  |TAMS 0x0000000084400000, 0x0000000084300000| Untracked 
|  34|0x0000000084400000, 0x0000000084500000, 0x0000000084500000|100%| O|  |TAMS 0x0000000084500000, 0x0000000084400000| Untracked 
|  35|0x0000000084500000, 0x0000000084600000, 0x0000000084600000|100%| O|  |TAMS 0x0000000084600000, 0x0000000084500000| Untracked 
|  36|0x0000000084600000, 0x0000000084700000, 0x0000000084700000|100%| O|  |TAMS 0x0000000084700000, 0x0000000084600000| Untracked 
|  37|0x0000000084700000, 0x0000000084800000, 0x0000000084800000|100%| O|  |TAMS 0x0000000084800000, 0x0000000084700000| Untracked 
|  38|0x0000000084800000, 0x0000000084900000, 0x0000000084900000|100%| O|  |TAMS 0x0000000084900000, 0x0000000084800000| Untracked 
|  39|0x0000000084900000, 0x0000000084a00000, 0x0000000084a00000|100%| O|  |TAMS 0x0000000084a00000, 0x0000000084900000| Untracked 
|  40|0x0000000084a00000, 0x0000000084b00000, 0x0000000084b00000|100%| O|  |TAMS 0x0000000084b00000, 0x0000000084a00000| Untracked 
|  41|0x0000000084b00000, 0x0000000084b00000, 0x0000000084c00000|  0%| F|  |TAMS 0x0000000084b00000, 0x0000000084b00000| Untracked 
|  42|0x0000000084c00000, 0x0000000084d00000, 0x0000000084d00000|100%| O|  |TAMS 0x0000000084d00000, 0x0000000084c00000| Untracked 
|  43|0x0000000084d00000, 0x0000000084e00000, 0x0000000084e00000|100%| O|  |TAMS 0x0000000084e00000, 0x0000000084d00000| Untracked 
|  44|0x0000000084e00000, 0x0000000084f00000, 0x0000000084f00000|100%| O|  |TAMS 0x0000000084f00000, 0x0000000084e00000| Untracked 
|  45|0x0000000084f00000, 0x0000000085000000, 0x0000000085000000|100%| O|  |TAMS 0x0000000085000000, 0x0000000084f00000| Untracked 
|  46|0x0000000085000000, 0x0000000085100000, 0x0000000085100000|100%| O|  |TAMS 0x0000000085100000, 0x0000000085000000| Untracked 
|  47|0x0000000085100000, 0x0000000085200000, 0x0000000085200000|100%| O|  |TAMS 0x0000000085200000, 0x0000000085100000| Untracked 
|  48|0x0000000085200000, 0x0000000085300000, 0x0000000085300000|100%| O|  |TAMS 0x0000000085300000, 0x0000000085200000| Untracked 
|  49|0x0000000085300000, 0x0000000085400000, 0x0000000085400000|100%| O|  |TAMS 0x0000000085400000, 0x0000000085300000| Untracked 
|  50|0x0000000085400000, 0x0000000085500000, 0x0000000085500000|100%| O|  |TAMS 0x0000000085500000, 0x0000000085400000| Untracked 
|  51|0x0000000085500000, 0x0000000085600000, 0x0000000085600000|100%| O|  |TAMS 0x0000000085600000, 0x0000000085500000| Untracked 
|  52|0x0000000085600000, 0x0000000085700000, 0x0000000085700000|100%| O|  |TAMS 0x0000000085700000, 0x0000000085600000| Untracked 
|  53|0x0000000085700000, 0x0000000085800000, 0x0000000085800000|100%| O|  |TAMS 0x000000008578aa00, 0x0000000085700000| Untracked 
|  54|0x0000000085800000, 0x0000000085900000, 0x0000000085900000|100%| O|  |TAMS 0x0000000085800000, 0x0000000085800000| Untracked 
|  55|0x0000000085900000, 0x0000000085987600, 0x0000000085a00000| 52%| O|  |TAMS 0x0000000085900000, 0x0000000085900000| Untracked 
|  56|0x0000000085a00000, 0x0000000085a00000, 0x0000000085b00000|  0%| F|  |TAMS 0x0000000085a00000, 0x0000000085a00000| Untracked 
|  57|0x0000000085b00000, 0x0000000085b00000, 0x0000000085c00000|  0%| F|  |TAMS 0x0000000085b00000, 0x0000000085b00000| Untracked 
|  58|0x0000000085c00000, 0x0000000085c00000, 0x0000000085d00000|  0%| F|  |TAMS 0x0000000085c00000, 0x0000000085c00000| Untracked 
|  59|0x0000000085d00000, 0x0000000085d00000, 0x0000000085e00000|  0%| F|  |TAMS 0x0000000085d00000, 0x0000000085d00000| Untracked 
|  60|0x0000000085e00000, 0x0000000085e00000, 0x0000000085f00000|  0%| F|  |TAMS 0x0000000085e00000, 0x0000000085e00000| Untracked 
|  61|0x0000000085f00000, 0x0000000085f00000, 0x0000000086000000|  0%| F|  |TAMS 0x0000000085f00000, 0x0000000085f00000| Untracked 
|  62|0x0000000086000000, 0x0000000086000000, 0x0000000086100000|  0%| F|  |TAMS 0x0000000086000000, 0x0000000086000000| Untracked 
|  63|0x0000000086100000, 0x0000000086100000, 0x0000000086200000|  0%| F|  |TAMS 0x0000000086100000, 0x0000000086100000| Untracked 
|  64|0x0000000086200000, 0x0000000086200000, 0x0000000086300000|  0%| F|  |TAMS 0x0000000086200000, 0x0000000086200000| Untracked 
|  65|0x0000000086300000, 0x0000000086300000, 0x0000000086400000|  0%| F|  |TAMS 0x0000000086300000, 0x0000000086300000| Untracked 
|  66|0x0000000086400000, 0x0000000086400000, 0x0000000086500000|  0%| F|  |TAMS 0x0000000086400000, 0x0000000086400000| Untracked 
|  67|0x0000000086500000, 0x0000000086500000, 0x0000000086600000|  0%| F|  |TAMS 0x0000000086500000, 0x0000000086500000| Untracked 
|  68|0x0000000086600000, 0x0000000086600000, 0x0000000086700000|  0%| F|  |TAMS 0x0000000086600000, 0x0000000086600000| Untracked 
|  69|0x0000000086700000, 0x0000000086700000, 0x0000000086800000|  0%| F|  |TAMS 0x0000000086700000, 0x0000000086700000| Untracked 
|  70|0x0000000086800000, 0x0000000086800000, 0x0000000086900000|  0%| F|  |TAMS 0x0000000086800000, 0x0000000086800000| Untracked 
|  71|0x0000000086900000, 0x0000000086900000, 0x0000000086a00000|  0%| F|  |TAMS 0x0000000086900000, 0x0000000086900000| Untracked 
|  72|0x0000000086a00000, 0x0000000086a00000, 0x0000000086b00000|  0%| F|  |TAMS 0x0000000086a00000, 0x0000000086a00000| Untracked 
|  73|0x0000000086b00000, 0x0000000086b00000, 0x0000000086c00000|  0%| F|  |TAMS 0x0000000086b00000, 0x0000000086b00000| Untracked 
|  74|0x0000000086c00000, 0x0000000086c00000, 0x0000000086d00000|  0%| F|  |TAMS 0x0000000086c00000, 0x0000000086c00000| Untracked 
|  75|0x0000000086d00000, 0x0000000086d00000, 0x0000000086e00000|  0%| F|  |TAMS 0x0000000086d00000, 0x0000000086d00000| Untracked 
|  76|0x0000000086e00000, 0x0000000086e00000, 0x0000000086f00000|  0%| F|  |TAMS 0x0000000086e00000, 0x0000000086e00000| Untracked 
|  77|0x0000000086f00000, 0x0000000086f00000, 0x0000000087000000|  0%| F|  |TAMS 0x0000000086f00000, 0x0000000086f00000| Untracked 
|  78|0x0000000087000000, 0x0000000087000000, 0x0000000087100000|  0%| F|  |TAMS 0x0000000087000000, 0x0000000087000000| Untracked 
|  79|0x0000000087100000, 0x0000000087100000, 0x0000000087200000|  0%| F|  |TAMS 0x0000000087100000, 0x0000000087100000| Untracked 
|  80|0x0000000087200000, 0x0000000087200000, 0x0000000087300000|  0%| F|  |TAMS 0x0000000087200000, 0x0000000087200000| Untracked 
|  81|0x0000000087300000, 0x0000000087300000, 0x0000000087400000|  0%| F|  |TAMS 0x0000000087300000, 0x0000000087300000| Untracked 
|  82|0x0000000087400000, 0x0000000087400000, 0x0000000087500000|  0%| F|  |TAMS 0x0000000087400000, 0x0000000087400000| Untracked 
|  83|0x0000000087500000, 0x0000000087500000, 0x0000000087600000|  0%| F|  |TAMS 0x0000000087500000, 0x0000000087500000| Untracked 
|  84|0x0000000087600000, 0x0000000087600000, 0x0000000087700000|  0%| F|  |TAMS 0x0000000087600000, 0x0000000087600000| Untracked 
|  85|0x0000000087700000, 0x0000000087700000, 0x0000000087800000|  0%| F|  |TAMS 0x0000000087700000, 0x0000000087700000| Untracked 
|  86|0x0000000087800000, 0x0000000087800000, 0x0000000087900000|  0%| F|  |TAMS 0x0000000087800000, 0x0000000087800000| Untracked 
|  87|0x0000000087900000, 0x0000000087900000, 0x0000000087a00000|  0%| F|  |TAMS 0x0000000087900000, 0x0000000087900000| Untracked 
|  88|0x0000000087a00000, 0x0000000087a00000, 0x0000000087b00000|  0%| F|  |TAMS 0x0000000087a00000, 0x0000000087a00000| Untracked 
|  89|0x0000000087b00000, 0x0000000087b00000, 0x0000000087c00000|  0%| F|  |TAMS 0x0000000087b00000, 0x0000000087b00000| Untracked 
|  90|0x0000000087c00000, 0x0000000087c00000, 0x0000000087d00000|  0%| F|  |TAMS 0x0000000087c00000, 0x0000000087c00000| Untracked 
|  91|0x0000000087d00000, 0x0000000087d00000, 0x0000000087e00000|  0%| F|  |TAMS 0x0000000087d00000, 0x0000000087d00000| Untracked 
|  92|0x0000000087e00000, 0x0000000087e00000, 0x0000000087f00000|  0%| F|  |TAMS 0x0000000087e00000, 0x0000000087e00000| Untracked 
|  93|0x0000000087f00000, 0x0000000087f00000, 0x0000000088000000|  0%| F|  |TAMS 0x0000000087f00000, 0x0000000087f00000| Untracked 
|  94|0x0000000088000000, 0x0000000088000000, 0x0000000088100000|  0%| F|  |TAMS 0x0000000088000000, 0x0000000088000000| Untracked 
|  95|0x0000000088100000, 0x0000000088100000, 0x0000000088200000|  0%| F|  |TAMS 0x0000000088100000, 0x0000000088100000| Untracked 
|  96|0x0000000088200000, 0x0000000088200000, 0x0000000088300000|  0%| F|  |TAMS 0x0000000088200000, 0x0000000088200000| Untracked 
|  97|0x0000000088300000, 0x0000000088300000, 0x0000000088400000|  0%| F|  |TAMS 0x0000000088300000, 0x0000000088300000| Untracked 
|  98|0x0000000088400000, 0x0000000088400000, 0x0000000088500000|  0%| F|  |TAMS 0x0000000088400000, 0x0000000088400000| Untracked 
|  99|0x0000000088500000, 0x0000000088500000, 0x0000000088600000|  0%| F|  |TAMS 0x0000000088500000, 0x0000000088500000| Untracked 
| 100|0x0000000088600000, 0x0000000088600000, 0x0000000088700000|  0%| F|  |TAMS 0x0000000088600000, 0x0000000088600000| Untracked 
| 101|0x0000000088700000, 0x0000000088700000, 0x0000000088800000|  0%| F|  |TAMS 0x0000000088700000, 0x0000000088700000| Untracked 
| 102|0x0000000088800000, 0x0000000088800000, 0x0000000088900000|  0%| F|  |TAMS 0x0000000088800000, 0x0000000088800000| Untracked 
| 103|0x0000000088900000, 0x0000000088900000, 0x0000000088a00000|  0%| F|  |TAMS 0x0000000088900000, 0x0000000088900000| Untracked 
| 104|0x0000000088a00000, 0x0000000088a00000, 0x0000000088b00000|  0%| F|  |TAMS 0x0000000088a00000, 0x0000000088a00000| Untracked 
| 105|0x0000000088b00000, 0x0000000088b00000, 0x0000000088c00000|  0%| F|  |TAMS 0x0000000088b00000, 0x0000000088b00000| Untracked 
| 106|0x0000000088c00000, 0x0000000088c5e080, 0x0000000088d00000| 36%| S|CS|TAMS 0x0000000088c00000, 0x0000000088c00000| Complete 
| 107|0x0000000088d00000, 0x0000000088d00000, 0x0000000088e00000|  0%| F|  |TAMS 0x0000000088d00000, 0x0000000088d00000| Untracked 
| 108|0x0000000088e00000, 0x0000000088e00000, 0x0000000088f00000|  0%| F|  |TAMS 0x0000000088e00000, 0x0000000088e00000| Untracked 
| 109|0x0000000088f00000, 0x0000000088f00000, 0x0000000089000000|  0%| F|  |TAMS 0x0000000088f00000, 0x0000000088f00000| Untracked 
| 110|0x0000000089000000, 0x0000000089000000, 0x0000000089100000|  0%| F|  |TAMS 0x0000000089000000, 0x0000000089000000| Untracked 
| 111|0x0000000089100000, 0x0000000089100000, 0x0000000089200000|  0%| F|  |TAMS 0x0000000089100000, 0x0000000089100000| Untracked 
| 112|0x0000000089200000, 0x0000000089200000, 0x0000000089300000|  0%| F|  |TAMS 0x0000000089200000, 0x0000000089200000| Untracked 
| 113|0x0000000089300000, 0x0000000089300000, 0x0000000089400000|  0%| F|  |TAMS 0x0000000089300000, 0x0000000089300000| Untracked 
| 114|0x0000000089400000, 0x0000000089400000, 0x0000000089500000|  0%| F|  |TAMS 0x0000000089400000, 0x0000000089400000| Untracked 
| 115|0x0000000089500000, 0x0000000089500000, 0x0000000089600000|  0%| F|  |TAMS 0x0000000089500000, 0x0000000089500000| Untracked 
| 116|0x0000000089600000, 0x0000000089600000, 0x0000000089700000|  0%| F|  |TAMS 0x0000000089600000, 0x0000000089600000| Untracked 
| 117|0x0000000089700000, 0x0000000089700000, 0x0000000089800000|  0%| F|  |TAMS 0x0000000089700000, 0x0000000089700000| Untracked 
| 118|0x0000000089800000, 0x0000000089800000, 0x0000000089900000|  0%| F|  |TAMS 0x0000000089800000, 0x0000000089800000| Untracked 
| 119|0x0000000089900000, 0x0000000089900000, 0x0000000089a00000|  0%| F|  |TAMS 0x0000000089900000, 0x0000000089900000| Untracked 
| 120|0x0000000089a00000, 0x0000000089a00000, 0x0000000089b00000|  0%| F|  |TAMS 0x0000000089a00000, 0x0000000089a00000| Untracked 
| 121|0x0000000089b00000, 0x0000000089b00000, 0x0000000089c00000|  0%| F|  |TAMS 0x0000000089b00000, 0x0000000089b00000| Untracked 
| 122|0x0000000089c00000, 0x0000000089c00000, 0x0000000089d00000|  0%| F|  |TAMS 0x0000000089c00000, 0x0000000089c00000| Untracked 
| 123|0x0000000089d00000, 0x0000000089d00000, 0x0000000089e00000|  0%| F|  |TAMS 0x0000000089d00000, 0x0000000089d00000| Untracked 
| 124|0x0000000089e00000, 0x0000000089e00000, 0x0000000089f00000|  0%| F|  |TAMS 0x0000000089e00000, 0x0000000089e00000| Untracked 
| 125|0x0000000089f00000, 0x0000000089f00000, 0x000000008a000000|  0%| F|  |TAMS 0x0000000089f00000, 0x0000000089f00000| Untracked 

Card table byte_map: [0x000001dbc6870000,0x000001dbc6c60000] _byte_map_base: 0x000001dbc645f000

Marking Bits (Prev, Next): (CMBitMap*) 0x000001dbafb16690, (CMBitMap*) 0x000001dbafb166d0
 Prev Bits: [0x000001dbc7050000, 0x000001dbc8fc8000)
 Next Bits: [0x000001dbc8fd0000, 0x000001dbcaf48000)

Polling page: 0x000001dbaf290000

Metaspace:

Usage:
  Non-class:     49.63 MB used.
      Class:      6.63 MB used.
       Both:     56.26 MB used.

Virtual space:
  Non-class space:       64.00 MB reserved,      49.81 MB ( 78%) committed,  1 nodes.
      Class space:        1.00 GB reserved,       6.75 MB ( <1%) committed,  1 nodes.
             Both:        1.06 GB reserved,      56.56 MB (  5%) committed. 

Chunk freelists:
   Non-Class:  14.03 MB
       Class:  9.20 MB
        Both:  23.23 MB

MaxMetaspaceSize: unlimited
CompressedClassSpaceSize: 1.00 GB
Initial GC threshold: 21.00 MB
Current GC threshold: 92.19 MB
CDS: on
MetaspaceReclaimPolicy: balanced
 - commit_granule_bytes: 65536.
 - commit_granule_words: 8192.
 - virtual_space_node_default_size: 8388608.
 - enlarge_chunks_in_place: 1.
 - new_chunks_are_fully_committed: 0.
 - uncommit_free_chunks: 1.
 - use_allocation_guard: 0.
 - handle_deallocations: 1.


Internal statistics:

num_allocs_failed_limit: 9.
num_arena_births: 334.
num_arena_deaths: 0.
num_vsnodes_births: 2.
num_vsnodes_deaths: 0.
num_space_committed: 903.
num_space_uncommitted: 0.
num_chunks_returned_to_freelist: 9.
num_chunks_taken_from_freelist: 2417.
num_chunk_merges: 6.
num_chunk_splits: 1901.
num_chunks_enlarged: 1642.
num_inconsistent_stats: 0.

CodeHeap 'non-profiled nmethods': size=120000Kb used=4499Kb max_used=4499Kb free=115500Kb
 bounds [0x000001dbbee40000, 0x000001dbbf2b0000, 0x000001dbc6370000]
CodeHeap 'profiled nmethods': size=120000Kb used=25460Kb max_used=25460Kb free=94539Kb
 bounds [0x000001dbb7370000, 0x000001dbb8c50000, 0x000001dbbe8a0000]
CodeHeap 'non-nmethods': size=5760Kb used=1304Kb max_used=1392Kb free=4455Kb
 bounds [0x000001dbbe8a0000, 0x000001dbbeb10000, 0x000001dbbee40000]
 total_blobs=9537 nmethods=8915 adapters=531
 compilation: enabled
              stopped_count=0, restarted_count=0
 full_count=0

Compilation events (20 events):
Event: 12.929 Thread 0x000001dbcd735770 nmethod 9847 0x000001dbb8c47a10 code [0x000001dbb8c47bc0, 0x000001dbb8c47e28]
Event: 12.929 Thread 0x000001dbcd735770 9849       3       org.jetbrains.kotlin.cfg.ControlFlowInformationProviderImpl$checkWhenExpressions$1::invoke (12 bytes)
Event: 12.929 Thread 0x000001dbcd735770 nmethod 9849 0x000001dbb8c47f10 code [0x000001dbb8c480c0, 0x000001dbb8c48328]
Event: 12.930 Thread 0x000001dc133d6f70 nmethod 9844 0x000001dbbf2a3a10 code [0x000001dbbf2a3bc0, 0x000001dbbf2a4658]
Event: 12.930 Thread 0x000001dbcd735770 9828       3       org.jetbrains.kotlin.cfg.variable.PseudocodeVariablesData$variableUseStatusData$1$1::invoke (12 bytes)
Event: 12.930 Thread 0x000001dc133d6f70 9856       4       java.lang.Integer::stringSize (47 bytes)
Event: 12.930 Thread 0x000001dbcd735770 nmethod 9828 0x000001dbb8c48410 code [0x000001dbb8c48640, 0x000001dbb8c48e68]
Event: 12.930 Thread 0x000001dbcd735770 9829       3       org.jetbrains.kotlin.cfg.variable.PseudocodeVariablesData$variableUseStatusData$1$1::invoke (20 bytes)
Event: 12.930 Thread 0x000001dbcd735770 nmethod 9829 0x000001dbb8c49110 code [0x000001dbb8c49320, 0x000001dbb8c499a8]
Event: 12.930 Thread 0x000001dbcd735770 9845       3       org.jetbrains.kotlin.cfg.pseudocode.instructions.InstructionWithNext::setNext (10 bytes)
Event: 12.930 Thread 0x000001dbcd735770 nmethod 9845 0x000001dbb8c49c10 code [0x000001dbb8c49de0, 0x000001dbb8c4a2c8]
Event: 12.930 Thread 0x000001dbcd735770 9867       3       org.jetbrains.kotlin.cfg.pseudocode.PseudocodeImpl$processInstruction$1::visitInstructionWithNext (22 bytes)
Event: 12.931 Thread 0x000001dc133d6f70 nmethod 9856 0x000001dbbf2a4b10 code [0x000001dbbf2a4c80, 0x000001dbbf2a4d78]
Event: 12.931 Thread 0x000001dc133d6f70 9868       4       java.util.LinkedHashMap::valuesToArray (38 bytes)
Event: 12.931 Thread 0x000001dbcd735770 nmethod 9867 0x000001dbb8c4a410 code [0x000001dbb8c4a660, 0x000001dbb8c4b0d8]
Event: 12.931 Thread 0x000001dbcd735770 9859       3       javaslang.collection.HashSet::contains (16 bytes)
Event: 12.931 Thread 0x000001dbcd735770 nmethod 9859 0x000001dbb8c4b490 code [0x000001dbb8c4b660, 0x000001dbb8c4bba8]
Event: 12.931 Thread 0x000001dbcd735770 9860       3       org.jetbrains.kotlin.resolve.bindingContextUtil.BindingContextUtilsKt::isUsedAsExpression (41 bytes)
Event: 12.931 Thread 0x000001dbcd735770 nmethod 9860 0x000001dbb8c4bd90 code [0x000001dbb8c4c040, 0x000001dbb8c4cca8]
Event: 12.931 Thread 0x000001dbcd735770 9861       3       org.jetbrains.kotlin.resolve.bindingContextUtil.BindingContextUtilsKt::isUsedAsStatement (26 bytes)

GC Heap History (20 events):
Event: 10.440 GC heap after
{Heap after GC invocations=12 (full 0):
 garbage-first heap   total 78848K, used 38020K [0x0000000082200000, 0x0000000100000000)
  region size 1024K, 4 young (4096K), 4 survivors (4096K)
 Metaspace       used 49937K, committed 50240K, reserved 1114112K
  class space    used 6198K, committed 6336K, reserved 1048576K
}
Event: 10.481 GC heap before
{Heap before GC invocations=12 (full 0):
 garbage-first heap   total 78848K, used 40068K [0x0000000082200000, 0x0000000100000000)
  region size 1024K, 7 young (7168K), 4 survivors (4096K)
 Metaspace       used 50083K, committed 50368K, reserved 1114112K
  class space    used 6199K, committed 6336K, reserved 1048576K
}
Event: 10.487 GC heap after
{Heap after GC invocations=13 (full 0):
 garbage-first heap   total 78848K, used 38596K [0x0000000082200000, 0x0000000100000000)
  region size 1024K, 1 young (1024K), 1 survivors (1024K)
 Metaspace       used 50083K, committed 50368K, reserved 1114112K
  class space    used 6199K, committed 6336K, reserved 1048576K
}
Event: 10.766 GC heap before
{Heap before GC invocations=14 (full 0):
 garbage-first heap   total 78848K, used 60100K [0x0000000082200000, 0x0000000100000000)
  region size 1024K, 22 young (22528K), 1 survivors (1024K)
 Metaspace       used 50364K, committed 50688K, reserved 1114112K
  class space    used 6202K, committed 6336K, reserved 1048576K
}
Event: 10.772 GC heap after
{Heap after GC invocations=15 (full 0):
 garbage-first heap   total 78848K, used 42333K [0x0000000082200000, 0x0000000100000000)
  region size 1024K, 3 young (3072K), 3 survivors (3072K)
 Metaspace       used 50364K, committed 50688K, reserved 1114112K
  class space    used 6202K, committed 6336K, reserved 1048576K
}
Event: 11.019 GC heap before
{Heap before GC invocations=15 (full 0):
 garbage-first heap   total 78848K, used 60765K [0x0000000082200000, 0x0000000100000000)
  region size 1024K, 21 young (21504K), 3 survivors (3072K)
 Metaspace       used 50695K, committed 51008K, reserved 1114112K
  class space    used 6233K, committed 6336K, reserved 1048576K
}
Event: 11.031 GC heap after
{Heap after GC invocations=16 (full 0):
 garbage-first heap   total 95232K, used 45932K [0x0000000082200000, 0x0000000100000000)
  region size 1024K, 3 young (3072K), 3 survivors (3072K)
 Metaspace       used 50695K, committed 51008K, reserved 1114112K
  class space    used 6233K, committed 6336K, reserved 1048576K
}
Event: 11.346 GC heap before
{Heap before GC invocations=17 (full 0):
 garbage-first heap   total 95232K, used 72556K [0x0000000082200000, 0x0000000100000000)
  region size 1024K, 29 young (29696K), 3 survivors (3072K)
 Metaspace       used 52489K, committed 52736K, reserved 1114112K
  class space    used 6424K, committed 6528K, reserved 1048576K
}
Event: 11.354 GC heap after
{Heap after GC invocations=18 (full 0):
 garbage-first heap   total 95232K, used 49445K [0x0000000082200000, 0x0000000100000000)
  region size 1024K, 3 young (3072K), 3 survivors (3072K)
 Metaspace       used 52489K, committed 52736K, reserved 1114112K
  class space    used 6424K, committed 6528K, reserved 1048576K
}
Event: 11.916 GC heap before
{Heap before GC invocations=18 (full 0):
 garbage-first heap   total 95232K, used 72997K [0x0000000082200000, 0x0000000100000000)
  region size 1024K, 26 young (26624K), 3 survivors (3072K)
 Metaspace       used 54765K, committed 55040K, reserved 1114112K
  class space    used 6608K, committed 6720K, reserved 1048576K
}
Event: 11.927 GC heap after
{Heap after GC invocations=19 (full 0):
 garbage-first heap   total 95232K, used 52053K [0x0000000082200000, 0x0000000100000000)
  region size 1024K, 4 young (4096K), 4 survivors (4096K)
 Metaspace       used 54765K, committed 55040K, reserved 1114112K
  class space    used 6608K, committed 6720K, reserved 1048576K
}
Event: 12.541 GC heap before
{Heap before GC invocations=20 (full 0):
 garbage-first heap   total 95232K, used 74581K [0x0000000082200000, 0x0000000100000000)
  region size 1024K, 26 young (26624K), 4 survivors (4096K)
 Metaspace       used 56279K, committed 56576K, reserved 1114112K
  class space    used 6669K, committed 6784K, reserved 1048576K
}
Event: 12.550 GC heap after
{Heap after GC invocations=21 (full 0):
 garbage-first heap   total 95232K, used 54254K [0x0000000082200000, 0x0000000100000000)
  region size 1024K, 3 young (3072K), 3 survivors (3072K)
 Metaspace       used 56279K, committed 56576K, reserved 1114112K
  class space    used 6669K, committed 6784K, reserved 1048576K
}
Event: 12.556 GC heap before
{Heap before GC invocations=21 (full 0):
 garbage-first heap   total 95232K, used 55278K [0x0000000082200000, 0x0000000100000000)
  region size 1024K, 4 young (4096K), 3 survivors (3072K)
 Metaspace       used 56280K, committed 56576K, reserved 1114112K
  class space    used 6669K, committed 6784K, reserved 1048576K
}
Event: 12.566 GC heap after
{Heap after GC invocations=22 (full 0):
 garbage-first heap   total 95232K, used 54252K [0x0000000082200000, 0x0000000100000000)
  region size 1024K, 1 young (1024K), 1 survivors (1024K)
 Metaspace       used 56280K, committed 56576K, reserved 1114112K
  class space    used 6669K, committed 6784K, reserved 1048576K
}
Event: 12.569 GC heap before
{Heap before GC invocations=22 (full 0):
 garbage-first heap   total 95232K, used 55276K [0x0000000082200000, 0x0000000100000000)
  region size 1024K, 3 young (3072K), 1 survivors (1024K)
 Metaspace       used 56284K, committed 56576K, reserved 1114112K
  class space    used 6669K, committed 6784K, reserved 1048576K
}
Event: 12.571 GC heap after
{Heap after GC invocations=23 (full 0):
 garbage-first heap   total 95232K, used 54323K [0x0000000082200000, 0x0000000100000000)
  region size 1024K, 1 young (1024K), 1 survivors (1024K)
 Metaspace       used 56284K, committed 56576K, reserved 1114112K
  class space    used 6669K, committed 6784K, reserved 1048576K
}
Event: 12.892 GC heap before
{Heap before GC invocations=24 (full 0):
 garbage-first heap   total 111616K, used 75827K [0x0000000082200000, 0x0000000100000000)
  region size 1024K, 21 young (21504K), 1 survivors (1024K)
 Metaspace       used 57447K, committed 57792K, reserved 1114112K
  class space    used 6777K, committed 6912K, reserved 1048576K
}
Event: 12.896 GC heap after
{Heap after GC invocations=25 (full 0):
 garbage-first heap   total 111616K, used 56207K [0x0000000082200000, 0x0000000100000000)
  region size 1024K, 3 young (3072K), 3 survivors (3072K)
 Metaspace       used 57447K, committed 57792K, reserved 1114112K
  class space    used 6777K, committed 6912K, reserved 1048576K
}
Event: 12.932 GC heap before
{Heap before GC invocations=25 (full 0):
 garbage-first heap   total 111616K, used 58255K [0x0000000082200000, 0x0000000100000000)
  region size 1024K, 5 young (5120K), 3 survivors (3072K)
 Metaspace       used 57608K, committed 57920K, reserved 1114112K
  class space    used 6787K, committed 6912K, reserved 1048576K
}

Deoptimization events (20 events):
Event: 12.881 Thread 0x000001dbafabcd60 DEOPT PACKING pc=0x000001dbbf1efd20 sp=0x000000b2da6fd380
Event: 12.881 Thread 0x000001dbafabcd60 DEOPT UNPACKING pc=0x000001dbbe8f23a3 sp=0x000000b2da6fd308 mode 2
Event: 12.883 Thread 0x000001dbafabcd60 Uncommon trap: trap_request=0xffffffde fr.pc=0x000001dbbf13ddd0 relative=0x0000000000000190
Event: 12.883 Thread 0x000001dbafabcd60 Uncommon trap: reason=class_check action=maybe_recompile pc=0x000001dbbf13ddd0 method=kotlin.collections.CollectionsKt__MutableCollectionsKt.addAll(Ljava/util/Collection;Ljava/lang/Iterable;)Z @ 49 c2
Event: 12.883 Thread 0x000001dbafabcd60 DEOPT PACKING pc=0x000001dbbf13ddd0 sp=0x000000b2da6fdba0
Event: 12.883 Thread 0x000001dbafabcd60 DEOPT UNPACKING pc=0x000001dbbe8f23a3 sp=0x000000b2da6fdb48 mode 2
Event: 12.884 Thread 0x000001dbafabcd60 Uncommon trap: trap_request=0xffffffde fr.pc=0x000001dbbf13ddd0 relative=0x0000000000000190
Event: 12.884 Thread 0x000001dbafabcd60 Uncommon trap: reason=class_check action=maybe_recompile pc=0x000001dbbf13ddd0 method=kotlin.collections.CollectionsKt__MutableCollectionsKt.addAll(Ljava/util/Collection;Ljava/lang/Iterable;)Z @ 49 c2
Event: 12.884 Thread 0x000001dbafabcd60 DEOPT PACKING pc=0x000001dbbf13ddd0 sp=0x000000b2da6fdba0
Event: 12.884 Thread 0x000001dbafabcd60 DEOPT UNPACKING pc=0x000001dbbe8f23a3 sp=0x000000b2da6fdb48 mode 2
Event: 12.887 Thread 0x000001dbafabcd60 Uncommon trap: trap_request=0xffffffc6 fr.pc=0x000001dbbf129f68 relative=0x0000000000001128
Event: 12.887 Thread 0x000001dbafabcd60 Uncommon trap: reason=bimorphic_or_optimized_type_check action=maybe_recompile pc=0x000001dbbf129f68 method=kotlin.collections.CollectionsKt___CollectionsKt.toList(Ljava/lang/Iterable;)Ljava/util/List; @ 71 c2
Event: 12.887 Thread 0x000001dbafabcd60 DEOPT PACKING pc=0x000001dbbf129f68 sp=0x000000b2da6fc9e0
Event: 12.887 Thread 0x000001dbafabcd60 DEOPT UNPACKING pc=0x000001dbbe8f23a3 sp=0x000000b2da6fc9b0 mode 2
Event: 12.887 Thread 0x000001dbafabcd60 Uncommon trap: trap_request=0xffffffc6 fr.pc=0x000001dbbf129f68 relative=0x0000000000001128
Event: 12.887 Thread 0x000001dbafabcd60 Uncommon trap: reason=bimorphic_or_optimized_type_check action=maybe_recompile pc=0x000001dbbf129f68 method=kotlin.collections.CollectionsKt___CollectionsKt.toList(Ljava/lang/Iterable;)Ljava/util/List; @ 71 c2
Event: 12.887 Thread 0x000001dbafabcd60 DEOPT PACKING pc=0x000001dbbf129f68 sp=0x000000b2da6fc950
Event: 12.887 Thread 0x000001dbafabcd60 DEOPT UNPACKING pc=0x000001dbbe8f23a3 sp=0x000000b2da6fc920 mode 2
Event: 12.887 Thread 0x000001dbafabcd60 DEOPT PACKING pc=0x000001dbb7a0e1c7 sp=0x000000b2da6fd650
Event: 12.887 Thread 0x000001dbafabcd60 DEOPT UNPACKING pc=0x000001dbbe8f2b43 sp=0x000000b2da6fcb18 mode 0

Classes unloaded (0 events):
No events

Classes redefined (0 events):
No events

Internal exceptions (20 events):
Event: 9.009 Thread 0x000001dbafabcd60 Exception <a 'java/lang/NoSuchMethodError'{0x0000000085c33078}: 'java.lang.Object java.lang.invoke.DirectMethodHandle$Holder.invokeSpecial(java.lang.Object, java.lang.Object, java.lang.Object, java.lang.Object, java.lang.Object, java.lang.Object, java.lang.Object, java.lang.Object, java.lang.Object)'> (0x0000000085c33078) 
thrown [s\open\src\hotspot\share\interpreter\linkResolver.cpp, line 759]
Event: 9.009 Thread 0x000001dbafabcd60 Exception <a 'java/lang/NoSuchMethodError'{0x0000000085c37fa8}: 'java.lang.Object java.lang.invoke.Invokers$Holder.linkToTargetMethod(java.lang.Object, java.lang.Object, java.lang.Object, java.lang.Object, java.lang.Object, java.lang.Object, java.lang.Object, java.lang.Object)'> (0x0000000085c37fa8) 
thrown [s\open\src\hotspot\share\interpreter\linkResolver.cpp, line 759]
Event: 9.121 Thread 0x000001dbafabcd60 Exception <a 'java/lang/NoSuchMethodError'{0x00000000859245e8}: 'java.lang.Object java.lang.invoke.DirectMethodHandle$Holder.newInvokeSpecial(java.lang.Object, java.lang.Object, java.lang.Object, java.lang.Object, java.lang.Object, java.lang.Object)'> (0x00000000859245e8) 
thrown [s\open\src\hotspot\share\interpreter\linkResolver.cpp, line 759]
Event: 9.614 Thread 0x000001dbafabcd60 Implicit null exception at 0x000001dbbef7e74c to 0x000001dbbef7e840
Event: 10.251 Thread 0x000001dbafabcd60 Implicit null exception at 0x000001dbbf0587c0 to 0x000001dbbf059398
Event: 10.251 Thread 0x000001dbafabcd60 Implicit null exception at 0x000001dbbf05688f to 0x000001dbbf0568cc
Event: 10.309 Thread 0x000001dbafabcd60 Exception <a 'java/lang/IncompatibleClassChangeError'{0x0000000085af4318}: Found class java.lang.Object, but interface was expected> (0x0000000085af4318) 
thrown [s\open\src\hotspot\share\interpreter\linkResolver.cpp, line 826]
Event: 10.378 Thread 0x000001dbafabcd60 Exception <a 'java/lang/NoSuchMethodError'{0x000000008574a9d8}: 'int java.lang.invoke.DirectMethodHandle$Holder.invokeInterface(java.lang.Object, java.lang.Object)'> (0x000000008574a9d8) 
thrown [s\open\src\hotspot\share\interpreter\linkResolver.cpp, line 759]
Event: 10.910 Thread 0x000001dbafabcd60 Exception <a 'java/lang/NoSuchMethodError'{0x00000000864d1a10}: 'java.lang.Object java.lang.invoke.DirectMethodHandle$Holder.newInvokeSpecial(java.lang.Object, int, java.lang.Object)'> (0x00000000864d1a10) 
thrown [s\open\src\hotspot\share\interpreter\linkResolver.cpp, line 759]
Event: 11.091 Thread 0x000001dbafabcd60 Implicit null exception at 0x000001dbbeedb220 to 0x000001dbbeedb3b0
Event: 11.091 Thread 0x000001dbafabcd60 Implicit null exception at 0x000001dbbee9ed60 to 0x000001dbbee9edfa
Event: 11.239 Thread 0x000001dbafabcd60 Implicit null exception at 0x000001dbbf1674e0 to 0x000001dbbf1684a8
Event: 11.328 Thread 0x000001dbafabcd60 Exception <a 'java/lang/NoSuchMethodError'{0x00000000867c3a30}: 'int java.lang.invoke.DirectMethodHandle$Holder.invokeStaticInit(java.lang.Object, int)'> (0x00000000867c3a30) 
thrown [s\open\src\hotspot\share\interpreter\linkResolver.cpp, line 759]
Event: 11.368 Thread 0x000001dbafabcd60 Implicit null exception at 0x000001dbbee5a255 to 0x000001dbbee5a868
Event: 11.380 Thread 0x000001dbafabcd60 Implicit null exception at 0x000001dbbee5aed2 to 0x000001dbbee5b4b8
Event: 11.448 Thread 0x000001dbafabcd60 Exception <a 'java/lang/NoSuchMethodError'{0x0000000087880630}: 'java.lang.Object java.lang.invoke.DirectMethodHandle$Holder.invokeInterface(java.lang.Object, java.lang.Object, java.lang.Object)'> (0x0000000087880630) 
thrown [s\open\src\hotspot\share\interpreter\linkResolver.cpp, line 759]
Event: 11.449 Thread 0x000001dbafabcd60 Exception <a 'java/lang/IncompatibleClassChangeError'{0x0000000087883fa0}: Found class java.lang.Object, but interface was expected> (0x0000000087883fa0) 
thrown [s\open\src\hotspot\share\interpreter\linkResolver.cpp, line 826]
Event: 11.454 Thread 0x000001dbafabcd60 Exception <a 'java/lang/NoSuchMethodError'{0x00000000878bbea8}: 'java.lang.Object java.lang.invoke.DirectMethodHandle$Holder.newInvokeSpecial(java.lang.Object, java.lang.Object, java.lang.Object, java.lang.Object, java.lang.Object, java.lang.Object, java.lang.Object)'> (0x00000000878bbea8) 
thrown [s\open\src\hotspot\share\interpreter\linkResolver.cpp, line 759]
Event: 11.454 Thread 0x000001dbafabcd60 Exception <a 'java/lang/NoSuchMethodError'{0x00000000878c0a60}: 'java.lang.Object java.lang.invoke.Invokers$Holder.linkToTargetMethod(java.lang.Object, java.lang.Object, java.lang.Object, java.lang.Object, java.lang.Object, java.lang.Object, java.lang.Object)'> (0x00000000878c0a60) 
thrown [s\open\src\hotspot\share\interpreter\linkResolver.cpp, line 759]
Event: 12.035 Thread 0x000001dbafabcd60 Exception <a 'java/lang/NoSuchMethodError'{0x0000000087b4a000}: 'void java.lang.invoke.DirectMethodHandle$Holder.invokeStatic(java.lang.Object, java.lang.Object, java.lang.Object)'> (0x0000000087b4a000) 
thrown [s\open\src\hotspot\share\interpreter\linkResolver.cpp, line 759]

VM Operations (20 events):
Event: 12.571 Executing VM operation: G1TryInitiateConcMark done
Event: 12.587 Executing VM operation: HandshakeAllThreads
Event: 12.587 Executing VM operation: HandshakeAllThreads done
Event: 12.589 Executing VM operation: HandshakeAllThreads
Event: 12.589 Executing VM operation: HandshakeAllThreads done
Event: 12.613 Executing VM operation: G1Concurrent
Event: 12.620 Executing VM operation: G1Concurrent done
Event: 12.637 Executing VM operation: G1Concurrent
Event: 12.637 Executing VM operation: G1Concurrent done
Event: 12.693 Executing VM operation: ICBufferFull
Event: 12.693 Executing VM operation: ICBufferFull done
Event: 12.798 Executing VM operation: ICBufferFull
Event: 12.799 Executing VM operation: ICBufferFull done
Event: 12.838 Executing VM operation: HandshakeAllThreads
Event: 12.838 Executing VM operation: HandshakeAllThreads done
Event: 12.878 Executing VM operation: HandshakeAllThreads
Event: 12.878 Executing VM operation: HandshakeAllThreads done
Event: 12.892 Executing VM operation: G1CollectForAllocation
Event: 12.897 Executing VM operation: G1CollectForAllocation done
Event: 12.932 Executing VM operation: G1CollectForAllocation

Events (20 events):
Event: 10.969 Thread 0x000001dbcd7a0b70 flushing nmethod 0x000001dbb8019b10
Event: 10.969 Thread 0x000001dbcd7a0b70 flushing nmethod 0x000001dbb8023a10
Event: 10.969 Thread 0x000001dbcd7a0b70 flushing nmethod 0x000001dbb8072810
Event: 10.969 Thread 0x000001dbcd7a0b70 flushing nmethod 0x000001dbb8113790
Event: 10.969 Thread 0x000001dbcd7a0b70 flushing nmethod 0x000001dbb8138590
Event: 10.969 Thread 0x000001dbcd7a0b70 flushing nmethod 0x000001dbb8142790
Event: 10.969 Thread 0x000001dbcd7a0b70 flushing nmethod 0x000001dbb8175490
Event: 10.969 Thread 0x000001dbcd7a0b70 flushing nmethod 0x000001dbb81b7990
Event: 10.969 Thread 0x000001dbcd7a0b70 flushing nmethod 0x000001dbb81d7b90
Event: 10.970 Thread 0x000001dbcd7a0b70 flushing nmethod 0x000001dbb8236910
Event: 10.970 Thread 0x000001dbcd7a0b70 flushing nmethod 0x000001dbb8270f10
Event: 10.970 Thread 0x000001dbcd7a0b70 flushing nmethod 0x000001dbb8271810
Event: 10.970 Thread 0x000001dbcd7a0b70 flushing nmethod 0x000001dbb829ac10
Event: 10.970 Thread 0x000001dbcd7a0b70 flushing nmethod 0x000001dbb829d990
Event: 10.970 Thread 0x000001dbcd7a0b70 flushing nmethod 0x000001dbb82a0a90
Event: 10.970 Thread 0x000001dbcd7a0b70 flushing nmethod 0x000001dbb82b9190
Event: 11.997 Thread 0x000001dbcd7a0b70 flushing nmethod 0x000001dbbf119a10
Event: 12.001 Thread 0x000001dbcd7a0b70 flushing nmethod 0x000001dbb79a5910
Event: 12.654 loading class java/util/concurrent/locks/AbstractQueuedSynchronizer$Node
Event: 12.654 loading class java/util/concurrent/locks/AbstractQueuedSynchronizer$Node done


Dynamic libraries:
0x00007ff7452d0000 - 0x00007ff7452e0000 	C:\Program Files\Java\jdk-17\bin\java.exe
0x00007ffb17d30000 - 0x00007ffb17f28000 	C:\Windows\SYSTEM32\ntdll.dll
0x00007ffb16350000 - 0x00007ffb16412000 	C:\Windows\System32\KERNEL32.DLL
0x00007ffb15790000 - 0x00007ffb15a8e000 	C:\Windows\System32\KERNELBASE.dll
0x00007ffb15b00000 - 0x00007ffb15c00000 	C:\Windows\System32\ucrtbase.dll
0x00007ffb13290000 - 0x00007ffb132a9000 	C:\Program Files\Java\jdk-17\bin\jli.dll
0x00007ffb16270000 - 0x00007ffb16321000 	C:\Windows\System32\ADVAPI32.dll
0x00007ffb16130000 - 0x00007ffb161ce000 	C:\Windows\System32\msvcrt.dll
0x00007ffb161d0000 - 0x00007ffb1626f000 	C:\Windows\System32\sechost.dll
0x00007ffb15d50000 - 0x00007ffb15e73000 	C:\Windows\System32\RPCRT4.dll
0x00007ffb15610000 - 0x00007ffb15637000 	C:\Windows\System32\bcrypt.dll
0x00007ffb177d0000 - 0x00007ffb1796d000 	C:\Windows\System32\USER32.dll
0x00007ffb15c00000 - 0x00007ffb15c22000 	C:\Windows\System32\win32u.dll
0x00007ffb17a20000 - 0x00007ffb17a4b000 	C:\Windows\System32\GDI32.dll
0x00007ffb15c30000 - 0x00007ffb15d47000 	C:\Windows\System32\gdi32full.dll
0x00007ffb156f0000 - 0x00007ffb1578d000 	C:\Windows\System32\msvcp_win.dll
0x00007ffb13270000 - 0x00007ffb1328b000 	C:\Program Files\Java\jdk-17\bin\VCRUNTIME140.dll
0x00007ffb14730000 - 0x00007ffb149ca000 	C:\Windows\WinSxS\amd64_microsoft.windows.common-controls_6595b64144ccf1df_6.0.19041.4355_none_60b8b9eb71f62e16\COMCTL32.dll
0x00007ffb0f940000 - 0x00007ffb0f94a000 	C:\Windows\SYSTEM32\VERSION.dll
0x00007ffb16030000 - 0x00007ffb1605f000 	C:\Windows\System32\IMM32.DLL
0x00007ffb13260000 - 0x00007ffb1326c000 	C:\Program Files\Java\jdk-17\bin\vcruntime140_1.dll
0x00007ffac3490000 - 0x00007ffac351e000 	C:\Program Files\Java\jdk-17\bin\msvcp140.dll
0x00007ffa68760000 - 0x00007ffa6933f000 	C:\Program Files\Java\jdk-17\bin\server\jvm.dll
0x00007ffb17390000 - 0x00007ffb17398000 	C:\Windows\System32\PSAPI.DLL
0x00007ffb01be0000 - 0x00007ffb01be9000 	C:\Windows\SYSTEM32\WSOCK32.dll
0x00007ffb16430000 - 0x00007ffb1649b000 	C:\Windows\System32\WS2_32.dll
0x00007ffaff660000 - 0x00007ffaff687000 	C:\Windows\SYSTEM32\WINMM.dll
0x00007ffb12440000 - 0x00007ffb12452000 	C:\Windows\SYSTEM32\kernel.appcore.dll
0x00007ffb13250000 - 0x00007ffb1325a000 	C:\Program Files\Java\jdk-17\bin\jimage.dll
0x00007ffb14b20000 - 0x00007ffb14d04000 	C:\Windows\SYSTEM32\DBGHELP.DLL
0x00007ffb14ac0000 - 0x00007ffb14af4000 	C:\Windows\SYSTEM32\dbgcore.DLL
0x00007ffb15580000 - 0x00007ffb15602000 	C:\Windows\System32\bcryptPrimitives.dll
0x00007ffb13080000 - 0x00007ffb130a5000 	C:\Program Files\Java\jdk-17\bin\java.dll
0x00007ffabe4f0000 - 0x00007ffabe5c7000 	C:\Program Files\Java\jdk-17\bin\jsvml.dll
0x00007ffb16a30000 - 0x00007ffb1719d000 	C:\Windows\System32\SHELL32.dll
0x00007ffb12720000 - 0x00007ffb12ec4000 	C:\Windows\SYSTEM32\windows.storage.dll
0x00007ffb17470000 - 0x00007ffb177c3000 	C:\Windows\System32\combase.dll
0x00007ffb14690000 - 0x00007ffb146be000 	C:\Windows\SYSTEM32\Wldp.dll
0x00007ffb173a0000 - 0x00007ffb1746d000 	C:\Windows\System32\OLEAUT32.dll
0x00007ffb17970000 - 0x00007ffb17a1d000 	C:\Windows\System32\SHCORE.dll
0x00007ffb17a50000 - 0x00007ffb17aa5000 	C:\Windows\System32\shlwapi.dll
0x00007ffb15300000 - 0x00007ffb15324000 	C:\Windows\SYSTEM32\profapi.dll
0x00007ffb13060000 - 0x00007ffb13079000 	C:\Program Files\Java\jdk-17\bin\net.dll
0x00007ffb0e070000 - 0x00007ffb0e17d000 	C:\Windows\SYSTEM32\WINHTTP.dll
0x00007ffb14560000 - 0x00007ffb145ca000 	C:\Windows\system32\mswsock.dll
0x00007ffaf1c10000 - 0x00007ffaf1c26000 	C:\Program Files\Java\jdk-17\bin\nio.dll
0x00007ffaefff0000 - 0x00007ffaf0008000 	C:\Program Files\Java\jdk-17\bin\zip.dll
0x00007ffb13050000 - 0x00007ffb13060000 	C:\Program Files\Java\jdk-17\bin\verify.dll

dbghelp: loaded successfully - version: 4.0.5 - missing functions: none
symbol engine: initialized successfully - sym options: 0x614 - pdb path: .;C:\Program Files\Java\jdk-17\bin;C:\Windows\SYSTEM32;C:\Windows\WinSxS\amd64_microsoft.windows.common-controls_6595b64144ccf1df_6.0.19041.4355_none_60b8b9eb71f62e16;C:\Program Files\Java\jdk-17\bin\server

VM Arguments:
java_command: org.jetbrains.kotlin.cli.jvm.K2JVMCompiler @E:\All React Project\React Native\All Parking\Parking_Fixed\node_modules\react-native-safe-area-context\android\build\20241223_2516844909789009510.compiler.options
java_class_path (initial): C:\Users\Admin\.gradle\caches\modules-2\files-2.1\org.jetbrains.kotlin\kotlin-compiler-embeddable\1.6.20\18f66cca4301c12893ebe4ef47d65c3d9d2bff9b\kotlin-compiler-embeddable-1.6.20.jar;C:\Users\Admin\.gradle\caches\modules-2\files-2.1\org.jetbrains.kotlin\kotlin-reflect\1.6.20\669965154723f1a712e8677af0cc5470dfdab81c\kotlin-reflect-1.6.20.jar;C:\Users\Admin\.gradle\caches\modules-2\files-2.1\org.jetbrains.kotlin\kotlin-stdlib\1.6.20\6cedc143badbb4f1c6b7f5a340b04edff1743208\kotlin-stdlib-1.6.20.jar;C:\Users\Admin\.gradle\caches\modules-2\files-2.1\org.jetbrains.kotlin\kotlin-script-runtime\1.6.20\a115c367e0fd9c8909293b208689afca0c88a6f1\kotlin-script-runtime-1.6.20.jar;C:\Users\Admin\.gradle\caches\modules-2\files-2.1\org.jetbrains.kotlin\kotlin-daemon-embeddable\1.6.20\d4cac343029f48f106c57f457384771165d7deb5\kotlin-daemon-embeddable-1.6.20.jar;C:\Users\Admin\.gradle\caches\modules-2\files-2.1\org.jetbrains.intellij.deps\trove4j\1.0.20200330\3afb14d5f9ceb459d724e907a21145e8ff394f02\trove4j-1.0.20200330.jar;C:\Users\Admin\.gradle\caches\modules-2\files-2.1\net.java.dev.jna\jna\5.6.0\330f2244e9030119ab3030fc3fededc86713d9cc\jna-5.6.0.jar;C:\Users\Admin\.gradle\caches\modules-2\files-2.1\org.jetbrains.kotlin\kotlin-stdlib-common\1.6.20\27b4562b6713d70f458c6d7ea39aadacb8e6a92b\kotlin-stdlib-common-1.6.20.jar;C:\Users\Admin\.gradle\caches\modules-2\files-2.1\org.jetbrains\annotations\13.0\919f0dfe192fb4e063e7dacadee7f8bb9a2672a9\annotations-13.0.jar
Launcher Type: SUN_STANDARD

[Global flags]
     intx CICompilerCount                          = 3                                         {product} {ergonomic}
     uint ConcGCThreads                            = 2                                         {product} {ergonomic}
     uint G1ConcRefinementThreads                  = 6                                         {product} {ergonomic}
   size_t G1HeapRegionSize                         = 1048576                                   {product} {ergonomic}
    uintx GCDrainStackTargetSize                   = 64                                        {product} {ergonomic}
   size_t InitialHeapSize                          = 132120576                                 {product} {ergonomic}
   size_t MarkStackSize                            = 4194304                                   {product} {ergonomic}
   size_t MaxHeapSize                              = 2111832064                                {product} {ergonomic}
   size_t MaxNewSize                               = 1266679808                                {product} {ergonomic}
   size_t MinHeapDeltaBytes                        = 1048576                                   {product} {ergonomic}
   size_t MinHeapSize                              = 8388608                                   {product} {ergonomic}
    uintx NonNMethodCodeHeapSize                   = 5832780                                {pd product} {ergonomic}
    uintx NonProfiledCodeHeapSize                  = 122912730                              {pd product} {ergonomic}
    uintx ProfiledCodeHeapSize                     = 122912730                              {pd product} {ergonomic}
    uintx ReservedCodeCacheSize                    = 251658240                              {pd product} {ergonomic}
     bool SegmentedCodeCache                       = true                                      {product} {ergonomic}
   size_t SoftMaxHeapSize                          = 2111832064                             {manageable} {ergonomic}
     bool UseCompressedClassPointers               = true                           {product lp64_product} {ergonomic}
     bool UseCompressedOops                        = true                           {product lp64_product} {ergonomic}
     bool UseG1GC                                  = true                                      {product} {ergonomic}
     bool UseLargePagesIndividualAllocation        = false                                  {pd product} {ergonomic}

Logging:
Log output configuration:
 #0: stdout all=warning uptime,level,tags
 #1: stderr all=off uptime,level,tags

Environment Variables:
JAVA_HOME=C:\Program Files\Java\jdk-17
CLASSPATH=E:\All React Project\React Native\All Parking\Parking_Fixed\android\\gradle\wrapper\gradle-wrapper.jar
PATH=E:\All React Project\React Native\All Parking\Parking_Fixed\node_modules\.bin;E:\All React Project\React Native\All Parking\node_modules\.bin;E:\All React Project\React Native\node_modules\.bin;E:\All React Project\node_modules\.bin;E:\node_modules\.bin;C:\Users\Admin\AppData\Roaming\nvm\v16.13.0\node_modules\npm\node_modules\@npmcli\run-script\lib\node-gyp-bin;E:\All React Project\React Native\All Parking\Parking_Fixed\node_modules\.bin;E:\All React Project\React Native\All Parking\node_modules\.bin;E:\All React Project\React Native\node_modules\.bin;E:\All React Project\node_modules\.bin;E:\node_modules\.bin;C:\Users\Admin\AppData\Roaming\nvm\v16.13.0\node_modules\npm\node_modules\@npmcli\run-script\lib\node-gyp-bin;C:\Program Files\Common Files\Oracle\Java\javapath;C:\Python312\Scripts\;C:\Python312\;C:\Windows\system32;C:\Windows;C:\Windows\System32\Wbem;C:\Windows\System32\WindowsPowerShell\v1.0\;C:\Windows\System32\OpenSSH\;C:\ProgramData\chocolatey\bin;C:\Program Files\Git\cmd;C:\Program Files\Java\jdk-17\bin;C:\Users\Admin\AppData\Local\Android\Sdk\platform-tools;C:\Users\Admin\AppData\Local\Android\Sdk\build-tools\34.0.0;C:\Program Files\Amazon\AWSCLIV2\;C:\Users\Admin\AppData\Roaming\nvm;C:\Program Files\nodejs;F:\xampp\php;C:\composer;C:\Users\Admin\AppData\Local\Microsoft\WindowsApps;C:\Users\Admin\AppData\Local\Programs\Microsoft VS Code\bin;C:\Users\Admin\AppData\Roaming\npm;C:\Program Files\Java\jdk-17\bin;C:\Users\Admin\AppData\Local\Android\Sdk\platform-tools;C:\Users\Admin\AppData\Local\Android\Sdk\build-tools\34.0.0;C:\Users\Admin\AppData\Roaming\nvm;C:\Program Files\nodejs;C:\Users\Admin\composer;C:\Users\Admin\AppData\Roaming\Composer\vendor\bin
USERNAME=Admin
LANG=en_US.UTF-8
OS=Windows_NT
PROCESSOR_IDENTIFIER=Intel64 Family 6 Model 158 Stepping 10, GenuineIntel



---------------  S Y S T E M  ---------------

OS:
 Windows 10 , 64 bit Build 19041 (10.0.19041.5198)
OS uptime: 0 days 4:54 hours

CPU: total 6 (initial active 6) (6 cores per cpu, 1 threads per core) family 6 model 158 stepping 10 microcode 0xb4, cx8, cmov, fxsr, mmx, 3dnowpref, sse, sse2, sse3, ssse3, sse4.1, sse4.2, popcnt, lzcnt, tsc, tscinvbit, avx, avx2, aes, erms, clmul, bmi1, bmi2, adx, fma, vzeroupper, clflush, clflushopt

Memory: 4k page, system-wide physical 8054M (354M free)
TotalPageFile size 20342M (AvailPageFile size 12M)
current process WorkingSet (physical memory assigned to process): 292M, peak: 292M
current process commit charge ("private bytes"): 349M, peak: 482M

vm_info: Java HotSpot(TM) 64-Bit Server VM (17.0.10+11-LTS-240) for windows-amd64 JRE (17.0.10+11-LTS-240), built on Dec 19 2023 21:47:25 by "mach5one" with MS VC++ 17.1 (VS2022)

END.
