#
# There is insufficient memory for the Java Runtime Environment to continue.
# Native memory allocation (malloc) failed to allocate 131344 bytes for Chunk::new
# Possible reasons:
#   The system is out of physical RAM or swap space
#   The process is running with CompressedOops enabled, and the Java Heap may be blocking the growth of the native heap
# Possible solutions:
#   Reduce memory load on the system
#   Increase physical memory or swap space
#   Check if swap backing store is full
#   Decrease Java heap size (-Xmx/-Xms)
#   Decrease number of Java threads
#   Decrease Java thread stack sizes (-Xss)
#   Set larger code cache with -XX:ReservedCodeCacheSize=
#   JVM is running with Unscaled Compressed Oops mode in which the Java heap is
#     placed in the first 4GB address space. The Java Heap base address is the
#     maximum limit for the native heap growth. Please use -XX:HeapBaseMinAddress
#     to set the Java Heap base and to place the Java Heap above 4GB virtual address.
# This output file may be truncated or incomplete.
#
#  Out of Memory Error (arena.cpp:189), pid=224, tid=11892
#
# JRE version: Java(TM) SE Runtime Environment (17.0.10+11) (build 17.0.10+11-LTS-240)
# Java VM: Java HotSpot(TM) 64-Bit Server VM (17.0.10+11-LTS-240, mixed mode, sharing, tiered, compressed oops, compressed class ptrs, g1 gc, windows-amd64)
# No core dump will be written. Minidumps are not enabled by default on client versions of Windows
#

---------------  S U M M A R Y ------------

Command Line: -Xmx64m -Xms64m -Dorg.gradle.appname=gradlew org.gradle.wrapper.GradleWrapperMain app:installDebug -PreactNativeDevServerPort=8081

Host: Intel(R) Core(TM) i5-8400 CPU @ 2.80GHz, 6 cores, 7G,  Windows 10 , 64 bit Build 19041 (10.0.19041.3636)
Time: Thu May 30 16:13:31 2024 India Standard Time elapsed time: 0.995157 seconds (0d 0h 0m 0s)

---------------  T H R E A D  ---------------

Current thread (0x00000142cbe13920):  JavaThread "C2 CompilerThread0" daemon [_thread_in_native, id=11892, stack(0x0000002796500000,0x0000002796600000)]


Current CompileTask:
C2:    995  745   !   4       java.util.zip.ZipFile::getEntry (59 bytes)

Stack: [0x0000002796500000,0x0000002796600000]
Native frames: (J=compiled Java code, j=interpreted, Vv=VM code, C=native code)
V  [jvm.dll+0x677a5a]
V  [jvm.dll+0x7d8b2d]
V  [jvm.dll+0x7da48e]
V  [jvm.dll+0x7daaf3]
V  [jvm.dll+0x2455ff]
V  [jvm.dll+0xaaafb]
V  [jvm.dll+0xab09c]
V  [jvm.dll+0x11d5c4]
V  [jvm.dll+0x60b6f3]
V  [jvm.dll+0x609db4]
V  [jvm.dll+0x2177ce]
V  [jvm.dll+0x216d81]
V  [jvm.dll+0x1a3410]
V  [jvm.dll+0x226aeb]
V  [jvm.dll+0x224cab]
V  [jvm.dll+0x78e45c]
V  [jvm.dll+0x78888a]
V  [jvm.dll+0x676935]
C  [ucrtbase.dll+0x21bb2]
C  [KERNEL32.DLL+0x17344]
C  [ntdll.dll+0x526b1]


---------------  P R O C E S S  ---------------

Threads class SMR info:
_java_thread_list=0x00000143111e7750, length=13, elements={
0x00000142b2ac72c0, 0x00000142b2b69dc0, 0x00000142b2b6ac40, 0x00000142b2b7bca0,
0x00000142b2b7d770, 0x00000142b2b7ea10, 0x00000142cbe06460, 0x00000142cbe13920,
0x00000142cbe163f0, 0x00000142cbe291d0, 0x00000143110995b0, 0x000001431109b920,
0x00000143111f59e0
}

Java Threads: ( => current thread )
  0x00000142b2ac72c0 JavaThread "main" [_thread_in_vm, id=11144, stack(0x0000002795800000,0x0000002795900000)]
  0x00000142b2b69dc0 JavaThread "Reference Handler" daemon [_thread_blocked, id=10456, stack(0x0000002795f00000,0x0000002796000000)]
  0x00000142b2b6ac40 JavaThread "Finalizer" daemon [_thread_blocked, id=14004, stack(0x0000002796000000,0x0000002796100000)]
  0x00000142b2b7bca0 JavaThread "Signal Dispatcher" daemon [_thread_blocked, id=9136, stack(0x0000002796100000,0x0000002796200000)]
  0x00000142b2b7d770 JavaThread "Attach Listener" daemon [_thread_blocked, id=7148, stack(0x0000002796200000,0x0000002796300000)]
  0x00000142b2b7ea10 JavaThread "Service Thread" daemon [_thread_blocked, id=15872, stack(0x0000002796300000,0x0000002796400000)]
  0x00000142cbe06460 JavaThread "Monitor Deflation Thread" daemon [_thread_blocked, id=19572, stack(0x0000002796400000,0x0000002796500000)]
=>0x00000142cbe13920 JavaThread "C2 CompilerThread0" daemon [_thread_in_native, id=11892, stack(0x0000002796500000,0x0000002796600000)]
  0x00000142cbe163f0 JavaThread "C1 CompilerThread0" daemon [_thread_in_native, id=21792, stack(0x0000002796600000,0x0000002796700000)]
  0x00000142cbe291d0 JavaThread "Sweeper thread" daemon [_thread_blocked, id=5076, stack(0x0000002796700000,0x0000002796800000)]
  0x00000143110995b0 JavaThread "Notification Thread" daemon [_thread_blocked, id=9716, stack(0x0000002796800000,0x0000002796900000)]
  0x000001431109b920 JavaThread "Common-Cleaner" daemon [_thread_blocked, id=9788, stack(0x0000002796a00000,0x0000002796b00000)]
  0x00000143111f59e0 JavaThread "C2 CompilerThread1" daemon [_thread_in_native, id=1716, stack(0x0000002796b00000,0x0000002796c00000)]

Other Threads:
  0x00000142b2b65530 VMThread "VM Thread" [stack: 0x0000002795e00000,0x0000002795f00000] [id=4360]
  0x00000142cbedecd0 WatcherThread [stack: 0x0000002796900000,0x0000002796a00000] [id=16136]
  0x00000142b2ae5d80 GCTaskThread "GC Thread#0" [stack: 0x0000002795900000,0x0000002795a00000] [id=18860]
  0x0000014311c20040 GCTaskThread "GC Thread#1" [stack: 0x0000002796c00000,0x0000002796d00000] [id=8116]
  0x0000014311996ad0 GCTaskThread "GC Thread#2" [stack: 0x0000002796d00000,0x0000002796e00000] [id=17824]
  0x0000014311996d90 GCTaskThread "GC Thread#3" [stack: 0x0000002796e00000,0x0000002796f00000] [id=21808]
  0x00000143117b5340 GCTaskThread "GC Thread#4" [stack: 0x0000002796f00000,0x0000002797000000] [id=18020]
  0x00000142b2ae74d0 ConcurrentGCThread "G1 Main Marker" [stack: 0x0000002795a00000,0x0000002795b00000] [id=2720]
  0x00000142b2ae8af0 ConcurrentGCThread "G1 Conc#0" [stack: 0x0000002795b00000,0x0000002795c00000] [id=13248]
  0x00000142b2b41c10 ConcurrentGCThread "G1 Refine#0" [stack: 0x0000002795c00000,0x0000002795d00000] [id=22744]
  0x00000142b2b44650 ConcurrentGCThread "G1 Service" [stack: 0x0000002795d00000,0x0000002795e00000] [id=4992]

Threads with active compile tasks:
C2 CompilerThread0     1109  745   !   4       java.util.zip.ZipFile::getEntry (59 bytes)
C1 CompilerThread0     1110  774       3       java.util.regex.Pattern::sequence (647 bytes)
C2 CompilerThread1     1110  795       4       java.io.WinNTFileSystem::normalize (143 bytes)

VM state: not at safepoint (normal execution)

VM Mutex/Monitor currently owned by a thread: None

Heap address: 0x00000000fc000000, size: 64 MB, Compressed Oops mode: 32-bit

CDS archive(s) mapped at: [0x00000142cc000000-0x00000142ccbd0000-0x00000142ccbd0000), size 12386304, SharedBaseAddress: 0x00000142cc000000, ArchiveRelocationMode: 1.
Compressed class space mapped at: 0x00000142cd000000-0x000001430d000000, reserved size: 1073741824
Narrow klass base: 0x00000142cc000000, Narrow klass shift: 0, Narrow klass range: 0x100000000

GC Precious Log:
 CPUs: 6 total, 6 available
 Memory: 8054M
 Large Page Support: Disabled
 NUMA Support: Disabled
 Compressed Oops: Enabled (32-bit)
 Heap Region Size: 1M
 Heap Min Capacity: 64M
 Heap Initial Capacity: 64M
 Heap Max Capacity: 64M
 Pre-touch: Disabled
 Parallel Workers: 6
 Concurrent Workers: 2
 Concurrent Refinement Workers: 6
 Periodic GC: Disabled

Heap:
 garbage-first heap   total 65536K, used 11096K [0x00000000fc000000, 0x0000000100000000)
  region size 1024K, 5 young (5120K), 3 survivors (3072K)
 Metaspace       used 3701K, committed 3840K, reserved 1114112K
  class space    used 472K, committed 512K, reserved 1048576K

Heap Regions: E=young(eden), S=young(survivor), O=old, HS=humongous(starts), HC=humongous(continues), CS=collection set, F=free, OA=open archive, CA=closed archive, TAMS=top-at-mark-start (previous, next)
|   0|0x00000000fc000000, 0x00000000fc100000, 0x00000000fc100000|100%|HS|  |TAMS 0x00000000fc000000, 0x00000000fc000000| Complete 
|   1|0x00000000fc100000, 0x00000000fc200000, 0x00000000fc200000|100%|HC|  |TAMS 0x00000000fc100000, 0x00000000fc100000| Complete 
|   2|0x00000000fc200000, 0x00000000fc300000, 0x00000000fc300000|100%|HC|  |TAMS 0x00000000fc200000, 0x00000000fc200000| Complete 
|   3|0x00000000fc300000, 0x00000000fc400000, 0x00000000fc400000|100%|HC|  |TAMS 0x00000000fc300000, 0x00000000fc300000| Complete 
|   4|0x00000000fc400000, 0x00000000fc500000, 0x00000000fc500000|100%| O|  |TAMS 0x00000000fc400000, 0x00000000fc400000| Untracked 
|   5|0x00000000fc500000, 0x00000000fc600000, 0x00000000fc600000|100%| O|  |TAMS 0x00000000fc500000, 0x00000000fc500000| Untracked 
|   6|0x00000000fc600000, 0x00000000fc6d6200, 0x00000000fc700000| 83%| O|  |TAMS 0x00000000fc600000, 0x00000000fc600000| Untracked 
|   7|0x00000000fc700000, 0x00000000fc700000, 0x00000000fc800000|  0%| F|  |TAMS 0x00000000fc700000, 0x00000000fc700000| Untracked 
|   8|0x00000000fc800000, 0x00000000fc800000, 0x00000000fc900000|  0%| F|  |TAMS 0x00000000fc800000, 0x00000000fc800000| Untracked 
|   9|0x00000000fc900000, 0x00000000fc900000, 0x00000000fca00000|  0%| F|  |TAMS 0x00000000fc900000, 0x00000000fc900000| Untracked 
|  10|0x00000000fca00000, 0x00000000fca00000, 0x00000000fcb00000|  0%| F|  |TAMS 0x00000000fca00000, 0x00000000fca00000| Untracked 
|  11|0x00000000fcb00000, 0x00000000fcb00000, 0x00000000fcc00000|  0%| F|  |TAMS 0x00000000fcb00000, 0x00000000fcb00000| Untracked 
|  12|0x00000000fcc00000, 0x00000000fcc00000, 0x00000000fcd00000|  0%| F|  |TAMS 0x00000000fcc00000, 0x00000000fcc00000| Untracked 
|  13|0x00000000fcd00000, 0x00000000fcd00000, 0x00000000fce00000|  0%| F|  |TAMS 0x00000000fcd00000, 0x00000000fcd00000| Untracked 
|  14|0x00000000fce00000, 0x00000000fce00000, 0x00000000fcf00000|  0%| F|  |TAMS 0x00000000fce00000, 0x00000000fce00000| Untracked 
|  15|0x00000000fcf00000, 0x00000000fcf00000, 0x00000000fd000000|  0%| F|  |TAMS 0x00000000fcf00000, 0x00000000fcf00000| Untracked 
|  16|0x00000000fd000000, 0x00000000fd000000, 0x00000000fd100000|  0%| F|  |TAMS 0x00000000fd000000, 0x00000000fd000000| Untracked 
|  17|0x00000000fd100000, 0x00000000fd100000, 0x00000000fd200000|  0%| F|  |TAMS 0x00000000fd100000, 0x00000000fd100000| Untracked 
|  18|0x00000000fd200000, 0x00000000fd200000, 0x00000000fd300000|  0%| F|  |TAMS 0x00000000fd200000, 0x00000000fd200000| Untracked 
|  19|0x00000000fd300000, 0x00000000fd300000, 0x00000000fd400000|  0%| F|  |TAMS 0x00000000fd300000, 0x00000000fd300000| Untracked 
|  20|0x00000000fd400000, 0x00000000fd400000, 0x00000000fd500000|  0%| F|  |TAMS 0x00000000fd400000, 0x00000000fd400000| Untracked 
|  21|0x00000000fd500000, 0x00000000fd500000, 0x00000000fd600000|  0%| F|  |TAMS 0x00000000fd500000, 0x00000000fd500000| Untracked 
|  22|0x00000000fd600000, 0x00000000fd600000, 0x00000000fd700000|  0%| F|  |TAMS 0x00000000fd600000, 0x00000000fd600000| Untracked 
|  23|0x00000000fd700000, 0x00000000fd700000, 0x00000000fd800000|  0%| F|  |TAMS 0x00000000fd700000, 0x00000000fd700000| Untracked 
|  24|0x00000000fd800000, 0x00000000fd800000, 0x00000000fd900000|  0%| F|  |TAMS 0x00000000fd800000, 0x00000000fd800000| Untracked 
|  25|0x00000000fd900000, 0x00000000fd900000, 0x00000000fda00000|  0%| F|  |TAMS 0x00000000fd900000, 0x00000000fd900000| Untracked 
|  26|0x00000000fda00000, 0x00000000fda00000, 0x00000000fdb00000|  0%| F|  |TAMS 0x00000000fda00000, 0x00000000fda00000| Untracked 
|  27|0x00000000fdb00000, 0x00000000fdb00000, 0x00000000fdc00000|  0%| F|  |TAMS 0x00000000fdb00000, 0x00000000fdb00000| Untracked 
|  28|0x00000000fdc00000, 0x00000000fdc00000, 0x00000000fdd00000|  0%| F|  |TAMS 0x00000000fdc00000, 0x00000000fdc00000| Untracked 
|  29|0x00000000fdd00000, 0x00000000fdd00000, 0x00000000fde00000|  0%| F|  |TAMS 0x00000000fdd00000, 0x00000000fdd00000| Untracked 
|  30|0x00000000fde00000, 0x00000000fde00000, 0x00000000fdf00000|  0%| F|  |TAMS 0x00000000fde00000, 0x00000000fde00000| Untracked 
|  31|0x00000000fdf00000, 0x00000000fdf00000, 0x00000000fe000000|  0%| F|  |TAMS 0x00000000fdf00000, 0x00000000fdf00000| Untracked 
|  32|0x00000000fe000000, 0x00000000fe000000, 0x00000000fe100000|  0%| F|  |TAMS 0x00000000fe000000, 0x00000000fe000000| Untracked 
|  33|0x00000000fe100000, 0x00000000fe100000, 0x00000000fe200000|  0%| F|  |TAMS 0x00000000fe100000, 0x00000000fe100000| Untracked 
|  34|0x00000000fe200000, 0x00000000fe200000, 0x00000000fe300000|  0%| F|  |TAMS 0x00000000fe200000, 0x00000000fe200000| Untracked 
|  35|0x00000000fe300000, 0x00000000fe300000, 0x00000000fe400000|  0%| F|  |TAMS 0x00000000fe300000, 0x00000000fe300000| Untracked 
|  36|0x00000000fe400000, 0x00000000fe400000, 0x00000000fe500000|  0%| F|  |TAMS 0x00000000fe400000, 0x00000000fe400000| Untracked 
|  37|0x00000000fe500000, 0x00000000fe500000, 0x00000000fe600000|  0%| F|  |TAMS 0x00000000fe500000, 0x00000000fe500000| Untracked 
|  38|0x00000000fe600000, 0x00000000fe600000, 0x00000000fe700000|  0%| F|  |TAMS 0x00000000fe600000, 0x00000000fe600000| Untracked 
|  39|0x00000000fe700000, 0x00000000fe700000, 0x00000000fe800000|  0%| F|  |TAMS 0x00000000fe700000, 0x00000000fe700000| Untracked 
|  40|0x00000000fe800000, 0x00000000fe900000, 0x00000000fe900000|100%| S|CS|TAMS 0x00000000fe800000, 0x00000000fe800000| Complete 
|  41|0x00000000fe900000, 0x00000000fea00000, 0x00000000fea00000|100%| S|CS|TAMS 0x00000000fe900000, 0x00000000fe900000| Complete 
|  42|0x00000000fea00000, 0x00000000feb00000, 0x00000000feb00000|100%| S|CS|TAMS 0x00000000fea00000, 0x00000000fea00000| Complete 
|  43|0x00000000feb00000, 0x00000000feb00000, 0x00000000fec00000|  0%| F|  |TAMS 0x00000000feb00000, 0x00000000feb00000| Untracked 
|  44|0x00000000fec00000, 0x00000000fec00000, 0x00000000fed00000|  0%| F|  |TAMS 0x00000000fec00000, 0x00000000fec00000| Untracked 
|  45|0x00000000fed00000, 0x00000000fed00000, 0x00000000fee00000|  0%| F|  |TAMS 0x00000000fed00000, 0x00000000fed00000| Untracked 
|  46|0x00000000fee00000, 0x00000000fee00000, 0x00000000fef00000|  0%| F|  |TAMS 0x00000000fee00000, 0x00000000fee00000| Untracked 
|  47|0x00000000fef00000, 0x00000000fef00000, 0x00000000ff000000|  0%| F|  |TAMS 0x00000000fef00000, 0x00000000fef00000| Untracked 
|  48|0x00000000ff000000, 0x00000000ff000000, 0x00000000ff100000|  0%| F|  |TAMS 0x00000000ff000000, 0x00000000ff000000| Untracked 
|  49|0x00000000ff100000, 0x00000000ff100000, 0x00000000ff200000|  0%| F|  |TAMS 0x00000000ff100000, 0x00000000ff100000| Untracked 
|  50|0x00000000ff200000, 0x00000000ff200000, 0x00000000ff300000|  0%| F|  |TAMS 0x00000000ff200000, 0x00000000ff200000| Untracked 
|  51|0x00000000ff300000, 0x00000000ff300000, 0x00000000ff400000|  0%| F|  |TAMS 0x00000000ff300000, 0x00000000ff300000| Untracked 
|  52|0x00000000ff400000, 0x00000000ff400000, 0x00000000ff500000|  0%| F|  |TAMS 0x00000000ff400000, 0x00000000ff400000| Untracked 
|  53|0x00000000ff500000, 0x00000000ff500000, 0x00000000ff600000|  0%| F|  |TAMS 0x00000000ff500000, 0x00000000ff500000| Untracked 
|  54|0x00000000ff600000, 0x00000000ff600000, 0x00000000ff700000|  0%| F|  |TAMS 0x00000000ff600000, 0x00000000ff600000| Untracked 
|  55|0x00000000ff700000, 0x00000000ff700000, 0x00000000ff800000|  0%| F|  |TAMS 0x00000000ff700000, 0x00000000ff700000| Untracked 
|  56|0x00000000ff800000, 0x00000000ff800000, 0x00000000ff900000|  0%| F|  |TAMS 0x00000000ff800000, 0x00000000ff800000| Untracked 
|  57|0x00000000ff900000, 0x00000000ff900000, 0x00000000ffa00000|  0%| F|  |TAMS 0x00000000ff900000, 0x00000000ff900000| Untracked 
|  58|0x00000000ffa00000, 0x00000000ffa00000, 0x00000000ffb00000|  0%| F|  |TAMS 0x00000000ffa00000, 0x00000000ffa00000| Untracked 
|  59|0x00000000ffb00000, 0x00000000ffb00000, 0x00000000ffc00000|  0%| F|  |TAMS 0x00000000ffb00000, 0x00000000ffb00000| Untracked 
|  60|0x00000000ffc00000, 0x00000000ffc00000, 0x00000000ffd00000|  0%| F|  |TAMS 0x00000000ffc00000, 0x00000000ffc00000| Untracked 
|  61|0x00000000ffd00000, 0x00000000ffd00000, 0x00000000ffe00000|  0%| F|  |TAMS 0x00000000ffd00000, 0x00000000ffd00000| Untracked 
|  62|0x00000000ffe00000, 0x00000000ffe6c0e0, 0x00000000fff00000| 42%| E|  |TAMS 0x00000000ffe00000, 0x00000000ffe00000| Complete 
|  63|0x00000000fff00000, 0x0000000100000000, 0x0000000100000000|100%| E|CS|TAMS 0x00000000fff00000, 0x00000000fff00000| Complete 

Card table byte_map: [0x00000142b29b0000,0x00000142b29d0000] _byte_map_base: 0x00000142b21d0000

Marking Bits (Prev, Next): (CMBitMap*) 0x00000142b2ae63a0, (CMBitMap*) 0x00000142b2ae63e0
 Prev Bits: [0x00000142c9470000, 0x00000142c9570000)
 Next Bits: [0x00000142c9570000, 0x00000142c9670000)

Polling page: 0x00000142b0c00000

Metaspace:

Usage:
  Non-class:      3.15 MB used.
      Class:    472.74 KB used.
       Both:      3.61 MB used.

Virtual space:
  Non-class space:       64.00 MB reserved,       3.25 MB (  5%) committed,  1 nodes.
      Class space:        1.00 GB reserved,     512.00 KB ( <1%) committed,  1 nodes.
             Both:        1.06 GB reserved,       3.75 MB ( <1%) committed. 

Chunk freelists:
   Non-Class:  10.66 MB
       Class:  15.44 MB
        Both:  26.10 MB

MaxMetaspaceSize: unlimited
CompressedClassSpaceSize: 1.00 GB
Initial GC threshold: 21.00 MB
Current GC threshold: 21.00 MB
CDS: on
MetaspaceReclaimPolicy: balanced
 - commit_granule_bytes: 65536.
 - commit_granule_words: 8192.
 - virtual_space_node_default_size: 8388608.
 - enlarge_chunks_in_place: 1.
 - new_chunks_are_fully_committed: 0.
 - uncommit_free_chunks: 1.
 - use_allocation_guard: 0.
 - handle_deallocations: 1.


Internal statistics:

num_allocs_failed_limit: 0.
num_arena_births: 44.
num_arena_deaths: 0.
num_vsnodes_births: 2.
num_vsnodes_deaths: 0.
num_space_committed: 60.
num_space_uncommitted: 0.
num_chunks_returned_to_freelist: 0.
num_chunks_taken_from_freelist: 133.
num_chunk_merges: 0.
num_chunk_splits: 82.
num_chunks_enlarged: 72.
num_inconsistent_stats: 0.

CodeHeap 'non-profiled nmethods': size=120000Kb used=314Kb max_used=314Kb free=119685Kb
 bounds [0x00000142c1e30000, 0x00000142c20a0000, 0x00000142c9360000]
CodeHeap 'profiled nmethods': size=120000Kb used=1407Kb max_used=1407Kb free=118592Kb
 bounds [0x00000142ba360000, 0x00000142ba5d0000, 0x00000142c1890000]
CodeHeap 'non-nmethods': size=5760Kb used=1124Kb max_used=1144Kb free=4635Kb
 bounds [0x00000142c1890000, 0x00000142c1b00000, 0x00000142c1e30000]
 total_blobs=1199 nmethods=790 adapters=322
 compilation: enabled
              stopped_count=0, restarted_count=0
 full_count=0

Compilation events (20 events):
Event: 0.977 Thread 0x00000142cbe163f0  756       3       java.net.URLClassLoader::getAndVerifyPackage (109 bytes)
Event: 0.977 Thread 0x00000142cbe163f0 nmethod 756 0x00000142ba4b5910 code [0x00000142ba4b5c80, 0x00000142ba4b6ea8]
Event: 0.978 Thread 0x00000142cbe163f0  757       3       jdk.internal.perf.PerfCounter::getReadClassBytesTime (4 bytes)
Event: 0.978 Thread 0x00000142cbe163f0 nmethod 757 0x00000142ba4b7510 code [0x00000142ba4b76a0, 0x00000142ba4b7798]
Event: 0.978 Thread 0x00000143111f59e0 nmethod 742 0x00000142c1e72d10 code [0x00000142c1e72ee0, 0x00000142c1e739a8]
Event: 0.978 Thread 0x00000143111f59e0  758       4       java.lang.AbstractStringBuilder::append (45 bytes)
Event: 0.982 Thread 0x00000143111f59e0 nmethod 758 0x00000142c1e74290 code [0x00000142c1e74440, 0x00000142c1e74b08]
Event: 0.982 Thread 0x00000143111f59e0  759 %     4       java.lang.StringCoding::hasNegatives @ 2 (25 bytes)
Event: 0.983 Thread 0x00000142cbe163f0  760       3       java.lang.ClassLoader::definePackage (85 bytes)
Event: 0.983 Thread 0x00000142cbe163f0 nmethod 760 0x00000142ba4b7810 code [0x00000142ba4b7ae0, 0x00000142ba4b8a38]
Event: 0.983 Thread 0x00000142cbe163f0  762  s    3       java.util.jar.JarFile::getInputStream (72 bytes)
Event: 0.984 Thread 0x00000142cbe163f0 nmethod 762 0x00000142ba4b8f10 code [0x00000142ba4b9140, 0x00000142ba4b9698]
Event: 0.984 Thread 0x00000142cbe163f0  761       3       java.lang.ClassLoader::compareCerts (197 bytes)
Event: 0.985 Thread 0x00000142cbe163f0 nmethod 761 0x00000142ba4b9890 code [0x00000142ba4b9aa0, 0x00000142ba4ba358]
Event: 0.986 Thread 0x00000143111f59e0 nmethod 759% 0x00000142c1e74e90 code [0x00000142c1e75020, 0x00000142c1e75238]
Event: 0.986 Thread 0x00000143111f59e0  763   !   4       jdk.internal.loader.URLClassPath$JarLoader::ensureOpen (36 bytes)
Event: 0.987 Thread 0x00000143111f59e0 nmethod 763 0x00000142c1e75390 code [0x00000142c1e75560, 0x00000142c1e75790]
Event: 0.988 Thread 0x00000143111f59e0  764       4       java.util.jar.JarFile::getEntry (35 bytes)
Event: 0.989 Thread 0x00000142cbe163f0  766       3       sun.net.www.ParseUtil::encodePath (41 bytes)
Event: 0.989 Thread 0x00000142cbe163f0 nmethod 766 0x00000142ba4ba610 code [0x00000142ba4ba7e0, 0x00000142ba4baa48]

GC Heap History (0 events):
No events

Deoptimization events (20 events):
Event: 0.768 Thread 0x00000142b2ac72c0 Uncommon trap: trap_request=0xffffffde fr.pc=0x00000142c1e578a8 relative=0x0000000000000fa8
Event: 0.768 Thread 0x00000142b2ac72c0 Uncommon trap: reason=class_check action=maybe_recompile pc=0x00000142c1e578a8 method=java.util.HashMap.putVal(ILjava/lang/Object;Ljava/lang/Object;ZZ)Ljava/lang/Object; @ 203 c2
Event: 0.768 Thread 0x00000142b2ac72c0 DEOPT PACKING pc=0x00000142c1e578a8 sp=0x00000027958f95b0
Event: 0.768 Thread 0x00000142b2ac72c0 DEOPT UNPACKING pc=0x00000142c18e23a3 sp=0x00000027958f9540 mode 2
Event: 0.778 Thread 0x00000142b2ac72c0 DEOPT PACKING pc=0x00000142ba3adc77 sp=0x00000027958f6d00
Event: 0.778 Thread 0x00000142b2ac72c0 DEOPT UNPACKING pc=0x00000142c18e2b43 sp=0x00000027958f61c0 mode 0
Event: 0.884 Thread 0x00000142b2ac72c0 Uncommon trap: trap_request=0xffffff45 fr.pc=0x00000142c1e5d0ec relative=0x00000000000004ac
Event: 0.884 Thread 0x00000142b2ac72c0 Uncommon trap: reason=unstable_if action=reinterpret pc=0x00000142c1e5d0ec method=java.util.zip.ZipCoder$UTF8ZipCoder.checkedHash([BII)I @ 27 c2
Event: 0.884 Thread 0x00000142b2ac72c0 DEOPT PACKING pc=0x00000142c1e5d0ec sp=0x00000027958fb200
Event: 0.884 Thread 0x00000142b2ac72c0 DEOPT UNPACKING pc=0x00000142c18e23a3 sp=0x00000027958fb0c8 mode 2
Event: 0.884 Thread 0x00000142b2ac72c0 Uncommon trap: trap_request=0xffffff45 fr.pc=0x00000142c1e39038 relative=0x00000000000001b8
Event: 0.884 Thread 0x00000142b2ac72c0 Uncommon trap: reason=unstable_if action=reinterpret pc=0x00000142c1e39038 method=java.lang.String.hashCode()I @ 20 c2
Event: 0.884 Thread 0x00000142b2ac72c0 DEOPT PACKING pc=0x00000142c1e39038 sp=0x00000027958fb000
Event: 0.884 Thread 0x00000142b2ac72c0 DEOPT UNPACKING pc=0x00000142c18e23a3 sp=0x00000027958faf90 mode 2
Event: 0.884 Thread 0x00000142b2ac72c0 Uncommon trap: trap_request=0xffffff45 fr.pc=0x00000142c1e5c7b0 relative=0x0000000000000190
Event: 0.884 Thread 0x00000142b2ac72c0 Uncommon trap: reason=unstable_if action=reinterpret pc=0x00000142c1e5c7b0 method=java.util.zip.ZipFile$Source.isMetaName([BII)Z @ 57 c2
Event: 0.884 Thread 0x00000142b2ac72c0 DEOPT PACKING pc=0x00000142c1e5c7b0 sp=0x00000027958fb210
Event: 0.884 Thread 0x00000142b2ac72c0 DEOPT UNPACKING pc=0x00000142c18e23a3 sp=0x00000027958fb1a0 mode 2
Event: 0.911 Thread 0x00000142b2ac72c0 DEOPT PACKING pc=0x00000142ba360282 sp=0x00000027958fa2b0
Event: 0.911 Thread 0x00000142b2ac72c0 DEOPT UNPACKING pc=0x00000142c18e2b43 sp=0x00000027958f9728 mode 0

Classes unloaded (0 events):
No events

Classes redefined (0 events):
No events

Internal exceptions (1 events):
Event: 0.549 Thread 0x00000142b2ac72c0 Exception <a 'java/lang/NoSuchMethodError'{0x00000000ffc6a0b0}: 'int java.lang.invoke.DirectMethodHandle$Holder.invokeStaticInit(java.lang.Object, java.lang.Object)'> (0x00000000ffc6a0b0) 
thrown [s\open\src\hotspot\share\interpreter\linkResolver.cpp, line 759]

VM Operations (2 events):
Event: 0.359 Executing VM operation: HandshakeAllThreads
Event: 0.359 Executing VM operation: HandshakeAllThreads done

Events (20 events):
Event: 0.930 loading class jdk/internal/org/objectweb/asm/Edge
Event: 0.930 loading class jdk/internal/org/objectweb/asm/Edge done
Event: 0.931 loading class java/lang/IllegalAccessException
Event: 0.931 loading class java/lang/IllegalAccessException done
Event: 0.931 loading class java/lang/reflect/UndeclaredThrowableException
Event: 0.931 loading class java/lang/reflect/UndeclaredThrowableException done
Event: 0.931 loading class java/lang/reflect/Proxy$ProxyBuilder$1
Event: 0.931 loading class java/lang/reflect/Proxy$ProxyBuilder$1 done
Event: 0.932 loading class java/lang/reflect/InvocationTargetException
Event: 0.933 loading class java/lang/reflect/InvocationTargetException done
Event: 0.939 loading class java/util/LinkedList$ListItr
Event: 0.939 loading class java/util/LinkedList$ListItr done
Event: 0.940 loading class java/util/concurrent/ConcurrentLinkedQueue
Event: 0.942 loading class java/util/concurrent/ConcurrentLinkedQueue done
Event: 0.942 loading class java/util/concurrent/ConcurrentLinkedQueue$Node
Event: 0.943 loading class java/util/concurrent/ConcurrentLinkedQueue$Node done
Event: 0.944 loading class java/lang/reflect/ParameterizedType
Event: 0.944 loading class java/lang/reflect/ParameterizedType done
Event: 0.990 loading class java/lang/NumberFormatException
Event: 0.990 loading class java/lang/NumberFormatException done


Dynamic libraries:
0x00007ff618900000 - 0x00007ff618910000 	C:\Program Files\Java\jdk-17\bin\java.exe
0x00007ffe32950000 - 0x00007ffe32b48000 	C:\Windows\SYSTEM32\ntdll.dll
0x00007ffe31490000 - 0x00007ffe3154d000 	C:\Windows\System32\KERNEL32.DLL
0x00007ffe30680000 - 0x00007ffe30976000 	C:\Windows\System32\KERNELBASE.dll
0x00007ffe30580000 - 0x00007ffe30680000 	C:\Windows\System32\ucrtbase.dll
0x00007ffe283c0000 - 0x00007ffe283d9000 	C:\Program Files\Java\jdk-17\bin\jli.dll
0x00007ffe20650000 - 0x00007ffe2066b000 	C:\Program Files\Java\jdk-17\bin\VCRUNTIME140.dll
0x00007ffe30bd0000 - 0x00007ffe30c80000 	C:\Windows\System32\ADVAPI32.dll
0x00007ffe32370000 - 0x00007ffe3240e000 	C:\Windows\System32\msvcrt.dll
0x00007ffe313f0000 - 0x00007ffe31490000 	C:\Windows\System32\sechost.dll
0x00007ffe31210000 - 0x00007ffe31333000 	C:\Windows\System32\RPCRT4.dll
0x00007ffe300e0000 - 0x00007ffe30107000 	C:\Windows\System32\bcrypt.dll
0x00007ffe30980000 - 0x00007ffe30b1f000 	C:\Windows\System32\USER32.dll
0x00007ffe30000000 - 0x00007ffe30022000 	C:\Windows\System32\win32u.dll
0x00007ffe31360000 - 0x00007ffe3138b000 	C:\Windows\System32\GDI32.dll
0x00007ffe30460000 - 0x00007ffe30577000 	C:\Windows\System32\gdi32full.dll
0x00007ffe30110000 - 0x00007ffe301ad000 	C:\Windows\System32\msvcp_win.dll
0x00007ffe180b0000 - 0x00007ffe1834a000 	C:\Windows\WinSxS\amd64_microsoft.windows.common-controls_6595b64144ccf1df_6.0.19041.4355_none_60b8b9eb71f62e16\COMCTL32.dll
0x00007ffe2fa80000 - 0x00007ffe2fa8a000 	C:\Windows\SYSTEM32\VERSION.dll
0x00007ffe32150000 - 0x00007ffe32182000 	C:\Windows\System32\IMM32.DLL
0x00000000645d0000 - 0x00000000645dc000 	C:\Program Files (x86)\360\Total Security\safemon\SafeWrapper.dll
0x00007ffde0730000 - 0x00007ffde07c2000 	C:\Program Files (x86)\360\Total Security\safemon\libzdtp64.dll
0x00007ffe319e0000 - 0x00007ffe3214b000 	C:\Windows\System32\SHELL32.dll
0x00007ffe31390000 - 0x00007ffe313e5000 	C:\Windows\System32\SHLWAPI.dll
0x00007ffe283a0000 - 0x00007ffe283ac000 	C:\Program Files\Java\jdk-17\bin\vcruntime140_1.dll
0x00007ffe08130000 - 0x00007ffe081be000 	C:\Program Files\Java\jdk-17\bin\msvcp140.dll
0x00007ffdb3a30000 - 0x00007ffdb460f000 	C:\Program Files\Java\jdk-17\bin\server\jvm.dll
0x00007ffe31350000 - 0x00007ffe31358000 	C:\Windows\System32\PSAPI.DLL
0x00007ffe1b350000 - 0x00007ffe1b359000 	C:\Windows\SYSTEM32\WSOCK32.dll
0x00007ffe321f0000 - 0x00007ffe3225b000 	C:\Windows\System32\WS2_32.dll
0x00007ffe1d840000 - 0x00007ffe1d867000 	C:\Windows\SYSTEM32\WINMM.dll
0x00007ffe2dce0000 - 0x00007ffe2dcf2000 	C:\Windows\SYSTEM32\kernel.appcore.dll
0x00007ffe24470000 - 0x00007ffe2447a000 	C:\Program Files\Java\jdk-17\bin\jimage.dll
0x00007ffe16c50000 - 0x00007ffe16e34000 	C:\Windows\SYSTEM32\DBGHELP.DLL
0x00007ffe18010000 - 0x00007ffe18044000 	C:\Windows\SYSTEM32\dbgcore.DLL
0x00007ffe30310000 - 0x00007ffe30392000 	C:\Windows\System32\bcryptPrimitives.dll
0x00007ffe1e8f0000 - 0x00007ffe1e915000 	C:\Program Files\Java\jdk-17\bin\java.dll
0x00007ffe08050000 - 0x00007ffe08127000 	C:\Program Files\Java\jdk-17\bin\jsvml.dll
0x00007ffe2dff0000 - 0x00007ffe2e78d000 	C:\Windows\SYSTEM32\windows.storage.dll
0x00007ffe31680000 - 0x00007ffe319d3000 	C:\Windows\System32\combase.dll
0x00007ffe2f8e0000 - 0x00007ffe2f90e000 	C:\Windows\SYSTEM32\Wldp.dll
0x00007ffe31550000 - 0x00007ffe3161d000 	C:\Windows\System32\OLEAUT32.dll
0x00007ffe30b20000 - 0x00007ffe30bcd000 	C:\Windows\System32\SHCORE.dll
0x00007ffe2ff30000 - 0x00007ffe2ff54000 	C:\Windows\SYSTEM32\profapi.dll
0x00007ffe2bc10000 - 0x00007ffe2bc29000 	C:\Program Files\Java\jdk-17\bin\net.dll
0x00007ffe2b480000 - 0x00007ffe2b58a000 	C:\Windows\SYSTEM32\WINHTTP.dll
0x00007ffe2f640000 - 0x00007ffe2f6aa000 	C:\Windows\system32\mswsock.dll
0x00007ffe284e0000 - 0x00007ffe284f6000 	C:\Program Files\Java\jdk-17\bin\nio.dll
0x00007ffe244f0000 - 0x00007ffe24508000 	C:\Program Files\Java\jdk-17\bin\zip.dll
0x00007ffe290b0000 - 0x00007ffe290c0000 	C:\Program Files\Java\jdk-17\bin\verify.dll

dbghelp: loaded successfully - version: 4.0.5 - missing functions: none
symbol engine: initialized successfully - sym options: 0x614 - pdb path: .;C:\Program Files\Java\jdk-17\bin;C:\Windows\SYSTEM32;C:\Windows\WinSxS\amd64_microsoft.windows.common-controls_6595b64144ccf1df_6.0.19041.4355_none_60b8b9eb71f62e16;C:\Program Files (x86)\360\Total Security\safemon;C:\Program Files\Java\jdk-17\bin\server

VM Arguments:
jvm_args: -Xmx64m -Xms64m -Dorg.gradle.appname=gradlew 
java_command: org.gradle.wrapper.GradleWrapperMain app:installDebug -PreactNativeDevServerPort=8081
java_class_path (initial): E:\React Project\All Parking\Parking_Fixed\android\\gradle\wrapper\gradle-wrapper.jar
Launcher Type: SUN_STANDARD

[Global flags]
     intx CICompilerCount                          = 3                                         {product} {ergonomic}
     uint ConcGCThreads                            = 2                                         {product} {ergonomic}
     uint G1ConcRefinementThreads                  = 6                                         {product} {ergonomic}
   size_t G1HeapRegionSize                         = 1048576                                   {product} {ergonomic}
    uintx GCDrainStackTargetSize                   = 64                                        {product} {ergonomic}
   size_t InitialHeapSize                          = 67108864                                  {product} {command line}
   size_t MarkStackSize                            = 4194304                                   {product} {ergonomic}
   size_t MaxHeapSize                              = 67108864                                  {product} {command line}
   size_t MaxNewSize                               = 39845888                                  {product} {ergonomic}
   size_t MinHeapDeltaBytes                        = 1048576                                   {product} {ergonomic}
   size_t MinHeapSize                              = 67108864                                  {product} {command line}
    uintx NonNMethodCodeHeapSize                   = 5832780                                {pd product} {ergonomic}
    uintx NonProfiledCodeHeapSize                  = 122912730                              {pd product} {ergonomic}
    uintx ProfiledCodeHeapSize                     = 122912730                              {pd product} {ergonomic}
    uintx ReservedCodeCacheSize                    = 251658240                              {pd product} {ergonomic}
     bool SegmentedCodeCache                       = true                                      {product} {ergonomic}
   size_t SoftMaxHeapSize                          = 67108864                               {manageable} {ergonomic}
     bool UseCompressedClassPointers               = true                           {product lp64_product} {ergonomic}
     bool UseCompressedOops                        = true                           {product lp64_product} {ergonomic}
     bool UseG1GC                                  = true                                      {product} {ergonomic}
     bool UseLargePagesIndividualAllocation        = false                                  {pd product} {ergonomic}

Logging:
Log output configuration:
 #0: stdout all=warning uptime,level,tags
 #1: stderr all=off uptime,level,tags

Environment Variables:
JAVA_HOME=C:\Program Files\Java\jdk-17
CLASSPATH=E:\React Project\All Parking\Parking_Fixed\android\\gradle\wrapper\gradle-wrapper.jar
PATH=E:\React Project\All Parking\Parking_Fixed\node_modules\.bin;E:\React Project\All Parking\Parking_Fixed\node_modules\.bin;E:\React Project\All Parking\node_modules\.bin;E:\React Project\node_modules\.bin;E:\node_modules\.bin;C:\Program Files\nodejs\node_modules\npm\node_modules\@npmcli\run-script\lib\node-gyp-bin;E:\React Project\All Parking\Parking_Fixed\node_modules\.bin;E:\React Project\All Parking\node_modules\.bin;E:\React Project\node_modules\.bin;E:\node_modules\.bin;C:\Program Files\nodejs\node_modules\npm\node_modules\@npmcli\run-script\lib\node-gyp-bin;C:\Program Files\Common Files\Oracle\Java\javapath;C:\Python312\Scripts\;C:\Python312\;C:\Windows\system32;C:\Windows;C:\Windows\System32\Wbem;C:\Windows\System32\WindowsPowerShell\v1.0\;C:\Windows\System32\OpenSSH\;C:\ProgramData\chocolatey\bin;C:\Program Files\nodejs\;C:\Program Files\Git\cmd;C:\Program Files\Java\jdk-17\bin;C:\Users\Admin\AppData\Local\Android\Sdk\platform-tools;C:\Users\Admin\AppData\Local\Android\Sdk\build-tools\34.0.0;C:\Users\Admin\AppData\Local\Microsoft\WindowsApps;C:\Users\Admin\AppData\Local\Programs\Microsoft VS Code\bin;C:\Users\Admin\AppData\Roaming\npm;C:\Program Files\Java\jdk-17\bin;C:\Users\Admin\AppData\Local\Android\Sdk\platform-tools;C:\Users\Admin\AppData\Local\Android\Sdk\build-tools\34.0.0;
USERNAME=Admin
LANG=en_US.UTF-8
OS=Windows_NT
PROCESSOR_IDENTIFIER=Intel64 Family 6 Model 158 Stepping 10, GenuineIntel



---------------  S Y S T E M  ---------------

OS:
 Windows 10 , 64 bit Build 19041 (10.0.19041.3636)
OS uptime: 1 days 6:10 hours

CPU: total 6 (initial active 6) (6 cores per cpu, 1 threads per core) family 6 model 158 stepping 10 microcode 0xb4, cx8, cmov, fxsr, mmx, 3dnowpref, sse, sse2, sse3, ssse3, sse4.1, sse4.2, popcnt, lzcnt, tsc, tscinvbit, avx, avx2, aes, erms, clmul, bmi1, bmi2, adx, fma, vzeroupper, clflush, clflushopt

Memory: 4k page, system-wide physical 8054M (492M free)
TotalPageFile size 20342M (AvailPageFile size 0M)
current process WorkingSet (physical memory assigned to process): 80M, peak: 80M
current process commit charge ("private bytes"): 155M, peak: 155M

vm_info: Java HotSpot(TM) 64-Bit Server VM (17.0.10+11-LTS-240) for windows-amd64 JRE (17.0.10+11-LTS-240), built on Dec 19 2023 21:47:25 by "mach5one" with MS VC++ 17.1 (VS2022)

END.
