#
# There is insufficient memory for the Java Runtime Environment to continue.
# Native memory allocation (mmap) failed to map 65536 bytes for Failed to commit metaspace.
# Possible reasons:
#   The system is out of physical RAM or swap space
#   The process is running with CompressedOops enabled, and the Java Heap may be blocking the growth of the native heap
# Possible solutions:
#   Reduce memory load on the system
#   Increase physical memory or swap space
#   Check if swap backing store is full
#   Decrease Java heap size (-Xmx/-Xms)
#   Decrease number of Java threads
#   Decrease Java thread stack sizes (-Xss)
#   Set larger code cache with -XX:ReservedCodeCacheSize=
#   JVM is running with Unscaled Compressed Oops mode in which the Java heap is
#     placed in the first 4GB address space. The Java Heap base address is the
#     maximum limit for the native heap growth. Please use -XX:HeapBaseMinAddress
#     to set the Java Heap base and to place the Java Heap above 4GB virtual address.
# This output file may be truncated or incomplete.
#
#  Out of Memory Error (virtualSpaceNode.cpp:110), pid=23412, tid=17648
#
# JRE version: Java(TM) SE Runtime Environment (17.0.10+11) (build 17.0.10+11-LTS-240)
# Java VM: Java HotSpot(TM) 64-Bit Server VM (17.0.10+11-LTS-240, mixed mode, sharing, tiered, compressed oops, compressed class ptrs, g1 gc, windows-amd64)
# No core dump will be written. Minidumps are not enabled by default on client versions of Windows
#

---------------  S U M M A R Y ------------

Command Line: org.jetbrains.kotlin.cli.jvm.K2JVMCompiler @E:\React Project\All Parking\Parking_Fixed\node_modules\react-native-screens\android\build\20240530_14786175663714765174.compiler.options

Host: Intel(R) Core(TM) i5-8400 CPU @ 2.80GHz, 6 cores, 7G,  Windows 10 , 64 bit Build 19041 (10.0.19041.3636)
Time: Thu May 30 15:50:16 2024 India Standard Time elapsed time: 2.019525 seconds (0d 0h 0m 2s)

---------------  T H R E A D  ---------------

Current thread (0x0000026fc00a8f50):  JavaThread "main" [_thread_in_vm, id=17648, stack(0x000000b555a00000,0x000000b555b00000)]

Stack: [0x000000b555a00000,0x000000b555b00000]
Native frames: (J=compiled Java code, j=interpreted, Vv=VM code, C=native code)
V  [jvm.dll+0x677a5a]
V  [jvm.dll+0x7d8b2d]
V  [jvm.dll+0x7da48e]
V  [jvm.dll+0x7daaf3]
V  [jvm.dll+0x2455ff]
V  [jvm.dll+0x7d483b]
V  [jvm.dll+0x61dc06]
V  [jvm.dll+0x1bfa87]
V  [jvm.dll+0x620570]
V  [jvm.dll+0x61e5c6]
V  [jvm.dll+0x369c92]
V  [jvm.dll+0x1e11bb]
V  [jvm.dll+0x53d5b5]
V  [jvm.dll+0x753438]
V  [jvm.dll+0x753524]
V  [jvm.dll+0x40babf]
V  [jvm.dll+0x411a89]
C  [java.dll+0x17ec]

Java frames: (J=compiled Java code, j=interpreted, Vv=VM code)
J 533  java.lang.ClassLoader.defineClass1(Ljava/lang/ClassLoader;Ljava/lang/String;[BIILjava/security/ProtectionDomain;Ljava/lang/String;)Ljava/lang/Class; java.base@17.0.10 (0 bytes) @ 0x0000026fcf431d63 [0x0000026fcf431ca0+0x00000000000000c3]
J 530 c1 java.lang.ClassLoader.defineClass(Ljava/lang/String;[BIILjava/security/ProtectionDomain;)Ljava/lang/Class; java.base@17.0.10 (43 bytes) @ 0x0000026fc7a351d4 [0x0000026fc7a34e80+0x0000000000000354]
J 522 c1 java.security.SecureClassLoader.defineClass(Ljava/lang/String;[BIILjava/security/CodeSource;)Ljava/lang/Class; java.base@17.0.10 (16 bytes) @ 0x0000026fc7a3218c [0x0000026fc7a320c0+0x00000000000000cc]
J 476 c1 jdk.internal.loader.BuiltinClassLoader.defineClass(Ljava/lang/String;Ljdk/internal/loader/Resource;)Ljava/lang/Class; java.base@17.0.10 (121 bytes) @ 0x0000026fc7a14bb4 [0x0000026fc7a138a0+0x0000000000001314]
J 411 c1 jdk.internal.loader.BuiltinClassLoader.findClassOnClassPathOrNull(Ljava/lang/String;)Ljava/lang/Class; java.base@17.0.10 (64 bytes) @ 0x0000026fc79e4c5c [0x0000026fc79e3be0+0x000000000000107c]
J 228 c1 jdk.internal.loader.BuiltinClassLoader.loadClassOrNull(Ljava/lang/String;Z)Ljava/lang/Class; java.base@17.0.10 (143 bytes) @ 0x0000026fc798c84c [0x0000026fc798b940+0x0000000000000f0c]
J 322 c1 jdk.internal.loader.ClassLoaders$AppClassLoader.loadClass(Ljava/lang/String;Z)Ljava/lang/Class; java.base@17.0.10 (40 bytes) @ 0x0000026fc79b0104 [0x0000026fc79afae0+0x0000000000000624]
J 321 c1 java.lang.ClassLoader.loadClass(Ljava/lang/String;)Ljava/lang/Class; java.base@17.0.10 (7 bytes) @ 0x0000026fc79af74c [0x0000026fc79af640+0x000000000000010c]
v  ~StubRoutines::call_stub
j  kotlin.reflect.jvm.internal.impl.metadata.jvm.JvmProtoBuf.<clinit>()V+177
v  ~StubRoutines::call_stub
j  kotlin.reflect.jvm.internal.impl.metadata.jvm.deserialization.JvmProtoBufUtil.<clinit>()V+19
v  ~StubRoutines::call_stub
j  kotlin.reflect.jvm.internal.impl.load.kotlin.DeserializationComponentsForJava.<init>(Lkotlin/reflect/jvm/internal/impl/storage/StorageManager;Lkotlin/reflect/jvm/internal/impl/descriptors/ModuleDescriptor;Lkotlin/reflect/jvm/internal/impl/serialization/deserialization/DeserializationConfiguration;Lkotlin/reflect/jvm/internal/impl/load/kotlin/JavaClassDataFinder;Lkotlin/reflect/jvm/internal/impl/load/kotlin/BinaryClassAnnotationAndConstantLoaderImpl;Lkotlin/reflect/jvm/internal/impl/load/java/lazy/LazyJavaPackageFragmentProvider;Lkotlin/reflect/jvm/internal/impl/descriptors/NotFoundClasses;Lkotlin/reflect/jvm/internal/impl/serialization/deserialization/ErrorReporter;Lkotlin/reflect/jvm/internal/impl/incremental/components/LookupTracker;Lkotlin/reflect/jvm/internal/impl/serialization/deserialization/ContractDeserializer;Lkotlin/reflect/jvm/internal/impl/types/checker/NewKotlinTypeChecker;)V+207
j  kotlin.reflect.jvm.internal.impl.load.kotlin.DeserializationComponentsForJavaKt.makeDeserializationComponentsForJava(Lkotlin/reflect/jvm/internal/impl/descriptors/ModuleDescriptor;Lkotlin/reflect/jvm/internal/impl/storage/StorageManager;Lkotlin/reflect/jvm/internal/impl/descriptors/NotFoundClasses;Lkotlin/reflect/jvm/internal/impl/load/java/lazy/LazyJavaPackageFragmentProvider;Lkotlin/reflect/jvm/internal/impl/load/kotlin/KotlinClassFinder;Lkotlin/reflect/jvm/internal/impl/load/kotlin/DeserializedDescriptorResolver;Lkotlin/reflect/jvm/internal/impl/serialization/deserialization/ErrorReporter;)Lkotlin/reflect/jvm/internal/impl/load/kotlin/DeserializationComponentsForJava;+113
j  kotlin.reflect.jvm.internal.impl.load.kotlin.DeserializationComponentsForJava$Companion.createModuleData(Lkotlin/reflect/jvm/internal/impl/load/kotlin/KotlinClassFinder;Lkotlin/reflect/jvm/internal/impl/load/kotlin/KotlinClassFinder;Lkotlin/reflect/jvm/internal/impl/load/java/JavaClassFinder;Ljava/lang/String;Lkotlin/reflect/jvm/internal/impl/serialization/deserialization/ErrorReporter;Lkotlin/reflect/jvm/internal/impl/load/java/sources/JavaSourceElementFactory;)Lkotlin/reflect/jvm/internal/impl/load/kotlin/DeserializationComponentsForJava$Companion$ModuleData;+240
j  kotlin.reflect.jvm.internal.impl.descriptors.runtime.components.RuntimeModuleData$Companion.create(Ljava/lang/ClassLoader;)Lkotlin/reflect/jvm/internal/impl/descriptors/runtime/components/RuntimeModuleData;+77
j  kotlin.reflect.jvm.internal.ModuleByClassLoaderKt.getOrCreateModule(Ljava/lang/Class;)Lkotlin/reflect/jvm/internal/impl/descriptors/runtime/components/RuntimeModuleData;+84
j  kotlin.reflect.jvm.internal.KDeclarationContainerImpl$Data$moduleData$2.invoke()Lkotlin/reflect/jvm/internal/impl/descriptors/runtime/components/RuntimeModuleData;+7
j  kotlin.reflect.jvm.internal.KDeclarationContainerImpl$Data$moduleData$2.invoke()Ljava/lang/Object;+1
j  kotlin.reflect.jvm.internal.ReflectProperties$LazySoftVal.invoke()Ljava/lang/Object;+28
j  kotlin.reflect.jvm.internal.ReflectProperties$Val.getValue(Ljava/lang/Object;Ljava/lang/Object;)Ljava/lang/Object;+1
j  kotlin.reflect.jvm.internal.KDeclarationContainerImpl$Data.getModuleData()Lkotlin/reflect/jvm/internal/impl/descriptors/runtime/components/RuntimeModuleData;+10
j  kotlin.reflect.jvm.internal.KClassImpl$Data$descriptor$2.invoke()Lkotlin/reflect/jvm/internal/impl/descriptors/ClassDescriptor;+21
j  kotlin.reflect.jvm.internal.KClassImpl$Data$descriptor$2.invoke()Ljava/lang/Object;+1
j  kotlin.reflect.jvm.internal.ReflectProperties$LazySoftVal.invoke()Ljava/lang/Object;+28
j  kotlin.reflect.jvm.internal.ReflectProperties$Val.getValue(Ljava/lang/Object;Ljava/lang/Object;)Ljava/lang/Object;+1
j  kotlin.reflect.jvm.internal.KClassImpl$Data.getDescriptor()Lkotlin/reflect/jvm/internal/impl/descriptors/ClassDescriptor;+10
j  kotlin.reflect.jvm.internal.KClassImpl.getDescriptor()Lkotlin/reflect/jvm/internal/impl/descriptors/ClassDescriptor;+10
j  kotlin.reflect.jvm.internal.KClassImpl.getMemberScope$kotlin_reflection()Lkotlin/reflect/jvm/internal/impl/resolve/scopes/MemberScope;+1
j  kotlin.reflect.jvm.internal.KClassImpl$Data$declaredNonStaticMembers$2.invoke()Ljava/util/Collection;+8
j  kotlin.reflect.jvm.internal.KClassImpl$Data$declaredNonStaticMembers$2.invoke()Ljava/lang/Object;+1
j  kotlin.reflect.jvm.internal.ReflectProperties$LazySoftVal.invoke()Ljava/lang/Object;+28
j  kotlin.reflect.jvm.internal.ReflectProperties$Val.getValue(Ljava/lang/Object;Ljava/lang/Object;)Ljava/lang/Object;+1
j  kotlin.reflect.jvm.internal.KClassImpl$Data.getDeclaredNonStaticMembers()Ljava/util/Collection;+11
j  kotlin.reflect.jvm.internal.KClassImpl$Data$allNonStaticMembers$2.invoke()Ljava/util/List;+4
j  kotlin.reflect.jvm.internal.KClassImpl$Data$allNonStaticMembers$2.invoke()Ljava/lang/Object;+1
j  kotlin.reflect.jvm.internal.ReflectProperties$LazySoftVal.invoke()Ljava/lang/Object;+28
j  kotlin.reflect.jvm.internal.ReflectProperties$Val.getValue(Ljava/lang/Object;Ljava/lang/Object;)Ljava/lang/Object;+1
j  kotlin.reflect.jvm.internal.KClassImpl$Data.getAllNonStaticMembers()Ljava/util/Collection;+11
j  kotlin.reflect.full.KClasses.getMemberProperties(Lkotlin/reflect/KClass;)Ljava/util/Collection;+19
j  org.jetbrains.kotlin.cli.common.arguments.ParseCommandLineArgumentsKt.parsePreprocessedCommandLineArguments(Ljava/util/List;Lorg/jetbrains/kotlin/cli/common/arguments/CommonToolArguments;Lorg/jetbrains/kotlin/cli/common/arguments/ArgumentParseErrors;Z)V+7
j  org.jetbrains.kotlin.cli.common.arguments.ParseCommandLineArgumentsKt.parseCommandLineArguments(Ljava/util/List;Lorg/jetbrains/kotlin/cli/common/arguments/CommonToolArguments;Z)V+71
j  org.jetbrains.kotlin.cli.common.arguments.ParseCommandLineArgumentsKt.parseCommandLineArguments$default(Ljava/util/List;Lorg/jetbrains/kotlin/cli/common/arguments/CommonToolArguments;ZILjava/lang/Object;)V+11
j  org.jetbrains.kotlin.cli.common.CLITool.exec(Ljava/io/PrintStream;Lorg/jetbrains/kotlin/config/Services;Lorg/jetbrains/kotlin/cli/common/messages/MessageRenderer;[Ljava/lang/String;)Lorg/jetbrains/kotlin/cli/common/ExitCode;+41
j  org.jetbrains.kotlin.cli.common.CLITool.exec(Ljava/io/PrintStream;Lorg/jetbrains/kotlin/cli/common/messages/MessageRenderer;[Ljava/lang/String;)Lorg/jetbrains/kotlin/cli/common/ExitCode;+25
j  org.jetbrains.kotlin.cli.common.CLITool$Companion.doMainNoExit(Lorg/jetbrains/kotlin/cli/common/CLITool;[Ljava/lang/String;Lorg/jetbrains/kotlin/cli/common/messages/MessageRenderer;)Lorg/jetbrains/kotlin/cli/common/ExitCode;+39
j  org.jetbrains.kotlin.cli.common.CLITool$Companion.doMainNoExit$default(Lorg/jetbrains/kotlin/cli/common/CLITool$Companion;Lorg/jetbrains/kotlin/cli/common/CLITool;[Ljava/lang/String;Lorg/jetbrains/kotlin/cli/common/messages/MessageRenderer;ILjava/lang/Object;)Lorg/jetbrains/kotlin/cli/common/ExitCode;+16
j  org.jetbrains.kotlin.cli.common.CLITool$Companion.doMain(Lorg/jetbrains/kotlin/cli/common/CLITool;[Ljava/lang/String;)V+57
j  org.jetbrains.kotlin.cli.jvm.K2JVMCompiler$Companion.main([Ljava/lang/String;)V+20
j  org.jetbrains.kotlin.cli.jvm.K2JVMCompiler.main([Ljava/lang/String;)V+4
v  ~StubRoutines::call_stub

---------------  P R O C E S S  ---------------

Threads class SMR info:
_java_thread_list=0x00000270230d6370, length=12, elements={
0x0000026fc00a8f50, 0x0000026fddd13a30, 0x0000026fddd14d90, 0x0000026fddd26fe0,
0x0000026fddd29ab0, 0x0000026fddd2afe0, 0x0000026fddd2b9a0, 0x0000026fddd30b60,
0x0000026fddd34dd0, 0x0000026fddd3a780, 0x00000270230d94a0, 0x00000270230e5430
}

Java Threads: ( => current thread )
=>0x0000026fc00a8f50 JavaThread "main" [_thread_in_vm, id=17648, stack(0x000000b555a00000,0x000000b555b00000)]
  0x0000026fddd13a30 JavaThread "Reference Handler" daemon [_thread_blocked, id=19284, stack(0x000000b556100000,0x000000b556200000)]
  0x0000026fddd14d90 JavaThread "Finalizer" daemon [_thread_blocked, id=23420, stack(0x000000b556200000,0x000000b556300000)]
  0x0000026fddd26fe0 JavaThread "Signal Dispatcher" daemon [_thread_blocked, id=23396, stack(0x000000b556300000,0x000000b556400000)]
  0x0000026fddd29ab0 JavaThread "Attach Listener" daemon [_thread_blocked, id=17804, stack(0x000000b556400000,0x000000b556500000)]
  0x0000026fddd2afe0 JavaThread "Service Thread" daemon [_thread_blocked, id=15280, stack(0x000000b556500000,0x000000b556600000)]
  0x0000026fddd2b9a0 JavaThread "Monitor Deflation Thread" daemon [_thread_blocked, id=7288, stack(0x000000b556600000,0x000000b556700000)]
  0x0000026fddd30b60 JavaThread "C2 CompilerThread0" daemon [_thread_blocked, id=18820, stack(0x000000b556700000,0x000000b556800000)]
  0x0000026fddd34dd0 JavaThread "C1 CompilerThread0" daemon [_thread_blocked, id=8776, stack(0x000000b556800000,0x000000b556900000)]
  0x0000026fddd3a780 JavaThread "Sweeper thread" daemon [_thread_blocked, id=4180, stack(0x000000b556900000,0x000000b556a00000)]
  0x00000270230d94a0 JavaThread "Notification Thread" daemon [_thread_blocked, id=13964, stack(0x000000b556a00000,0x000000b556b00000)]
  0x00000270230e5430 JavaThread "Common-Cleaner" daemon [_thread_blocked, id=11928, stack(0x000000b556c00000,0x000000b556d00000)]

Other Threads:
  0x0000026fddd0eb60 VMThread "VM Thread" [stack: 0x000000b556000000,0x000000b556100000] [id=14284]
  0x00000270230da590 WatcherThread [stack: 0x000000b556b00000,0x000000b556c00000] [id=19812]
  0x0000026fc0103880 GCTaskThread "GC Thread#0" [stack: 0x000000b555b00000,0x000000b555c00000] [id=22872]
  0x0000026fc0114230 ConcurrentGCThread "G1 Main Marker" [stack: 0x000000b555c00000,0x000000b555d00000] [id=22844]
  0x0000026fc0114ae0 ConcurrentGCThread "G1 Conc#0" [stack: 0x000000b555d00000,0x000000b555e00000] [id=976]
  0x0000026fc015e470 ConcurrentGCThread "G1 Refine#0" [stack: 0x000000b555e00000,0x000000b555f00000] [id=16332]
  0x0000026fddbc4c70 ConcurrentGCThread "G1 Service" [stack: 0x000000b555f00000,0x000000b556000000] [id=12920]

Threads with active compile tasks:

VM state: not at safepoint (normal execution)

VM Mutex/Monitor currently owned by a thread:  ([mutex/lock_event])
[0x0000026fc00a5810] Metaspace_lock - owner thread: 0x0000026fc00a8f50

Heap address: 0x0000000082200000, size: 2014 MB, Compressed Oops mode: 32-bit

CDS archive(s) mapped at: [0x0000026fde000000-0x0000026fdebd0000-0x0000026fdebd0000), size 12386304, SharedBaseAddress: 0x0000026fde000000, ArchiveRelocationMode: 1.
Compressed class space mapped at: 0x0000026fdf000000-0x000002701f000000, reserved size: 1073741824
Narrow klass base: 0x0000026fde000000, Narrow klass shift: 0, Narrow klass range: 0x100000000

GC Precious Log:
 CPUs: 6 total, 6 available
 Memory: 8054M
 Large Page Support: Disabled
 NUMA Support: Disabled
 Compressed Oops: Enabled (32-bit)
 Heap Region Size: 1M
 Heap Min Capacity: 8M
 Heap Initial Capacity: 126M
 Heap Max Capacity: 2014M
 Pre-touch: Disabled
 Parallel Workers: 6
 Concurrent Workers: 2
 Concurrent Refinement Workers: 6
 Periodic GC: Disabled

Heap:
 garbage-first heap   total 129024K, used 22528K [0x0000000082200000, 0x0000000100000000)
  region size 1024K, 19 young (19456K), 0 survivors (0K)
 Metaspace       used 5199K, committed 5312K, reserved 1114112K
  class space    used 486K, committed 512K, reserved 1048576K

Heap Regions: E=young(eden), S=young(survivor), O=old, HS=humongous(starts), HC=humongous(continues), CS=collection set, F=free, OA=open archive, CA=closed archive, TAMS=top-at-mark-start (previous, next)
|   0|0x0000000082200000, 0x0000000082300000, 0x0000000082300000|100%|HS|  |TAMS 0x0000000082200000, 0x0000000082200000| Complete 
|   1|0x0000000082300000, 0x0000000082400000, 0x0000000082400000|100%|HC|  |TAMS 0x0000000082300000, 0x0000000082300000| Complete 
|   2|0x0000000082400000, 0x0000000082500000, 0x0000000082500000|100%|HC|  |TAMS 0x0000000082400000, 0x0000000082400000| Complete 
|   3|0x0000000082500000, 0x0000000082600000, 0x0000000082600000|100%|HC|  |TAMS 0x0000000082500000, 0x0000000082500000| Complete 
|   4|0x0000000082600000, 0x0000000082700000, 0x0000000082700000|100%|HS|  |TAMS 0x0000000082600000, 0x0000000082600000| Complete 
|   5|0x0000000082700000, 0x0000000082700000, 0x0000000082800000|  0%| F|  |TAMS 0x0000000082700000, 0x0000000082700000| Untracked 
|   6|0x0000000082800000, 0x0000000082800000, 0x0000000082900000|  0%| F|  |TAMS 0x0000000082800000, 0x0000000082800000| Untracked 
|   7|0x0000000082900000, 0x0000000082900000, 0x0000000082a00000|  0%| F|  |TAMS 0x0000000082900000, 0x0000000082900000| Untracked 
|   8|0x0000000082a00000, 0x0000000082a00000, 0x0000000082b00000|  0%| F|  |TAMS 0x0000000082a00000, 0x0000000082a00000| Untracked 
|   9|0x0000000082b00000, 0x0000000082b00000, 0x0000000082c00000|  0%| F|  |TAMS 0x0000000082b00000, 0x0000000082b00000| Untracked 
|  10|0x0000000082c00000, 0x0000000082c00000, 0x0000000082d00000|  0%| F|  |TAMS 0x0000000082c00000, 0x0000000082c00000| Untracked 
|  11|0x0000000082d00000, 0x0000000082d00000, 0x0000000082e00000|  0%| F|  |TAMS 0x0000000082d00000, 0x0000000082d00000| Untracked 
|  12|0x0000000082e00000, 0x0000000082e00000, 0x0000000082f00000|  0%| F|  |TAMS 0x0000000082e00000, 0x0000000082e00000| Untracked 
|  13|0x0000000082f00000, 0x0000000082f00000, 0x0000000083000000|  0%| F|  |TAMS 0x0000000082f00000, 0x0000000082f00000| Untracked 
|  14|0x0000000083000000, 0x0000000083000000, 0x0000000083100000|  0%| F|  |TAMS 0x0000000083000000, 0x0000000083000000| Untracked 
|  15|0x0000000083100000, 0x0000000083100000, 0x0000000083200000|  0%| F|  |TAMS 0x0000000083100000, 0x0000000083100000| Untracked 
|  16|0x0000000083200000, 0x0000000083200000, 0x0000000083300000|  0%| F|  |TAMS 0x0000000083200000, 0x0000000083200000| Untracked 
|  17|0x0000000083300000, 0x0000000083300000, 0x0000000083400000|  0%| F|  |TAMS 0x0000000083300000, 0x0000000083300000| Untracked 
|  18|0x0000000083400000, 0x0000000083400000, 0x0000000083500000|  0%| F|  |TAMS 0x0000000083400000, 0x0000000083400000| Untracked 
|  19|0x0000000083500000, 0x0000000083500000, 0x0000000083600000|  0%| F|  |TAMS 0x0000000083500000, 0x0000000083500000| Untracked 
|  20|0x0000000083600000, 0x0000000083600000, 0x0000000083700000|  0%| F|  |TAMS 0x0000000083600000, 0x0000000083600000| Untracked 
|  21|0x0000000083700000, 0x0000000083700000, 0x0000000083800000|  0%| F|  |TAMS 0x0000000083700000, 0x0000000083700000| Untracked 
|  22|0x0000000083800000, 0x0000000083800000, 0x0000000083900000|  0%| F|  |TAMS 0x0000000083800000, 0x0000000083800000| Untracked 
|  23|0x0000000083900000, 0x0000000083900000, 0x0000000083a00000|  0%| F|  |TAMS 0x0000000083900000, 0x0000000083900000| Untracked 
|  24|0x0000000083a00000, 0x0000000083a00000, 0x0000000083b00000|  0%| F|  |TAMS 0x0000000083a00000, 0x0000000083a00000| Untracked 
|  25|0x0000000083b00000, 0x0000000083b00000, 0x0000000083c00000|  0%| F|  |TAMS 0x0000000083b00000, 0x0000000083b00000| Untracked 
|  26|0x0000000083c00000, 0x0000000083c00000, 0x0000000083d00000|  0%| F|  |TAMS 0x0000000083c00000, 0x0000000083c00000| Untracked 
|  27|0x0000000083d00000, 0x0000000083d00000, 0x0000000083e00000|  0%| F|  |TAMS 0x0000000083d00000, 0x0000000083d00000| Untracked 
|  28|0x0000000083e00000, 0x0000000083e00000, 0x0000000083f00000|  0%| F|  |TAMS 0x0000000083e00000, 0x0000000083e00000| Untracked 
|  29|0x0000000083f00000, 0x0000000083f00000, 0x0000000084000000|  0%| F|  |TAMS 0x0000000083f00000, 0x0000000083f00000| Untracked 
|  30|0x0000000084000000, 0x0000000084000000, 0x0000000084100000|  0%| F|  |TAMS 0x0000000084000000, 0x0000000084000000| Untracked 
|  31|0x0000000084100000, 0x0000000084100000, 0x0000000084200000|  0%| F|  |TAMS 0x0000000084100000, 0x0000000084100000| Untracked 
|  32|0x0000000084200000, 0x0000000084200000, 0x0000000084300000|  0%| F|  |TAMS 0x0000000084200000, 0x0000000084200000| Untracked 
|  33|0x0000000084300000, 0x0000000084300000, 0x0000000084400000|  0%| F|  |TAMS 0x0000000084300000, 0x0000000084300000| Untracked 
|  34|0x0000000084400000, 0x0000000084400000, 0x0000000084500000|  0%| F|  |TAMS 0x0000000084400000, 0x0000000084400000| Untracked 
|  35|0x0000000084500000, 0x0000000084500000, 0x0000000084600000|  0%| F|  |TAMS 0x0000000084500000, 0x0000000084500000| Untracked 
|  36|0x0000000084600000, 0x0000000084600000, 0x0000000084700000|  0%| F|  |TAMS 0x0000000084600000, 0x0000000084600000| Untracked 
|  37|0x0000000084700000, 0x0000000084700000, 0x0000000084800000|  0%| F|  |TAMS 0x0000000084700000, 0x0000000084700000| Untracked 
|  38|0x0000000084800000, 0x0000000084800000, 0x0000000084900000|  0%| F|  |TAMS 0x0000000084800000, 0x0000000084800000| Untracked 
|  39|0x0000000084900000, 0x0000000084900000, 0x0000000084a00000|  0%| F|  |TAMS 0x0000000084900000, 0x0000000084900000| Untracked 
|  40|0x0000000084a00000, 0x0000000084a00000, 0x0000000084b00000|  0%| F|  |TAMS 0x0000000084a00000, 0x0000000084a00000| Untracked 
|  41|0x0000000084b00000, 0x0000000084b00000, 0x0000000084c00000|  0%| F|  |TAMS 0x0000000084b00000, 0x0000000084b00000| Untracked 
|  42|0x0000000084c00000, 0x0000000084c00000, 0x0000000084d00000|  0%| F|  |TAMS 0x0000000084c00000, 0x0000000084c00000| Untracked 
|  43|0x0000000084d00000, 0x0000000084d00000, 0x0000000084e00000|  0%| F|  |TAMS 0x0000000084d00000, 0x0000000084d00000| Untracked 
|  44|0x0000000084e00000, 0x0000000084e00000, 0x0000000084f00000|  0%| F|  |TAMS 0x0000000084e00000, 0x0000000084e00000| Untracked 
|  45|0x0000000084f00000, 0x0000000084f00000, 0x0000000085000000|  0%| F|  |TAMS 0x0000000084f00000, 0x0000000084f00000| Untracked 
|  46|0x0000000085000000, 0x0000000085000000, 0x0000000085100000|  0%| F|  |TAMS 0x0000000085000000, 0x0000000085000000| Untracked 
|  47|0x0000000085100000, 0x0000000085100000, 0x0000000085200000|  0%| F|  |TAMS 0x0000000085100000, 0x0000000085100000| Untracked 
|  48|0x0000000085200000, 0x0000000085200000, 0x0000000085300000|  0%| F|  |TAMS 0x0000000085200000, 0x0000000085200000| Untracked 
|  49|0x0000000085300000, 0x0000000085300000, 0x0000000085400000|  0%| F|  |TAMS 0x0000000085300000, 0x0000000085300000| Untracked 
|  50|0x0000000085400000, 0x0000000085400000, 0x0000000085500000|  0%| F|  |TAMS 0x0000000085400000, 0x0000000085400000| Untracked 
|  51|0x0000000085500000, 0x0000000085500000, 0x0000000085600000|  0%| F|  |TAMS 0x0000000085500000, 0x0000000085500000| Untracked 
|  52|0x0000000085600000, 0x0000000085600000, 0x0000000085700000|  0%| F|  |TAMS 0x0000000085600000, 0x0000000085600000| Untracked 
|  53|0x0000000085700000, 0x0000000085700000, 0x0000000085800000|  0%| F|  |TAMS 0x0000000085700000, 0x0000000085700000| Untracked 
|  54|0x0000000085800000, 0x0000000085800000, 0x0000000085900000|  0%| F|  |TAMS 0x0000000085800000, 0x0000000085800000| Untracked 
|  55|0x0000000085900000, 0x0000000085900000, 0x0000000085a00000|  0%| F|  |TAMS 0x0000000085900000, 0x0000000085900000| Untracked 
|  56|0x0000000085a00000, 0x0000000085a00000, 0x0000000085b00000|  0%| F|  |TAMS 0x0000000085a00000, 0x0000000085a00000| Untracked 
|  57|0x0000000085b00000, 0x0000000085b00000, 0x0000000085c00000|  0%| F|  |TAMS 0x0000000085b00000, 0x0000000085b00000| Untracked 
|  58|0x0000000085c00000, 0x0000000085c00000, 0x0000000085d00000|  0%| F|  |TAMS 0x0000000085c00000, 0x0000000085c00000| Untracked 
|  59|0x0000000085d00000, 0x0000000085d00000, 0x0000000085e00000|  0%| F|  |TAMS 0x0000000085d00000, 0x0000000085d00000| Untracked 
|  60|0x0000000085e00000, 0x0000000085e00000, 0x0000000085f00000|  0%| F|  |TAMS 0x0000000085e00000, 0x0000000085e00000| Untracked 
|  61|0x0000000085f00000, 0x0000000085f00000, 0x0000000086000000|  0%| F|  |TAMS 0x0000000085f00000, 0x0000000085f00000| Untracked 
|  62|0x0000000086000000, 0x0000000086000000, 0x0000000086100000|  0%| F|  |TAMS 0x0000000086000000, 0x0000000086000000| Untracked 
|  63|0x0000000086100000, 0x0000000086100000, 0x0000000086200000|  0%| F|  |TAMS 0x0000000086100000, 0x0000000086100000| Untracked 
|  64|0x0000000086200000, 0x0000000086200000, 0x0000000086300000|  0%| F|  |TAMS 0x0000000086200000, 0x0000000086200000| Untracked 
|  65|0x0000000086300000, 0x0000000086300000, 0x0000000086400000|  0%| F|  |TAMS 0x0000000086300000, 0x0000000086300000| Untracked 
|  66|0x0000000086400000, 0x0000000086400000, 0x0000000086500000|  0%| F|  |TAMS 0x0000000086400000, 0x0000000086400000| Untracked 
|  67|0x0000000086500000, 0x0000000086500000, 0x0000000086600000|  0%| F|  |TAMS 0x0000000086500000, 0x0000000086500000| Untracked 
|  68|0x0000000086600000, 0x0000000086600000, 0x0000000086700000|  0%| F|  |TAMS 0x0000000086600000, 0x0000000086600000| Untracked 
|  69|0x0000000086700000, 0x0000000086700000, 0x0000000086800000|  0%| F|  |TAMS 0x0000000086700000, 0x0000000086700000| Untracked 
|  70|0x0000000086800000, 0x0000000086800000, 0x0000000086900000|  0%| F|  |TAMS 0x0000000086800000, 0x0000000086800000| Untracked 
|  71|0x0000000086900000, 0x0000000086900000, 0x0000000086a00000|  0%| F|  |TAMS 0x0000000086900000, 0x0000000086900000| Untracked 
|  72|0x0000000086a00000, 0x0000000086a00000, 0x0000000086b00000|  0%| F|  |TAMS 0x0000000086a00000, 0x0000000086a00000| Untracked 
|  73|0x0000000086b00000, 0x0000000086b00000, 0x0000000086c00000|  0%| F|  |TAMS 0x0000000086b00000, 0x0000000086b00000| Untracked 
|  74|0x0000000086c00000, 0x0000000086c00000, 0x0000000086d00000|  0%| F|  |TAMS 0x0000000086c00000, 0x0000000086c00000| Untracked 
|  75|0x0000000086d00000, 0x0000000086d00000, 0x0000000086e00000|  0%| F|  |TAMS 0x0000000086d00000, 0x0000000086d00000| Untracked 
|  76|0x0000000086e00000, 0x0000000086e00000, 0x0000000086f00000|  0%| F|  |TAMS 0x0000000086e00000, 0x0000000086e00000| Untracked 
|  77|0x0000000086f00000, 0x0000000086f00000, 0x0000000087000000|  0%| F|  |TAMS 0x0000000086f00000, 0x0000000086f00000| Untracked 
|  78|0x0000000087000000, 0x0000000087000000, 0x0000000087100000|  0%| F|  |TAMS 0x0000000087000000, 0x0000000087000000| Untracked 
|  79|0x0000000087100000, 0x0000000087100000, 0x0000000087200000|  0%| F|  |TAMS 0x0000000087100000, 0x0000000087100000| Untracked 
|  80|0x0000000087200000, 0x0000000087200000, 0x0000000087300000|  0%| F|  |TAMS 0x0000000087200000, 0x0000000087200000| Untracked 
|  81|0x0000000087300000, 0x0000000087300000, 0x0000000087400000|  0%| F|  |TAMS 0x0000000087300000, 0x0000000087300000| Untracked 
|  82|0x0000000087400000, 0x0000000087400000, 0x0000000087500000|  0%| F|  |TAMS 0x0000000087400000, 0x0000000087400000| Untracked 
|  83|0x0000000087500000, 0x0000000087500000, 0x0000000087600000|  0%| F|  |TAMS 0x0000000087500000, 0x0000000087500000| Untracked 
|  84|0x0000000087600000, 0x0000000087600000, 0x0000000087700000|  0%| F|  |TAMS 0x0000000087600000, 0x0000000087600000| Untracked 
|  85|0x0000000087700000, 0x0000000087700000, 0x0000000087800000|  0%| F|  |TAMS 0x0000000087700000, 0x0000000087700000| Untracked 
|  86|0x0000000087800000, 0x0000000087800000, 0x0000000087900000|  0%| F|  |TAMS 0x0000000087800000, 0x0000000087800000| Untracked 
|  87|0x0000000087900000, 0x0000000087900000, 0x0000000087a00000|  0%| F|  |TAMS 0x0000000087900000, 0x0000000087900000| Untracked 
|  88|0x0000000087a00000, 0x0000000087a00000, 0x0000000087b00000|  0%| F|  |TAMS 0x0000000087a00000, 0x0000000087a00000| Untracked 
|  89|0x0000000087b00000, 0x0000000087b00000, 0x0000000087c00000|  0%| F|  |TAMS 0x0000000087b00000, 0x0000000087b00000| Untracked 
|  90|0x0000000087c00000, 0x0000000087c00000, 0x0000000087d00000|  0%| F|  |TAMS 0x0000000087c00000, 0x0000000087c00000| Untracked 
|  91|0x0000000087d00000, 0x0000000087d00000, 0x0000000087e00000|  0%| F|  |TAMS 0x0000000087d00000, 0x0000000087d00000| Untracked 
|  92|0x0000000087e00000, 0x0000000087e00000, 0x0000000087f00000|  0%| F|  |TAMS 0x0000000087e00000, 0x0000000087e00000| Untracked 
|  93|0x0000000087f00000, 0x0000000087f00000, 0x0000000088000000|  0%| F|  |TAMS 0x0000000087f00000, 0x0000000087f00000| Untracked 
|  94|0x0000000088000000, 0x0000000088000000, 0x0000000088100000|  0%| F|  |TAMS 0x0000000088000000, 0x0000000088000000| Untracked 
|  95|0x0000000088100000, 0x0000000088100000, 0x0000000088200000|  0%| F|  |TAMS 0x0000000088100000, 0x0000000088100000| Untracked 
|  96|0x0000000088200000, 0x0000000088200000, 0x0000000088300000|  0%| F|  |TAMS 0x0000000088200000, 0x0000000088200000| Untracked 
|  97|0x0000000088300000, 0x0000000088300000, 0x0000000088400000|  0%| F|  |TAMS 0x0000000088300000, 0x0000000088300000| Untracked 
|  98|0x0000000088400000, 0x0000000088400000, 0x0000000088500000|  0%| F|  |TAMS 0x0000000088400000, 0x0000000088400000| Untracked 
|  99|0x0000000088500000, 0x0000000088500000, 0x0000000088600000|  0%| F|  |TAMS 0x0000000088500000, 0x0000000088500000| Untracked 
| 100|0x0000000088600000, 0x0000000088600000, 0x0000000088700000|  0%| F|  |TAMS 0x0000000088600000, 0x0000000088600000| Untracked 
| 101|0x0000000088700000, 0x0000000088700000, 0x0000000088800000|  0%| F|  |TAMS 0x0000000088700000, 0x0000000088700000| Untracked 
| 102|0x0000000088800000, 0x0000000088800000, 0x0000000088900000|  0%| F|  |TAMS 0x0000000088800000, 0x0000000088800000| Untracked 
| 103|0x0000000088900000, 0x0000000088900000, 0x0000000088a00000|  0%| F|  |TAMS 0x0000000088900000, 0x0000000088900000| Untracked 
| 104|0x0000000088a00000, 0x0000000088a00000, 0x0000000088b00000|  0%| F|  |TAMS 0x0000000088a00000, 0x0000000088a00000| Untracked 
| 105|0x0000000088b00000, 0x0000000088b00000, 0x0000000088c00000|  0%| F|  |TAMS 0x0000000088b00000, 0x0000000088b00000| Untracked 
| 106|0x0000000088c00000, 0x0000000088c00000, 0x0000000088d00000|  0%| F|  |TAMS 0x0000000088c00000, 0x0000000088c00000| Untracked 
| 107|0x0000000088d00000, 0x0000000088d6eb58, 0x0000000088e00000| 43%| E|  |TAMS 0x0000000088d00000, 0x0000000088d00000| Complete 
| 108|0x0000000088e00000, 0x0000000088f00000, 0x0000000088f00000|100%| E|CS|TAMS 0x0000000088e00000, 0x0000000088e00000| Complete 
| 109|0x0000000088f00000, 0x0000000089000000, 0x0000000089000000|100%| E|CS|TAMS 0x0000000088f00000, 0x0000000088f00000| Complete 
| 110|0x0000000089000000, 0x0000000089100000, 0x0000000089100000|100%| E|CS|TAMS 0x0000000089000000, 0x0000000089000000| Complete 
| 111|0x0000000089100000, 0x0000000089200000, 0x0000000089200000|100%| E|CS|TAMS 0x0000000089100000, 0x0000000089100000| Complete 
| 112|0x0000000089200000, 0x0000000089300000, 0x0000000089300000|100%| E|CS|TAMS 0x0000000089200000, 0x0000000089200000| Complete 
| 113|0x0000000089300000, 0x0000000089400000, 0x0000000089400000|100%| E|CS|TAMS 0x0000000089300000, 0x0000000089300000| Complete 
| 114|0x0000000089400000, 0x0000000089500000, 0x0000000089500000|100%| E|CS|TAMS 0x0000000089400000, 0x0000000089400000| Complete 
| 115|0x0000000089500000, 0x0000000089600000, 0x0000000089600000|100%| E|CS|TAMS 0x0000000089500000, 0x0000000089500000| Complete 
| 116|0x0000000089600000, 0x0000000089700000, 0x0000000089700000|100%| E|CS|TAMS 0x0000000089600000, 0x0000000089600000| Complete 
| 117|0x0000000089700000, 0x0000000089800000, 0x0000000089800000|100%| E|CS|TAMS 0x0000000089700000, 0x0000000089700000| Complete 
| 118|0x0000000089800000, 0x0000000089900000, 0x0000000089900000|100%| E|CS|TAMS 0x0000000089800000, 0x0000000089800000| Complete 
| 119|0x0000000089900000, 0x0000000089a00000, 0x0000000089a00000|100%| E|  |TAMS 0x0000000089900000, 0x0000000089900000| Complete 
| 120|0x0000000089a00000, 0x0000000089b00000, 0x0000000089b00000|100%| E|CS|TAMS 0x0000000089a00000, 0x0000000089a00000| Complete 
| 121|0x0000000089b00000, 0x0000000089c00000, 0x0000000089c00000|100%| E|CS|TAMS 0x0000000089b00000, 0x0000000089b00000| Complete 
| 122|0x0000000089c00000, 0x0000000089d00000, 0x0000000089d00000|100%| E|CS|TAMS 0x0000000089c00000, 0x0000000089c00000| Complete 
| 123|0x0000000089d00000, 0x0000000089e00000, 0x0000000089e00000|100%| E|CS|TAMS 0x0000000089d00000, 0x0000000089d00000| Complete 
| 124|0x0000000089e00000, 0x0000000089f00000, 0x0000000089f00000|100%| E|CS|TAMS 0x0000000089e00000, 0x0000000089e00000| Complete 
| 125|0x0000000089f00000, 0x000000008a000000, 0x000000008a000000|100%| E|CS|TAMS 0x0000000089f00000, 0x0000000089f00000| Complete 

Card table byte_map: [0x0000026fd6e40000,0x0000026fd7230000] _byte_map_base: 0x0000026fd6a2f000

Marking Bits (Prev, Next): (CMBitMap*) 0x0000026fc0103d40, (CMBitMap*) 0x0000026fc0103d80
 Prev Bits: [0x0000026fd7620000, 0x0000026fd9598000)
 Next Bits: [0x0000026fd95a0000, 0x0000026fdb518000)

Polling page: 0x0000026fbe090000

Metaspace:

Usage:
  Non-class:      4.60 MB used.
      Class:    486.24 KB used.
       Both:      5.08 MB used.

Virtual space:
  Non-class space:       64.00 MB reserved,       4.69 MB (  7%) committed,  1 nodes.
      Class space:        1.00 GB reserved,     512.00 KB ( <1%) committed,  1 nodes.
             Both:        1.06 GB reserved,       5.19 MB ( <1%) committed. 

Chunk freelists:
   Non-Class:  8.09 MB
       Class:  15.30 MB
        Both:  23.39 MB

MaxMetaspaceSize: unlimited
CompressedClassSpaceSize: 1.00 GB
Initial GC threshold: 21.00 MB
Current GC threshold: 21.00 MB
CDS: on
MetaspaceReclaimPolicy: balanced
 - commit_granule_bytes: 65536.
 - commit_granule_words: 8192.
 - virtual_space_node_default_size: 8388608.
 - enlarge_chunks_in_place: 1.
 - new_chunks_are_fully_committed: 0.
 - uncommit_free_chunks: 1.
 - use_allocation_guard: 0.
 - handle_deallocations: 1.


Internal statistics:

num_allocs_failed_limit: 0.
num_arena_births: 6.
num_arena_deaths: 0.
num_vsnodes_births: 2.
num_vsnodes_deaths: 0.
num_space_committed: 83.
num_space_uncommitted: 0.
num_chunks_returned_to_freelist: 0.
num_chunks_taken_from_freelist: 157.
num_chunk_merges: 0.
num_chunk_splits: 143.
num_chunks_enlarged: 138.
num_inconsistent_stats: 0.

CodeHeap 'non-profiled nmethods': size=120000Kb used=145Kb max_used=145Kb free=119854Kb
 bounds [0x0000026fcf410000, 0x0000026fcf680000, 0x0000026fd6940000]
CodeHeap 'profiled nmethods': size=120000Kb used=1006Kb max_used=1006Kb free=118993Kb
 bounds [0x0000026fc7940000, 0x0000026fc7bb0000, 0x0000026fcee70000]
CodeHeap 'non-nmethods': size=5760Kb used=1139Kb max_used=1155Kb free=4620Kb
 bounds [0x0000026fcee70000, 0x0000026fcf0e0000, 0x0000026fcf410000]
 total_blobs=973 nmethods=548 adapters=338
 compilation: enabled
              stopped_count=0, restarted_count=0
 full_count=0

Compilation events (20 events):
Event: 1.745 Thread 0x0000026fddd30b60 nmethod 537 0x0000026fcf432310 code [0x0000026fcf432480, 0x0000026fcf4324f8]
Event: 1.745 Thread 0x0000026fddd34dd0 nmethod 538 0x0000026fc7a39990 code [0x0000026fc7a39bc0, 0x0000026fc7a3a3f8]
Event: 1.745 Thread 0x0000026fddd34dd0  539       3       java.nio.DirectIntBufferU::ix (10 bytes)
Event: 1.745 Thread 0x0000026fddd34dd0 nmethod 539 0x0000026fc7a3a890 code [0x0000026fc7a3aa20, 0x0000026fc7a3ab38]
Event: 1.762 Thread 0x0000026fddd34dd0  540       3       java.util.concurrent.ConcurrentHashMap$Node::<init> (14 bytes)
Event: 1.762 Thread 0x0000026fddd34dd0 nmethod 540 0x0000026fc7a3ac10 code [0x0000026fc7a3adc0, 0x0000026fc7a3b0b8]
Event: 1.822 Thread 0x0000026fddd30b60  542       4       java.lang.CharacterDataLatin1::toUpperCase (53 bytes)
Event: 1.822 Thread 0x0000026fddd30b60 nmethod 542 0x0000026fcf432a10 code [0x0000026fcf432b80, 0x0000026fcf432c98]
Event: 1.830 Thread 0x0000026fddd30b60  543 %     4       java.lang.StringLatin1::indexOf @ 30 (121 bytes)
Event: 1.836 Thread 0x0000026fddd30b60 nmethod 543% 0x0000026fcf432d90 code [0x0000026fcf432f20, 0x0000026fcf433338]
Event: 1.852 Thread 0x0000026fddd30b60  544       4       java.util.zip.ZipFile::ensureOpen (40 bytes)
Event: 1.853 Thread 0x0000026fddd34dd0  545       3       java.lang.Number::<init> (5 bytes)
Event: 1.853 Thread 0x0000026fddd34dd0 nmethod 545 0x0000026fc7a3b190 code [0x0000026fc7a3b320, 0x0000026fc7a3b478]
Event: 1.853 Thread 0x0000026fddd34dd0  546       3       java.lang.Long::<init> (10 bytes)
Event: 1.853 Thread 0x0000026fddd30b60 nmethod 544 0x0000026fcf433590 code [0x0000026fcf433700, 0x0000026fcf4337b8]
Event: 1.853 Thread 0x0000026fddd34dd0 nmethod 546 0x0000026fc7a3b510 code [0x0000026fc7a3b6c0, 0x0000026fc7a3b898]
Event: 1.853 Thread 0x0000026fddd30b60  547 %     4       sun.net.www.ParseUtil::firstEncodeIndex @ 7 (86 bytes)
Event: 1.855 Thread 0x0000026fddd30b60 nmethod 547% 0x0000026fcf433890 code [0x0000026fcf433a20, 0x0000026fcf433c88]
Event: 2.004 Thread 0x0000026fddd30b60  548       4       java.lang.String::startsWith (138 bytes)
Event: 2.008 Thread 0x0000026fddd30b60 nmethod 548 0x0000026fcf433e90 code [0x0000026fcf434020, 0x0000026fcf434318]

GC Heap History (0 events):
No events

Deoptimization events (20 events):
Event: 0.532 Thread 0x0000026fc00a8f50 DEOPT PACKING pc=0x0000026fc795868c sp=0x000000b555afd6f0
Event: 0.532 Thread 0x0000026fc00a8f50 DEOPT UNPACKING pc=0x0000026fceec2b43 sp=0x000000b555afcb80 mode 0
Event: 0.532 Thread 0x0000026fc00a8f50 DEOPT PACKING pc=0x0000026fc795868c sp=0x000000b555afd6f0
Event: 0.532 Thread 0x0000026fc00a8f50 DEOPT UNPACKING pc=0x0000026fceec2b43 sp=0x000000b555afcb80 mode 0
Event: 0.532 Thread 0x0000026fc00a8f50 DEOPT PACKING pc=0x0000026fc795868c sp=0x000000b555afd6f0
Event: 0.532 Thread 0x0000026fc00a8f50 DEOPT UNPACKING pc=0x0000026fceec2b43 sp=0x000000b555afcb80 mode 0
Event: 0.532 Thread 0x0000026fc00a8f50 DEOPT PACKING pc=0x0000026fc795868c sp=0x000000b555afd6f0
Event: 0.532 Thread 0x0000026fc00a8f50 DEOPT UNPACKING pc=0x0000026fceec2b43 sp=0x000000b555afcb80 mode 0
Event: 0.735 Thread 0x0000026fc00a8f50 Uncommon trap: trap_request=0xffffff45 fr.pc=0x0000026fcf41582c relative=0x00000000000006cc
Event: 0.735 Thread 0x0000026fc00a8f50 Uncommon trap: reason=unstable_if action=reinterpret pc=0x0000026fcf41582c method=java.util.zip.ZipFile$Source.checkAndAddEntry(II)I @ 50 c2
Event: 0.735 Thread 0x0000026fc00a8f50 DEOPT PACKING pc=0x0000026fcf41582c sp=0x000000b555afe290
Event: 0.735 Thread 0x0000026fc00a8f50 DEOPT UNPACKING pc=0x0000026fceec23a3 sp=0x000000b555afe200 mode 2
Event: 0.897 Thread 0x0000026fc00a8f50 DEOPT PACKING pc=0x0000026fc7956767 sp=0x000000b555afb710
Event: 0.897 Thread 0x0000026fc00a8f50 DEOPT UNPACKING pc=0x0000026fceec2b43 sp=0x000000b555afab30 mode 0
Event: 0.940 Thread 0x0000026fc00a8f50 DEOPT PACKING pc=0x0000026fc7955ad1 sp=0x000000b555af97e0
Event: 0.940 Thread 0x0000026fc00a8f50 DEOPT UNPACKING pc=0x0000026fceec2b43 sp=0x000000b555af8c58 mode 0
Event: 1.518 Thread 0x0000026fc00a8f50 DEOPT PACKING pc=0x0000026fc79e22a7 sp=0x000000b555afb3f0
Event: 1.518 Thread 0x0000026fc00a8f50 DEOPT UNPACKING pc=0x0000026fceec2b43 sp=0x000000b555afa850 mode 0
Event: 1.690 Thread 0x0000026fc00a8f50 DEOPT PACKING pc=0x0000026fc796ea56 sp=0x000000b555af5b00
Event: 1.690 Thread 0x0000026fc00a8f50 DEOPT UNPACKING pc=0x0000026fceec2b43 sp=0x000000b555af4f88 mode 0

Classes unloaded (0 events):
No events

Classes redefined (0 events):
No events

Internal exceptions (0 events):
No events

VM Operations (8 events):
Event: 0.548 Executing VM operation: HandshakeAllThreads
Event: 0.548 Executing VM operation: HandshakeAllThreads done
Event: 0.973 Executing VM operation: HandshakeAllThreads
Event: 0.973 Executing VM operation: HandshakeAllThreads done
Event: 1.484 Executing VM operation: HandshakeAllThreads
Event: 1.484 Executing VM operation: HandshakeAllThreads done
Event: 1.484 Executing VM operation: Cleanup
Event: 1.484 Executing VM operation: Cleanup done

Events (20 events):
Event: 1.469 loading class sun/net/www/protocol/jar/URLJarFile$URLJarFileCloseController done
Event: 1.469 loading class sun/net/www/protocol/jar/JarFileFactory done
Event: 1.469 loading class sun/net/www/protocol/file/FileURLConnection
Event: 1.472 loading class sun/net/www/URLConnection
Event: 1.475 loading class sun/net/www/URLConnection done
Event: 1.475 loading class sun/net/www/protocol/file/FileURLConnection done
Event: 1.475 loading class sun/net/www/MessageHeader
Event: 1.479 loading class sun/net/www/MessageHeader done
Event: 1.479 loading class sun/net/www/protocol/jar/URLJarFile
Event: 1.484 loading class sun/net/www/protocol/jar/URLJarFile done
Event: 1.484 loading class sun/net/www/protocol/jar/URLJarFile$URLJarFileEntry
Event: 1.484 loading class sun/net/www/protocol/jar/URLJarFile$URLJarFileEntry done
Event: 1.485 loading class sun/net/www/protocol/jar/JarURLConnection$JarURLInputStream
Event: 1.485 loading class sun/net/www/protocol/jar/JarURLConnection$JarURLInputStream done
Event: 1.676 loading class java/util/Collections$SingletonList
Event: 1.679 loading class java/util/Collections$SingletonList done
Event: 1.801 loading class java/lang/reflect/InvocationTargetException
Event: 1.803 loading class java/lang/reflect/InvocationTargetException done
Event: 1.836 loading class java/io/UnsupportedEncodingException
Event: 1.838 loading class java/io/UnsupportedEncodingException done


Dynamic libraries:
0x00007ff618900000 - 0x00007ff618910000 	C:\Program Files\Java\jdk-17\bin\java.exe
0x00007ffe32950000 - 0x00007ffe32b48000 	C:\Windows\SYSTEM32\ntdll.dll
0x00007ffe31490000 - 0x00007ffe3154d000 	C:\Windows\System32\KERNEL32.DLL
0x00007ffe30680000 - 0x00007ffe30976000 	C:\Windows\System32\KERNELBASE.dll
0x00007ffe30580000 - 0x00007ffe30680000 	C:\Windows\System32\ucrtbase.dll
0x00007ffe283c0000 - 0x00007ffe283d9000 	C:\Program Files\Java\jdk-17\bin\jli.dll
0x00007ffe30bd0000 - 0x00007ffe30c80000 	C:\Windows\System32\ADVAPI32.dll
0x00007ffe20650000 - 0x00007ffe2066b000 	C:\Program Files\Java\jdk-17\bin\VCRUNTIME140.dll
0x00007ffe32370000 - 0x00007ffe3240e000 	C:\Windows\System32\msvcrt.dll
0x00007ffe313f0000 - 0x00007ffe31490000 	C:\Windows\System32\sechost.dll
0x00007ffe31210000 - 0x00007ffe31333000 	C:\Windows\System32\RPCRT4.dll
0x00007ffe300e0000 - 0x00007ffe30107000 	C:\Windows\System32\bcrypt.dll
0x00007ffe30980000 - 0x00007ffe30b1f000 	C:\Windows\System32\USER32.dll
0x00007ffe30000000 - 0x00007ffe30022000 	C:\Windows\System32\win32u.dll
0x00007ffe31360000 - 0x00007ffe3138b000 	C:\Windows\System32\GDI32.dll
0x00007ffe30460000 - 0x00007ffe30577000 	C:\Windows\System32\gdi32full.dll
0x00007ffe180b0000 - 0x00007ffe1834a000 	C:\Windows\WinSxS\amd64_microsoft.windows.common-controls_6595b64144ccf1df_6.0.19041.4355_none_60b8b9eb71f62e16\COMCTL32.dll
0x00007ffe30110000 - 0x00007ffe301ad000 	C:\Windows\System32\msvcp_win.dll
0x00007ffe2fa80000 - 0x00007ffe2fa8a000 	C:\Windows\SYSTEM32\VERSION.dll
0x00007ffe32150000 - 0x00007ffe32182000 	C:\Windows\System32\IMM32.DLL
0x00000000645d0000 - 0x00000000645dc000 	C:\Program Files (x86)\360\Total Security\safemon\SafeWrapper.dll
0x00007ffde0730000 - 0x00007ffde07c2000 	C:\Program Files (x86)\360\Total Security\safemon\libzdtp64.dll
0x00007ffe319e0000 - 0x00007ffe3214b000 	C:\Windows\System32\SHELL32.dll
0x00007ffe31390000 - 0x00007ffe313e5000 	C:\Windows\System32\SHLWAPI.dll
0x00007ffe283a0000 - 0x00007ffe283ac000 	C:\Program Files\Java\jdk-17\bin\vcruntime140_1.dll
0x00007ffe08130000 - 0x00007ffe081be000 	C:\Program Files\Java\jdk-17\bin\msvcp140.dll
0x00007ffdb3a30000 - 0x00007ffdb460f000 	C:\Program Files\Java\jdk-17\bin\server\jvm.dll
0x00007ffe31350000 - 0x00007ffe31358000 	C:\Windows\System32\PSAPI.DLL
0x00007ffe1d840000 - 0x00007ffe1d867000 	C:\Windows\SYSTEM32\WINMM.dll
0x00007ffe1b350000 - 0x00007ffe1b359000 	C:\Windows\SYSTEM32\WSOCK32.dll
0x00007ffe321f0000 - 0x00007ffe3225b000 	C:\Windows\System32\WS2_32.dll
0x00007ffe2dce0000 - 0x00007ffe2dcf2000 	C:\Windows\SYSTEM32\kernel.appcore.dll
0x00007ffe24470000 - 0x00007ffe2447a000 	C:\Program Files\Java\jdk-17\bin\jimage.dll
0x00007ffe16c50000 - 0x00007ffe16e34000 	C:\Windows\SYSTEM32\DBGHELP.DLL
0x00007ffe18010000 - 0x00007ffe18044000 	C:\Windows\SYSTEM32\dbgcore.DLL
0x00007ffe30310000 - 0x00007ffe30392000 	C:\Windows\System32\bcryptPrimitives.dll
0x00007ffe1e8f0000 - 0x00007ffe1e915000 	C:\Program Files\Java\jdk-17\bin\java.dll
0x00007ffe08050000 - 0x00007ffe08127000 	C:\Program Files\Java\jdk-17\bin\jsvml.dll
0x00007ffe2dff0000 - 0x00007ffe2e78d000 	C:\Windows\SYSTEM32\windows.storage.dll
0x00007ffe31680000 - 0x00007ffe319d3000 	C:\Windows\System32\combase.dll
0x00007ffe2f8e0000 - 0x00007ffe2f90e000 	C:\Windows\SYSTEM32\Wldp.dll
0x00007ffe31550000 - 0x00007ffe3161d000 	C:\Windows\System32\OLEAUT32.dll
0x00007ffe30b20000 - 0x00007ffe30bcd000 	C:\Windows\System32\SHCORE.dll
0x00007ffe2ff30000 - 0x00007ffe2ff54000 	C:\Windows\SYSTEM32\profapi.dll
0x00007ffe2bc10000 - 0x00007ffe2bc29000 	C:\Program Files\Java\jdk-17\bin\net.dll
0x00007ffe2b480000 - 0x00007ffe2b58a000 	C:\Windows\SYSTEM32\WINHTTP.dll
0x00007ffe2f640000 - 0x00007ffe2f6aa000 	C:\Windows\system32\mswsock.dll
0x00007ffe284e0000 - 0x00007ffe284f6000 	C:\Program Files\Java\jdk-17\bin\nio.dll
0x00007ffe244f0000 - 0x00007ffe24508000 	C:\Program Files\Java\jdk-17\bin\zip.dll

dbghelp: loaded successfully - version: 4.0.5 - missing functions: none
symbol engine: initialized successfully - sym options: 0x614 - pdb path: .;C:\Program Files\Java\jdk-17\bin;C:\Windows\SYSTEM32;C:\Windows\WinSxS\amd64_microsoft.windows.common-controls_6595b64144ccf1df_6.0.19041.4355_none_60b8b9eb71f62e16;C:\Program Files (x86)\360\Total Security\safemon;C:\Program Files\Java\jdk-17\bin\server

VM Arguments:
java_command: org.jetbrains.kotlin.cli.jvm.K2JVMCompiler @E:\React Project\All Parking\Parking_Fixed\node_modules\react-native-screens\android\build\20240530_14786175663714765174.compiler.options
java_class_path (initial): C:\Users\Admin\.gradle\caches\modules-2\files-2.1\org.jetbrains.kotlin\kotlin-compiler-embeddable\1.8.0\eb9118d4bcceaa2a94b2ae2a33a4ddba7c9a947f\kotlin-compiler-embeddable-1.8.0.jar;C:\Users\Admin\.gradle\caches\modules-2\files-2.1\org.jetbrains.kotlin\kotlin-stdlib\1.8.0\1796921c7a3e2e2665a83e6c8d33399336cd39bc\kotlin-stdlib-1.8.0.jar;C:\Users\Admin\.gradle\caches\modules-2\files-2.1\org.jetbrains.kotlin\kotlin-script-runtime\1.8.0\b2f7e760d283cb339974851c222a4c1d48f2d3d\kotlin-script-runtime-1.8.0.jar;C:\Users\Admin\.gradle\caches\modules-2\files-2.1\org.jetbrains.kotlin\kotlin-reflect\1.6.10\1cbe9c92c12a94eea200d23c2bbaedaf3daf5132\kotlin-reflect-1.6.10.jar;C:\Users\Admin\.gradle\caches\modules-2\files-2.1\org.jetbrains.kotlin\kotlin-daemon-embeddable\1.8.0\d255216c551685dc3a7e852b53617f5f01aaaa5c\kotlin-daemon-embeddable-1.8.0.jar;C:\Users\Admin\.gradle\caches\modules-2\files-2.1\org.jetbrains.intellij.deps\trove4j\1.0.20200330\3afb14d5f9ceb459d724e907a21145e8ff394f02\trove4j-1.0.20200330.jar;C:\Users\Admin\.gradle\caches\modules-2\files-2.1\net.java.dev.jna\jna\5.6.0\330f2244e9030119ab3030fc3fededc86713d9cc\jna-5.6.0.jar;C:\Users\Admin\.gradle\caches\modules-2\files-2.1\org.jetbrains.kotlin\kotlin-stdlib-common\1.8.0\f7197e7cc76453ac59f8b0f8d5137cc600becd36\kotlin-stdlib-common-1.8.0.jar;C:\Users\Admin\.gradle\caches\modules-2\files-2.1\org.jetbrains\annotations\13.0\919f0dfe192fb4e063e7dacadee7f8bb9a2672a9\annotations-13.0.jar
Launcher Type: SUN_STANDARD

[Global flags]
     intx CICompilerCount                          = 3                                         {product} {ergonomic}
     uint ConcGCThreads                            = 2                                         {product} {ergonomic}
     uint G1ConcRefinementThreads                  = 6                                         {product} {ergonomic}
   size_t G1HeapRegionSize                         = 1048576                                   {product} {ergonomic}
    uintx GCDrainStackTargetSize                   = 64                                        {product} {ergonomic}
   size_t InitialHeapSize                          = 132120576                                 {product} {ergonomic}
   size_t MarkStackSize                            = 4194304                                   {product} {ergonomic}
   size_t MaxHeapSize                              = 2111832064                                {product} {ergonomic}
   size_t MaxNewSize                               = 1266679808                                {product} {ergonomic}
   size_t MinHeapDeltaBytes                        = 1048576                                   {product} {ergonomic}
   size_t MinHeapSize                              = 8388608                                   {product} {ergonomic}
    uintx NonNMethodCodeHeapSize                   = 5832780                                {pd product} {ergonomic}
    uintx NonProfiledCodeHeapSize                  = 122912730                              {pd product} {ergonomic}
    uintx ProfiledCodeHeapSize                     = 122912730                              {pd product} {ergonomic}
    uintx ReservedCodeCacheSize                    = 251658240                              {pd product} {ergonomic}
     bool SegmentedCodeCache                       = true                                      {product} {ergonomic}
   size_t SoftMaxHeapSize                          = 2111832064                             {manageable} {ergonomic}
     bool UseCompressedClassPointers               = true                           {product lp64_product} {ergonomic}
     bool UseCompressedOops                        = true                           {product lp64_product} {ergonomic}
     bool UseG1GC                                  = true                                      {product} {ergonomic}
     bool UseLargePagesIndividualAllocation        = false                                  {pd product} {ergonomic}

Logging:
Log output configuration:
 #0: stdout all=warning uptime,level,tags
 #1: stderr all=off uptime,level,tags

Environment Variables:
JAVA_HOME=C:\Program Files\Java\jdk-17
CLASSPATH=E:\React Project\All Parking\Parking_Fixed\android\\gradle\wrapper\gradle-wrapper.jar
PATH=E:\React Project\All Parking\Parking_Fixed\node_modules\.bin;E:\React Project\All Parking\Parking_Fixed\node_modules\.bin;E:\React Project\All Parking\node_modules\.bin;E:\React Project\node_modules\.bin;E:\node_modules\.bin;C:\Program Files\nodejs\node_modules\npm\node_modules\@npmcli\run-script\lib\node-gyp-bin;E:\React Project\All Parking\Parking_Fixed\node_modules\.bin;E:\React Project\All Parking\node_modules\.bin;E:\React Project\node_modules\.bin;E:\node_modules\.bin;C:\Program Files\nodejs\node_modules\npm\node_modules\@npmcli\run-script\lib\node-gyp-bin;C:\Program Files\Common Files\Oracle\Java\javapath;C:\Python312\Scripts\;C:\Python312\;C:\Windows\system32;C:\Windows;C:\Windows\System32\Wbem;C:\Windows\System32\WindowsPowerShell\v1.0\;C:\Windows\System32\OpenSSH\;C:\ProgramData\chocolatey\bin;C:\Program Files\nodejs\;C:\Program Files\Git\cmd;C:\Program Files\Java\jdk-17\bin;C:\Users\Admin\AppData\Local\Android\Sdk\platform-tools;C:\Users\Admin\AppData\Local\Android\Sdk\build-tools\34.0.0;C:\Users\Admin\AppData\Local\Microsoft\WindowsApps;C:\Users\Admin\AppData\Local\Programs\Microsoft VS Code\bin;C:\Users\Admin\AppData\Roaming\npm;C:\Program Files\Java\jdk-17\bin;C:\Users\Admin\AppData\Local\Android\Sdk\platform-tools;C:\Users\Admin\AppData\Local\Android\Sdk\build-tools\34.0.0;
USERNAME=Admin
LANG=en_US.UTF-8
OS=Windows_NT
PROCESSOR_IDENTIFIER=Intel64 Family 6 Model 158 Stepping 10, GenuineIntel



---------------  S Y S T E M  ---------------

OS:
 Windows 10 , 64 bit Build 19041 (10.0.19041.3636)
OS uptime: 1 days 5:46 hours

CPU: total 6 (initial active 6) (6 cores per cpu, 1 threads per core) family 6 model 158 stepping 10 microcode 0xb4, cx8, cmov, fxsr, mmx, 3dnowpref, sse, sse2, sse3, ssse3, sse4.1, sse4.2, popcnt, lzcnt, tsc, tscinvbit, avx, avx2, aes, erms, clmul, bmi1, bmi2, adx, fma, vzeroupper, clflush, clflushopt

Memory: 4k page, system-wide physical 8054M (162M free)
TotalPageFile size 20342M (AvailPageFile size 0M)
current process WorkingSet (physical memory assigned to process): 65M, peak: 65M
current process commit charge ("private bytes"): 212M, peak: 212M

vm_info: Java HotSpot(TM) 64-Bit Server VM (17.0.10+11-LTS-240) for windows-amd64 JRE (17.0.10+11-LTS-240), built on Dec 19 2023 21:47:25 by "mach5one" with MS VC++ 17.1 (VS2022)

END.
