#
# There is insufficient memory for the Java Runtime Environment to continue.
# Native memory allocation (malloc) failed to allocate 1385696 bytes for Chunk::new
# Possible reasons:
#   The system is out of physical RAM or swap space
#   The process is running with CompressedOops enabled, and the Java Heap may be blocking the growth of the native heap
# Possible solutions:
#   Reduce memory load on the system
#   Increase physical memory or swap space
#   Check if swap backing store is full
#   Decrease Java heap size (-Xmx/-Xms)
#   Decrease number of Java threads
#   Decrease Java thread stack sizes (-Xss)
#   Set larger code cache with -XX:ReservedCodeCacheSize=
#   JVM is running with Unscaled Compressed Oops mode in which the Java heap is
#     placed in the first 4GB address space. The Java Heap base address is the
#     maximum limit for the native heap growth. Please use -XX:HeapBaseMinAddress
#     to set the Java Heap base and to place the Java Heap above 4GB virtual address.
# This output file may be truncated or incomplete.
#
#  Out of Memory Error (arena.cpp:189), pid=7428, tid=19288
#
# JRE version: Java(TM) SE Runtime Environment (17.0.10+11) (build 17.0.10+11-LTS-240)
# Java VM: Java HotSpot(TM) 64-Bit Server VM (17.0.10+11-LTS-240, mixed mode, sharing, tiered, compressed oops, compressed class ptrs, g1 gc, windows-amd64)
# No core dump will be written. Minidumps are not enabled by default on client versions of Windows
#

---------------  S U M M A R Y ------------

Command Line: org.jetbrains.kotlin.cli.jvm.K2JVMCompiler @E:\React Native\All Parking\Parking_Dual\node_modules\react-native-screens\android\build\20241122_5686285123799613039.compiler.options

Host: Intel(R) Core(TM) i5-8400 CPU @ 2.80GHz, 6 cores, 7G,  Windows 10 , 64 bit Build 19041 (10.0.19041.5072)
Time: Fri Nov 22 13:36:03 2024 India Standard Time elapsed time: 9.713918 seconds (0d 0h 0m 9s)

---------------  T H R E A D  ---------------

Current thread (0x00000284e4bd6ca0):  JavaThread "C2 CompilerThread0" daemon [_thread_in_native, id=19288, stack(0x00000089d5300000,0x00000089d5400000)]


Current CompileTask:
C2:   9713 6123       4       org.jetbrains.kotlin.com.intellij.lang.impl.PsiBuilderImpl::insertLeaves (88 bytes)

Stack: [0x00000089d5300000,0x00000089d5400000]
Native frames: (J=compiled Java code, j=interpreted, Vv=VM code, C=native code)
V  [jvm.dll+0x677a5a]
V  [jvm.dll+0x7d8b2d]
V  [jvm.dll+0x7da48e]
V  [jvm.dll+0x7daaf3]
V  [jvm.dll+0x2455ff]
V  [jvm.dll+0xaaafb]
V  [jvm.dll+0xab09c]
V  [jvm.dll+0x2aafef]
V  [jvm.dll+0x57fd55]
V  [jvm.dll+0x220472]
V  [jvm.dll+0x22084f]
V  [jvm.dll+0x2197a6]
V  [jvm.dll+0x216c79]
V  [jvm.dll+0x1a3410]
V  [jvm.dll+0x226aeb]
V  [jvm.dll+0x224cab]
V  [jvm.dll+0x78e45c]
V  [jvm.dll+0x78888a]
V  [jvm.dll+0x676935]
C  [ucrtbase.dll+0x21bb2]
C  [KERNEL32.DLL+0x17374]
C  [ntdll.dll+0x4cc91]


---------------  P R O C E S S  ---------------

Threads class SMR info:
_java_thread_list=0x00000284e90cb070, length=12, elements={
0x00000284c6f5b9d0, 0x00000284e4bb8a50, 0x00000284e4bb98d0, 0x00000284e4bcdca0,
0x00000284e4bcf670, 0x00000284e4bd2040, 0x00000284e4bd5f00, 0x00000284e4bd6ca0,
0x00000284e4be0770, 0x00000284e4beb950, 0x00000284e90c7f90, 0x00000284e90cc8b0
}

Java Threads: ( => current thread )
  0x00000284c6f5b9d0 JavaThread "main" [_thread_in_native, id=3052, stack(0x00000089d4600000,0x00000089d4700000)]
  0x00000284e4bb8a50 JavaThread "Reference Handler" daemon [_thread_blocked, id=4768, stack(0x00000089d4d00000,0x00000089d4e00000)]
  0x00000284e4bb98d0 JavaThread "Finalizer" daemon [_thread_blocked, id=20560, stack(0x00000089d4e00000,0x00000089d4f00000)]
  0x00000284e4bcdca0 JavaThread "Signal Dispatcher" daemon [_thread_blocked, id=15492, stack(0x00000089d4f00000,0x00000089d5000000)]
  0x00000284e4bcf670 JavaThread "Attach Listener" daemon [_thread_blocked, id=22740, stack(0x00000089d5000000,0x00000089d5100000)]
  0x00000284e4bd2040 JavaThread "Service Thread" daemon [_thread_blocked, id=21348, stack(0x00000089d5100000,0x00000089d5200000)]
  0x00000284e4bd5f00 JavaThread "Monitor Deflation Thread" daemon [_thread_blocked, id=8856, stack(0x00000089d5200000,0x00000089d5300000)]
=>0x00000284e4bd6ca0 JavaThread "C2 CompilerThread0" daemon [_thread_in_native, id=19288, stack(0x00000089d5300000,0x00000089d5400000)]
  0x00000284e4be0770 JavaThread "C1 CompilerThread0" daemon [_thread_blocked, id=14668, stack(0x00000089d5400000,0x00000089d5500000)]
  0x00000284e4beb950 JavaThread "Sweeper thread" daemon [_thread_blocked, id=20204, stack(0x00000089d5500000,0x00000089d5600000)]
  0x00000284e90c7f90 JavaThread "Notification Thread" daemon [_thread_blocked, id=22544, stack(0x00000089d5600000,0x00000089d5700000)]
  0x00000284e90cc8b0 JavaThread "Common-Cleaner" daemon [_thread_blocked, id=10208, stack(0x00000089d5800000,0x00000089d5900000)]

Other Threads:
  0x00000284e4bb2e30 VMThread "VM Thread" [stack: 0x00000089d4c00000,0x00000089d4d00000] [id=22956]
  0x00000284c6fd7360 WatcherThread [stack: 0x00000089d5700000,0x00000089d5800000] [id=23436]
  0x00000284c6fb4d40 GCTaskThread "GC Thread#0" [stack: 0x00000089d4700000,0x00000089d4800000] [id=2544]
  0x00000284e9521bb0 GCTaskThread "GC Thread#1" [stack: 0x00000089d5900000,0x00000089d5a00000] [id=6544]
  0x00000284e9521e70 GCTaskThread "GC Thread#2" [stack: 0x00000089d5a00000,0x00000089d5b00000] [id=18260]
  0x00000284e95f7c10 GCTaskThread "GC Thread#3" [stack: 0x00000089d5b00000,0x00000089d5c00000] [id=16380]
  0x00000284e9448610 GCTaskThread "GC Thread#4" [stack: 0x00000089d5c00000,0x00000089d5d00000] [id=23064]
  0x00000284e9a40480 GCTaskThread "GC Thread#5" [stack: 0x00000089d5d00000,0x00000089d5e00000] [id=8580]
  0x00000284c6fc5850 ConcurrentGCThread "G1 Main Marker" [stack: 0x00000089d4800000,0x00000089d4900000] [id=18672]
  0x00000284c6fc7a10 ConcurrentGCThread "G1 Conc#0" [stack: 0x00000089d4900000,0x00000089d4a00000] [id=23044]
  0x00000284ea10f460 ConcurrentGCThread "G1 Conc#1" [stack: 0x00000089d5e00000,0x00000089d5f00000] [id=22732]
  0x00000284c70272e0 ConcurrentGCThread "G1 Refine#0" [stack: 0x00000089d4a00000,0x00000089d4b00000] [id=8728]
  0x00000284ea15aad0 ConcurrentGCThread "G1 Refine#1" [stack: 0x00000089d5f00000,0x00000089d6000000] [id=8068]
  0x00000284c7027d10 ConcurrentGCThread "G1 Service" [stack: 0x00000089d4b00000,0x00000089d4c00000] [id=12908]

Threads with active compile tasks:
C2 CompilerThread0     9771 6123       4       org.jetbrains.kotlin.com.intellij.lang.impl.PsiBuilderImpl::insertLeaves (88 bytes)

VM state: not at safepoint (normal execution)

VM Mutex/Monitor currently owned by a thread: None

Heap address: 0x0000000082200000, size: 2014 MB, Compressed Oops mode: 32-bit

CDS archive(s) mapped at: [0x0000028480000000-0x0000028480bd0000-0x0000028480bd0000), size 12386304, SharedBaseAddress: 0x0000028480000000, ArchiveRelocationMode: 1.
Compressed class space mapped at: 0x0000028481000000-0x00000284c1000000, reserved size: 1073741824
Narrow klass base: 0x0000028480000000, Narrow klass shift: 0, Narrow klass range: 0x100000000

GC Precious Log:
 CPUs: 6 total, 6 available
 Memory: 8054M
 Large Page Support: Disabled
 NUMA Support: Disabled
 Compressed Oops: Enabled (32-bit)
 Heap Region Size: 1M
 Heap Min Capacity: 8M
 Heap Initial Capacity: 126M
 Heap Max Capacity: 2014M
 Pre-touch: Disabled
 Parallel Workers: 6
 Concurrent Workers: 2
 Concurrent Refinement Workers: 6
 Periodic GC: Disabled

Heap:
 garbage-first heap   total 93184K, used 56118K [0x0000000082200000, 0x0000000100000000)
  region size 1024K, 13 young (13312K), 3 survivors (3072K)
 Metaspace       used 50369K, committed 50688K, reserved 1114112K
  class space    used 6041K, committed 6208K, reserved 1048576K

Heap Regions: E=young(eden), S=young(survivor), O=old, HS=humongous(starts), HC=humongous(continues), CS=collection set, F=free, OA=open archive, CA=closed archive, TAMS=top-at-mark-start (previous, next)
|   0|0x0000000082200000, 0x0000000082300000, 0x0000000082300000|100%|HS|  |TAMS 0x0000000082300000, 0x0000000082200000| Complete 
|   1|0x0000000082300000, 0x0000000082400000, 0x0000000082400000|100%|HC|  |TAMS 0x0000000082400000, 0x0000000082300000| Complete 
|   2|0x0000000082400000, 0x0000000082500000, 0x0000000082500000|100%|HC|  |TAMS 0x0000000082500000, 0x0000000082400000| Complete 
|   3|0x0000000082500000, 0x0000000082600000, 0x0000000082600000|100%|HC|  |TAMS 0x0000000082600000, 0x0000000082500000| Complete 
|   4|0x0000000082600000, 0x0000000082700000, 0x0000000082700000|100%| O|  |TAMS 0x0000000082700000, 0x0000000082600000| Untracked 
|   5|0x0000000082700000, 0x0000000082800000, 0x0000000082800000|100%| O|  |TAMS 0x0000000082800000, 0x0000000082700000| Untracked 
|   6|0x0000000082800000, 0x00000000828bb000, 0x0000000082900000| 73%| O|  |TAMS 0x00000000828bb000, 0x0000000082800000| Untracked 
|   7|0x0000000082900000, 0x0000000082a00000, 0x0000000082a00000|100%|HS|  |TAMS 0x0000000082a00000, 0x0000000082900000| Complete 
|   8|0x0000000082a00000, 0x0000000082b00000, 0x0000000082b00000|100%|HC|  |TAMS 0x0000000082b00000, 0x0000000082a00000| Complete 
|   9|0x0000000082b00000, 0x0000000082c00000, 0x0000000082c00000|100%|HC|  |TAMS 0x0000000082c00000, 0x0000000082b00000| Complete 
|  10|0x0000000082c00000, 0x0000000082d00000, 0x0000000082d00000|100%|HC|  |TAMS 0x0000000082d00000, 0x0000000082c00000| Complete 
|  11|0x0000000082d00000, 0x0000000082e00000, 0x0000000082e00000|100%| O|  |TAMS 0x0000000082e00000, 0x0000000082d00000| Untracked 
|  12|0x0000000082e00000, 0x0000000082f00000, 0x0000000082f00000|100%| O|  |TAMS 0x0000000082f00000, 0x0000000082e00000| Untracked 
|  13|0x0000000082f00000, 0x0000000083000000, 0x0000000083000000|100%| O|  |TAMS 0x0000000083000000, 0x0000000082f00000| Untracked 
|  14|0x0000000083000000, 0x0000000083100000, 0x0000000083100000|100%| O|  |TAMS 0x0000000083100000, 0x0000000083000000| Untracked 
|  15|0x0000000083100000, 0x0000000083200000, 0x0000000083200000|100%| O|  |TAMS 0x0000000083200000, 0x0000000083100000| Untracked 
|  16|0x0000000083200000, 0x0000000083300000, 0x0000000083300000|100%| O|  |TAMS 0x0000000083300000, 0x0000000083200000| Untracked 
|  17|0x0000000083300000, 0x0000000083400000, 0x0000000083400000|100%| O|  |TAMS 0x0000000083400000, 0x0000000083300000| Untracked 
|  18|0x0000000083400000, 0x0000000083500000, 0x0000000083500000|100%| O|  |TAMS 0x0000000083500000, 0x0000000083400000| Untracked 
|  19|0x0000000083500000, 0x0000000083600000, 0x0000000083600000|100%| O|  |TAMS 0x0000000083600000, 0x0000000083500000| Untracked 
|  20|0x0000000083600000, 0x0000000083700000, 0x0000000083700000|100%|HS|  |TAMS 0x0000000083700000, 0x0000000083600000| Complete 
|  21|0x0000000083700000, 0x0000000083800000, 0x0000000083800000|100%|HC|  |TAMS 0x0000000083800000, 0x0000000083700000| Complete 
|  22|0x0000000083800000, 0x0000000083900000, 0x0000000083900000|100%| O|  |TAMS 0x0000000083900000, 0x0000000083800000| Untracked 
|  23|0x0000000083900000, 0x0000000083a00000, 0x0000000083a00000|100%| O|  |TAMS 0x0000000083a00000, 0x0000000083900000| Untracked 
|  24|0x0000000083a00000, 0x0000000083b00000, 0x0000000083b00000|100%| O|  |TAMS 0x0000000083b00000, 0x0000000083a00000| Untracked 
|  25|0x0000000083b00000, 0x0000000083c00000, 0x0000000083c00000|100%| O|  |TAMS 0x0000000083c00000, 0x0000000083b00000| Untracked 
|  26|0x0000000083c00000, 0x0000000083d00000, 0x0000000083d00000|100%| O|  |TAMS 0x0000000083d00000, 0x0000000083c00000| Untracked 
|  27|0x0000000083d00000, 0x0000000083e00000, 0x0000000083e00000|100%| O|  |TAMS 0x0000000083e00000, 0x0000000083d00000| Untracked 
|  28|0x0000000083e00000, 0x0000000083f00000, 0x0000000083f00000|100%| O|  |TAMS 0x0000000083f00000, 0x0000000083e00000| Untracked 
|  29|0x0000000083f00000, 0x0000000084000000, 0x0000000084000000|100%| O|  |TAMS 0x0000000084000000, 0x0000000083f00000| Untracked 
|  30|0x0000000084000000, 0x0000000084100000, 0x0000000084100000|100%| O|  |TAMS 0x0000000084100000, 0x0000000084000000| Untracked 
|  31|0x0000000084100000, 0x0000000084200000, 0x0000000084200000|100%| O|  |TAMS 0x0000000084200000, 0x0000000084100000| Untracked 
|  32|0x0000000084200000, 0x0000000084300000, 0x0000000084300000|100%| O|  |TAMS 0x0000000084300000, 0x0000000084200000| Untracked 
|  33|0x0000000084300000, 0x0000000084400000, 0x0000000084400000|100%| O|  |TAMS 0x0000000084400000, 0x0000000084300000| Untracked 
|  34|0x0000000084400000, 0x0000000084500000, 0x0000000084500000|100%| O|  |TAMS 0x0000000084500000, 0x0000000084400000| Untracked 
|  35|0x0000000084500000, 0x0000000084500000, 0x0000000084600000|  0%| F|  |TAMS 0x0000000084500000, 0x0000000084500000| Untracked 
|  36|0x0000000084600000, 0x0000000084700000, 0x0000000084700000|100%| O|  |TAMS 0x0000000084700000, 0x0000000084600000| Untracked 
|  37|0x0000000084700000, 0x0000000084800000, 0x0000000084800000|100%| O|  |TAMS 0x0000000084800000, 0x0000000084700000| Untracked 
|  38|0x0000000084800000, 0x0000000084900000, 0x0000000084900000|100%| O|  |TAMS 0x0000000084900000, 0x0000000084800000| Complete 
|  39|0x0000000084900000, 0x0000000084a00000, 0x0000000084a00000|100%| O|  |TAMS 0x0000000084a00000, 0x0000000084900000| Untracked 
|  40|0x0000000084a00000, 0x0000000084b00000, 0x0000000084b00000|100%| O|  |TAMS 0x0000000084b00000, 0x0000000084a00000| Untracked 
|  41|0x0000000084b00000, 0x0000000084c00000, 0x0000000084c00000|100%| O|  |TAMS 0x0000000084c00000, 0x0000000084b00000| Untracked 
|  42|0x0000000084c00000, 0x0000000084d00000, 0x0000000084d00000|100%| O|  |TAMS 0x0000000084d00000, 0x0000000084c00000| Untracked 
|  43|0x0000000084d00000, 0x0000000084d37000, 0x0000000084e00000| 21%| O|  |TAMS 0x0000000084d37000, 0x0000000084d00000| Untracked 
|  44|0x0000000084e00000, 0x0000000084e00000, 0x0000000084f00000|  0%| F|  |TAMS 0x0000000084e00000, 0x0000000084e00000| Untracked 
|  45|0x0000000084f00000, 0x0000000084f00000, 0x0000000085000000|  0%| F|  |TAMS 0x0000000084f00000, 0x0000000084f00000| Untracked 
|  46|0x0000000085000000, 0x0000000085000000, 0x0000000085100000|  0%| F|  |TAMS 0x0000000085000000, 0x0000000085000000| Untracked 
|  47|0x0000000085100000, 0x0000000085100000, 0x0000000085200000|  0%| F|  |TAMS 0x0000000085100000, 0x0000000085100000| Untracked 
|  48|0x0000000085200000, 0x0000000085200000, 0x0000000085300000|  0%| F|  |TAMS 0x0000000085200000, 0x0000000085200000| Untracked 
|  49|0x0000000085300000, 0x0000000085300000, 0x0000000085400000|  0%| F|  |TAMS 0x0000000085300000, 0x0000000085300000| Untracked 
|  50|0x0000000085400000, 0x0000000085400000, 0x0000000085500000|  0%| F|  |TAMS 0x0000000085400000, 0x0000000085400000| Untracked 
|  51|0x0000000085500000, 0x0000000085500000, 0x0000000085600000|  0%| F|  |TAMS 0x0000000085500000, 0x0000000085500000| Untracked 
|  52|0x0000000085600000, 0x0000000085600000, 0x0000000085700000|  0%| F|  |TAMS 0x0000000085600000, 0x0000000085600000| Untracked 
|  53|0x0000000085700000, 0x0000000085700000, 0x0000000085800000|  0%| F|  |TAMS 0x0000000085700000, 0x0000000085700000| Untracked 
|  54|0x0000000085800000, 0x0000000085800000, 0x0000000085900000|  0%| F|  |TAMS 0x0000000085800000, 0x0000000085800000| Untracked 
|  55|0x0000000085900000, 0x0000000085900000, 0x0000000085a00000|  0%| F|  |TAMS 0x0000000085900000, 0x0000000085900000| Untracked 
|  56|0x0000000085a00000, 0x0000000085a00000, 0x0000000085b00000|  0%| F|  |TAMS 0x0000000085a00000, 0x0000000085a00000| Untracked 
|  57|0x0000000085b00000, 0x0000000085b00000, 0x0000000085c00000|  0%| F|  |TAMS 0x0000000085b00000, 0x0000000085b00000| Untracked 
|  58|0x0000000085c00000, 0x0000000085c00000, 0x0000000085d00000|  0%| F|  |TAMS 0x0000000085c00000, 0x0000000085c00000| Untracked 
|  59|0x0000000085d00000, 0x0000000085d00000, 0x0000000085e00000|  0%| F|  |TAMS 0x0000000085d00000, 0x0000000085d00000| Untracked 
|  60|0x0000000085e00000, 0x0000000085e00000, 0x0000000085f00000|  0%| F|  |TAMS 0x0000000085e00000, 0x0000000085e00000| Untracked 
|  61|0x0000000085f00000, 0x0000000085f00000, 0x0000000086000000|  0%| F|  |TAMS 0x0000000085f00000, 0x0000000085f00000| Untracked 
|  62|0x0000000086000000, 0x00000000860dba70, 0x0000000086100000| 85%| S|CS|TAMS 0x0000000086000000, 0x0000000086000000| Complete 
|  63|0x0000000086100000, 0x0000000086200000, 0x0000000086200000|100%| S|CS|TAMS 0x0000000086100000, 0x0000000086100000| Complete 
|  64|0x0000000086200000, 0x0000000086300000, 0x0000000086300000|100%| S|CS|TAMS 0x0000000086200000, 0x0000000086200000| Complete 
|  65|0x0000000086300000, 0x0000000086300000, 0x0000000086400000|  0%| F|  |TAMS 0x0000000086300000, 0x0000000086300000| Untracked 
|  66|0x0000000086400000, 0x0000000086400000, 0x0000000086500000|  0%| F|  |TAMS 0x0000000086400000, 0x0000000086400000| Untracked 
|  67|0x0000000086500000, 0x0000000086500000, 0x0000000086600000|  0%| F|  |TAMS 0x0000000086500000, 0x0000000086500000| Untracked 
|  68|0x0000000086600000, 0x0000000086600000, 0x0000000086700000|  0%| F|  |TAMS 0x0000000086600000, 0x0000000086600000| Untracked 
|  69|0x0000000086700000, 0x0000000086700000, 0x0000000086800000|  0%| F|  |TAMS 0x0000000086700000, 0x0000000086700000| Untracked 
|  70|0x0000000086800000, 0x0000000086800000, 0x0000000086900000|  0%| F|  |TAMS 0x0000000086800000, 0x0000000086800000| Untracked 
|  71|0x0000000086900000, 0x0000000086900000, 0x0000000086a00000|  0%| F|  |TAMS 0x0000000086900000, 0x0000000086900000| Untracked 
|  72|0x0000000086a00000, 0x0000000086a00000, 0x0000000086b00000|  0%| F|  |TAMS 0x0000000086a00000, 0x0000000086a00000| Untracked 
|  73|0x0000000086b00000, 0x0000000086b00000, 0x0000000086c00000|  0%| F|  |TAMS 0x0000000086b00000, 0x0000000086b00000| Untracked 
|  74|0x0000000086c00000, 0x0000000086c00000, 0x0000000086d00000|  0%| F|  |TAMS 0x0000000086c00000, 0x0000000086c00000| Untracked 
|  75|0x0000000086d00000, 0x0000000086d00000, 0x0000000086e00000|  0%| F|  |TAMS 0x0000000086d00000, 0x0000000086d00000| Untracked 
|  76|0x0000000086e00000, 0x0000000086e00000, 0x0000000086f00000|  0%| F|  |TAMS 0x0000000086e00000, 0x0000000086e00000| Untracked 
|  77|0x0000000086f00000, 0x0000000086f00000, 0x0000000087000000|  0%| F|  |TAMS 0x0000000086f00000, 0x0000000086f00000| Untracked 
|  78|0x0000000087000000, 0x0000000087000000, 0x0000000087100000|  0%| F|  |TAMS 0x0000000087000000, 0x0000000087000000| Untracked 
|  79|0x0000000087100000, 0x0000000087100000, 0x0000000087200000|  0%| F|  |TAMS 0x0000000087100000, 0x0000000087100000| Untracked 
|  80|0x0000000087200000, 0x00000000872f2e60, 0x0000000087300000| 94%| E|  |TAMS 0x0000000087200000, 0x0000000087200000| Complete 
|  81|0x0000000087300000, 0x0000000087400000, 0x0000000087400000|100%| E|CS|TAMS 0x0000000087300000, 0x0000000087300000| Complete 
|  82|0x0000000087400000, 0x0000000087500000, 0x0000000087500000|100%| E|CS|TAMS 0x0000000087400000, 0x0000000087400000| Complete 
|  83|0x0000000087500000, 0x0000000087600000, 0x0000000087600000|100%| E|CS|TAMS 0x0000000087500000, 0x0000000087500000| Complete 
|  84|0x0000000087600000, 0x0000000087700000, 0x0000000087700000|100%| E|CS|TAMS 0x0000000087600000, 0x0000000087600000| Complete 
|  85|0x0000000087700000, 0x0000000087800000, 0x0000000087800000|100%| E|CS|TAMS 0x0000000087700000, 0x0000000087700000| Complete 
|  86|0x0000000087800000, 0x0000000087900000, 0x0000000087900000|100%| E|CS|TAMS 0x0000000087800000, 0x0000000087800000| Complete 
|  87|0x0000000087900000, 0x0000000087a00000, 0x0000000087a00000|100%| E|CS|TAMS 0x0000000087900000, 0x0000000087900000| Complete 
|  88|0x0000000087a00000, 0x0000000087b00000, 0x0000000087b00000|100%| E|CS|TAMS 0x0000000087a00000, 0x0000000087a00000| Complete 
| 125|0x0000000089f00000, 0x000000008a000000, 0x000000008a000000|100%| E|CS|TAMS 0x0000000089f00000, 0x0000000089f00000| Complete 
|2013|0x00000000fff00000, 0x0000000100000000, 0x0000000100000000|100%| O|  |TAMS 0x0000000100000000, 0x00000000fff00000| Untracked 

Card table byte_map: [0x00000284ddd10000,0x00000284de100000] _byte_map_base: 0x00000284dd8ff000

Marking Bits (Prev, Next): (CMBitMap*) 0x00000284c6fb5360, (CMBitMap*) 0x00000284c6fb53a0
 Prev Bits: [0x00000284de4f0000, 0x00000284e0468000)
 Next Bits: [0x00000284e0470000, 0x00000284e23e8000)

Polling page: 0x00000284c4d90000

Metaspace:

Usage:
  Non-class:     43.30 MB used.
      Class:      5.90 MB used.
       Both:     49.20 MB used.

Virtual space:
  Non-class space:       64.00 MB reserved,      43.44 MB ( 68%) committed,  1 nodes.
      Class space:        1.00 GB reserved,       6.06 MB ( <1%) committed,  1 nodes.
             Both:        1.06 GB reserved,      49.50 MB (  5%) committed. 

Chunk freelists:
   Non-Class:  4.25 MB
       Class:  9.91 MB
        Both:  14.16 MB

MaxMetaspaceSize: unlimited
CompressedClassSpaceSize: 1.00 GB
Initial GC threshold: 21.00 MB
Current GC threshold: 81.38 MB
CDS: on
MetaspaceReclaimPolicy: balanced
 - commit_granule_bytes: 65536.
 - commit_granule_words: 8192.
 - virtual_space_node_default_size: 8388608.
 - enlarge_chunks_in_place: 1.
 - new_chunks_are_fully_committed: 0.
 - uncommit_free_chunks: 1.
 - use_allocation_guard: 0.
 - handle_deallocations: 1.


Internal statistics:

num_allocs_failed_limit: 6.
num_arena_births: 298.
num_arena_deaths: 0.
num_vsnodes_births: 2.
num_vsnodes_deaths: 0.
num_space_committed: 790.
num_space_uncommitted: 0.
num_chunks_returned_to_freelist: 6.
num_chunks_taken_from_freelist: 2097.
num_chunk_merges: 3.
num_chunk_splits: 1641.
num_chunks_enlarged: 1421.
num_inconsistent_stats: 0.

CodeHeap 'non-profiled nmethods': size=120000Kb used=2404Kb max_used=2404Kb free=117595Kb
 bounds [0x00000284d62e0000, 0x00000284d6550000, 0x00000284dd810000]
CodeHeap 'profiled nmethods': size=120000Kb used=13841Kb max_used=13841Kb free=106158Kb
 bounds [0x00000284ce810000, 0x00000284cf5a0000, 0x00000284d5d40000]
CodeHeap 'non-nmethods': size=5760Kb used=1296Kb max_used=1360Kb free=4463Kb
 bounds [0x00000284d5d40000, 0x00000284d5fb0000, 0x00000284d62e0000]
 total_blobs=7428 nmethods=6811 adapters=528
 compilation: enabled
              stopped_count=0, restarted_count=0
 full_count=0

Compilation events (20 events):
Event: 9.702 Thread 0x00000284e4be0770 nmethod 6741 0x00000284cf557f90 code [0x00000284cf558140, 0x00000284cf5582f8]
Event: 9.702 Thread 0x00000284e4be0770 6742       2       org.jetbrains.kotlin.resolve.OverridingUtil::isOverridableBy (36 bytes)
Event: 9.702 Thread 0x00000284e4be0770 nmethod 6742 0x00000284cf558410 code [0x00000284cf5585c0, 0x00000284cf558798]
Event: 9.702 Thread 0x00000284e4be0770 6743       2       org.jetbrains.kotlin.resolve.OverridingUtil::isVisibleForOverride (45 bytes)
Event: 9.703 Thread 0x00000284e4be0770 nmethod 6743 0x00000284cf558890 code [0x00000284cf558a80, 0x00000284cf558d48]
Event: 9.703 Thread 0x00000284e4be0770 6744       2       org.jetbrains.kotlin.resolve.lazy.LazyImportScope::<init> (52 bytes)
Event: 9.704 Thread 0x00000284e4be0770 nmethod 6744 0x00000284cf558e90 code [0x00000284cf559100, 0x00000284cf559918]
Event: 9.704 Thread 0x00000284e4be0770 6745       2       org.jetbrains.kotlin.resolve.lazy.declarations.AbstractPsiBasedDeclarationProvider::getTypeAliasDeclarations (38 bytes)
Event: 9.705 Thread 0x00000284e4be0770 nmethod 6745 0x00000284cf559d10 code [0x00000284cf559f20, 0x00000284cf55a3a8]
Event: 9.706 Thread 0x00000284e4be0770 6746       3       org.jetbrains.kotlin.load.java.lazy.descriptors.LazyJavaClassDescriptor$LazyJavaClassTypeConstructor::getParameters (13 bytes)
Event: 9.707 Thread 0x00000284e4be0770 nmethod 6746 0x00000284cf55a690 code [0x00000284cf55a840, 0x00000284cf55ab28]
Event: 9.707 Thread 0x00000284e4be0770 6747       2       org.jetbrains.kotlin.resolve.scopes.LexicalScopeStorage::addVariableOrClassDescriptor (92 bytes)
Event: 9.708 Thread 0x00000284e4be0770 nmethod 6747 0x00000284cf55ac10 code [0x00000284cf55aec0, 0x00000284cf55b788]
Event: 9.708 Thread 0x00000284e4be0770 6748       2       org.jetbrains.kotlin.resolve.scopes.LexicalScopeStorage::addDescriptor (37 bytes)
Event: 9.708 Thread 0x00000284e4be0770 nmethod 6748 0x00000284cf55bc90 code [0x00000284cf55be40, 0x00000284cf55bfe8]
Event: 9.708 Thread 0x00000284e4be0770 6749       2       org.jetbrains.kotlin.resolve.scopes.LexicalScopeStorage::plus (10 bytes)
Event: 9.708 Thread 0x00000284e4be0770 nmethod 6749 0x00000284cf55c110 code [0x00000284cf55c2a0, 0x00000284cf55c458]
Event: 9.708 Thread 0x00000284e4be0770 6750       2       org.jetbrains.kotlin.resolve.scopes.LexicalScopeStorage$IntList::<init> (15 bytes)
Event: 9.708 Thread 0x00000284e4be0770 nmethod 6750 0x00000284cf55c510 code [0x00000284cf55c6a0, 0x00000284cf55c7f8]
Event: 9.710 Thread 0x00000284e4be0770 6751       2       org.jetbrains.kotlin.resolve.lazy.descriptors.LazyClassMemberScope::generateFakeOverrides (429 bytes)

GC Heap History (20 events):
Event: 6.139 GC heap before
{Heap before GC invocations=4 (full 0):
 garbage-first heap   total 61440K, used 49826K [0x0000000082200000, 0x0000000100000000)
  region size 1024K, 36 young (36864K), 6 survivors (6144K)
 Metaspace       used 25759K, committed 25984K, reserved 1114112K
  class space    used 3449K, committed 3584K, reserved 1048576K
}
Event: 6.160 GC heap after
{Heap after GC invocations=5 (full 0):
 garbage-first heap   total 62464K, used 24394K [0x0000000082200000, 0x0000000100000000)
  region size 1024K, 5 young (5120K), 5 survivors (5120K)
 Metaspace       used 25759K, committed 25984K, reserved 1114112K
  class space    used 3449K, committed 3584K, reserved 1048576K
}
Event: 6.597 GC heap before
{Heap before GC invocations=5 (full 0):
 garbage-first heap   total 62464K, used 43850K [0x0000000082200000, 0x0000000100000000)
  region size 1024K, 25 young (25600K), 5 survivors (5120K)
 Metaspace       used 29478K, committed 29760K, reserved 1114112K
  class space    used 3846K, committed 3968K, reserved 1048576K
}
Event: 6.605 GC heap after
{Heap after GC invocations=6 (full 0):
 garbage-first heap   total 62464K, used 26243K [0x0000000082200000, 0x0000000100000000)
  region size 1024K, 4 young (4096K), 4 survivors (4096K)
 Metaspace       used 29478K, committed 29760K, reserved 1114112K
  class space    used 3846K, committed 3968K, reserved 1048576K
}
Event: 6.925 GC heap before
{Heap before GC invocations=6 (full 0):
 garbage-first heap   total 62464K, used 44675K [0x0000000082200000, 0x0000000100000000)
  region size 1024K, 23 young (23552K), 4 survivors (4096K)
 Metaspace       used 33324K, committed 33536K, reserved 1114112K
  class space    used 4178K, committed 4288K, reserved 1048576K
}
Event: 6.931 GC heap after
{Heap after GC invocations=7 (full 0):
 garbage-first heap   total 75776K, used 27853K [0x0000000082200000, 0x0000000100000000)
  region size 1024K, 2 young (2048K), 2 survivors (2048K)
 Metaspace       used 33324K, committed 33536K, reserved 1114112K
  class space    used 4178K, committed 4288K, reserved 1048576K
}
Event: 7.142 GC heap before
{Heap before GC invocations=7 (full 0):
 garbage-first heap   total 75776K, used 35021K [0x0000000082200000, 0x0000000100000000)
  region size 1024K, 10 young (10240K), 2 survivors (2048K)
 Metaspace       used 35613K, committed 35904K, reserved 1114112K
  class space    used 4410K, committed 4544K, reserved 1048576K
}
Event: 7.147 GC heap after
{Heap after GC invocations=8 (full 0):
 garbage-first heap   total 75776K, used 28487K [0x0000000082200000, 0x0000000100000000)
  region size 1024K, 3 young (3072K), 3 survivors (3072K)
 Metaspace       used 35613K, committed 35904K, reserved 1114112K
  class space    used 4410K, committed 4544K, reserved 1048576K
}
Event: 7.692 GC heap before
{Heap before GC invocations=9 (full 0):
 garbage-first heap   total 75776K, used 58183K [0x0000000082200000, 0x0000000100000000)
  region size 1024K, 30 young (30720K), 3 survivors (3072K)
 Metaspace       used 39922K, committed 40128K, reserved 1114112K
  class space    used 4901K, committed 4992K, reserved 1048576K
}
Event: 7.702 GC heap after
{Heap after GC invocations=10 (full 0):
 garbage-first heap   total 75776K, used 35442K [0x0000000082200000, 0x0000000100000000)
  region size 1024K, 4 young (4096K), 4 survivors (4096K)
 Metaspace       used 39922K, committed 40128K, reserved 1114112K
  class space    used 4901K, committed 4992K, reserved 1048576K
}
Event: 8.001 GC heap before
{Heap before GC invocations=10 (full 0):
 garbage-first heap   total 75776K, used 57970K [0x0000000082200000, 0x0000000100000000)
  region size 1024K, 26 young (26624K), 4 survivors (4096K)
 Metaspace       used 41771K, committed 41984K, reserved 1114112K
  class space    used 5092K, committed 5184K, reserved 1048576K
}
Event: 8.012 GC heap after
{Heap after GC invocations=11 (full 0):
 garbage-first heap   total 75776K, used 41217K [0x0000000082200000, 0x0000000100000000)
  region size 1024K, 4 young (4096K), 4 survivors (4096K)
 Metaspace       used 41771K, committed 41984K, reserved 1114112K
  class space    used 5092K, committed 5184K, reserved 1048576K
}
Event: 8.171 GC heap before
{Heap before GC invocations=11 (full 0):
 garbage-first heap   total 75776K, used 56577K [0x0000000082200000, 0x0000000100000000)
  region size 1024K, 20 young (20480K), 4 survivors (4096K)
 Metaspace       used 42158K, committed 42432K, reserved 1114112K
  class space    used 5111K, committed 5248K, reserved 1048576K
}
Event: 8.180 GC heap after
{Heap after GC invocations=12 (full 0):
 garbage-first heap   total 75776K, used 42722K [0x0000000082200000, 0x0000000100000000)
  region size 1024K, 2 young (2048K), 2 survivors (2048K)
 Metaspace       used 42158K, committed 42432K, reserved 1114112K
  class space    used 5111K, committed 5248K, reserved 1048576K
}
Event: 8.411 GC heap before
{Heap before GC invocations=13 (full 0):
 garbage-first heap   total 75776K, used 58082K [0x0000000082200000, 0x0000000100000000)
  region size 1024K, 18 young (18432K), 2 survivors (2048K)
 Metaspace       used 43437K, committed 43712K, reserved 1114112K
  class space    used 5225K, committed 5312K, reserved 1048576K
}
Event: 8.418 GC heap after
{Heap after GC invocations=14 (full 0):
 garbage-first heap   total 75776K, used 44595K [0x0000000082200000, 0x0000000100000000)
  region size 1024K, 2 young (2048K), 2 survivors (2048K)
 Metaspace       used 43437K, committed 43712K, reserved 1114112K
  class space    used 5225K, committed 5312K, reserved 1048576K
}
Event: 8.462 GC heap before
{Heap before GC invocations=14 (full 0):
 garbage-first heap   total 75776K, used 45619K [0x0000000082200000, 0x0000000100000000)
  region size 1024K, 3 young (3072K), 2 survivors (2048K)
 Metaspace       used 43546K, committed 43776K, reserved 1114112K
  class space    used 5231K, committed 5312K, reserved 1048576K
}
Event: 8.467 GC heap after
{Heap after GC invocations=15 (full 0):
 garbage-first heap   total 93184K, used 44538K [0x0000000082200000, 0x0000000100000000)
  region size 1024K, 1 young (1024K), 1 survivors (1024K)
 Metaspace       used 43546K, committed 43776K, reserved 1114112K
  class space    used 5231K, committed 5312K, reserved 1048576K
}
Event: 9.355 GC heap before
{Heap before GC invocations=15 (full 0):
 garbage-first heap   total 93184K, used 68090K [0x0000000082200000, 0x0000000100000000)
  region size 1024K, 25 young (25600K), 1 survivors (1024K)
 Metaspace       used 49582K, committed 49984K, reserved 1114112K
  class space    used 6010K, committed 6208K, reserved 1048576K
}
Event: 9.361 GC heap after
{Heap after GC invocations=16 (full 0):
 garbage-first heap   total 93184K, used 46902K [0x0000000082200000, 0x0000000100000000)
  region size 1024K, 3 young (3072K), 3 survivors (3072K)
 Metaspace       used 49582K, committed 49984K, reserved 1114112K
  class space    used 6010K, committed 6208K, reserved 1048576K
}

Deoptimization events (20 events):
Event: 9.366 Thread 0x00000284c6f5b9d0 DEOPT PACKING pc=0x00000284d64fd9c8 sp=0x00000089d46fb250
Event: 9.366 Thread 0x00000284c6f5b9d0 DEOPT UNPACKING pc=0x00000284d5d923a3 sp=0x00000089d46fb208 mode 2
Event: 9.366 Thread 0x00000284c6f5b9d0 Uncommon trap: trap_request=0xffffffbe fr.pc=0x00000284d64fd9c8 relative=0x0000000000000668
Event: 9.366 Thread 0x00000284c6f5b9d0 Uncommon trap: reason=profile_predicate action=maybe_recompile pc=0x00000284d64fd9c8 method=org.jetbrains.kotlin.com.intellij.psi.impl.source.CharTableImpl$StringHashToCharSequencesMap.charSequenceSubSequenceEquals(Ljava/lang/CharSequence;Ljava/lang/CharS
Event: 9.366 Thread 0x00000284c6f5b9d0 DEOPT PACKING pc=0x00000284d64fd9c8 sp=0x00000089d46fb250
Event: 9.366 Thread 0x00000284c6f5b9d0 DEOPT UNPACKING pc=0x00000284d5d923a3 sp=0x00000089d46fb208 mode 2
Event: 9.381 Thread 0x00000284c6f5b9d0 Uncommon trap: trap_request=0xffffffbe fr.pc=0x00000284d63d267c relative=0x00000000000003dc
Event: 9.381 Thread 0x00000284c6f5b9d0 Uncommon trap: reason=profile_predicate action=maybe_recompile pc=0x00000284d63d267c method=org.jetbrains.kotlin.com.intellij.openapi.vfs.CharsetToolkit.guessFromContent(II)Lorg/jetbrains/kotlin/com/intellij/openapi/vfs/CharsetToolkit$GuessedEncoding; @ 2
Event: 9.381 Thread 0x00000284c6f5b9d0 DEOPT PACKING pc=0x00000284d63d267c sp=0x00000089d46fb3f0
Event: 9.381 Thread 0x00000284c6f5b9d0 DEOPT UNPACKING pc=0x00000284d5d923a3 sp=0x00000089d46fb350 mode 2
Event: 9.400 Thread 0x00000284c6f5b9d0 Uncommon trap: trap_request=0xffffffbe fr.pc=0x00000284d63d267c relative=0x00000000000003dc
Event: 9.400 Thread 0x00000284c6f5b9d0 Uncommon trap: reason=profile_predicate action=maybe_recompile pc=0x00000284d63d267c method=org.jetbrains.kotlin.com.intellij.openapi.vfs.CharsetToolkit.guessFromContent(II)Lorg/jetbrains/kotlin/com/intellij/openapi/vfs/CharsetToolkit$GuessedEncoding; @ 2
Event: 9.400 Thread 0x00000284c6f5b9d0 DEOPT PACKING pc=0x00000284d63d267c sp=0x00000089d46fb370
Event: 9.400 Thread 0x00000284c6f5b9d0 DEOPT UNPACKING pc=0x00000284d5d923a3 sp=0x00000089d46fb2d0 mode 2
Event: 9.400 Thread 0x00000284c6f5b9d0 DEOPT PACKING pc=0x00000284cec16dd6 sp=0x00000089d46fb410
Event: 9.400 Thread 0x00000284c6f5b9d0 DEOPT UNPACKING pc=0x00000284d5d92b43 sp=0x00000089d46fa900 mode 0
Event: 9.636 Thread 0x00000284c6f5b9d0 Uncommon trap: trap_request=0xffffffde fr.pc=0x00000284d63e7df0 relative=0x0000000000000070
Event: 9.636 Thread 0x00000284c6f5b9d0 Uncommon trap: reason=class_check action=maybe_recompile pc=0x00000284d63e7df0 method=java.util.Collections$UnmodifiableCollection.size()I @ 4 c2
Event: 9.636 Thread 0x00000284c6f5b9d0 DEOPT PACKING pc=0x00000284d63e7df0 sp=0x00000089d46fbf20
Event: 9.636 Thread 0x00000284c6f5b9d0 DEOPT UNPACKING pc=0x00000284d5d923a3 sp=0x00000089d46fbea8 mode 2

Classes unloaded (0 events):
No events

Classes redefined (0 events):
No events

Internal exceptions (20 events):
Event: 4.984 Thread 0x00000284c6f5b9d0 Exception <a 'java/lang/NoSuchMethodError'{0x000000008877a408}: 'void java.lang.invoke.DirectMethodHandle$Holder.invokeStaticInit(java.lang.Object, java.lang.Object)'> (0x000000008877a408) 
thrown [s\open\src\hotspot\share\interpreter\linkResolver.cpp, line 759]
Event: 5.100 Thread 0x00000284c6f5b9d0 Exception <a 'java/lang/NoSuchMethodError'{0x000000008839a910}: 'void java.lang.invoke.DirectMethodHandle$Holder.invokeVirtual(java.lang.Object, java.lang.Object)'> (0x000000008839a910) 
thrown [s\open\src\hotspot\share\interpreter\linkResolver.cpp, line 759]
Event: 5.117 Thread 0x00000284c6f5b9d0 Exception <a 'java/lang/NoSuchMethodError'{0x0000000088224cb8}: 'int java.lang.invoke.DirectMethodHandle$Holder.invokeVirtual(java.lang.Object, java.lang.Object)'> (0x0000000088224cb8) 
thrown [s\open\src\hotspot\share\interpreter\linkResolver.cpp, line 759]
Event: 5.139 Thread 0x00000284c6f5b9d0 Exception <a 'java/lang/NoSuchMethodError'{0x00000000882cb220}: 'java.lang.Object java.lang.invoke.Invokers$Holder.invokeExact_MT(java.lang.Object, java.lang.Object, java.lang.Object, java.lang.Object, java.lang.Object, java.lang.Object)'> (0x00000000882cb220) 
thrown [s\open\src\hotspot\share\interpreter\linkResolver.cpp, line 759]
Event: 6.263 Thread 0x00000284c6f5b9d0 Exception <a 'java/lang/NoSuchMethodError'{0x000000008767caa0}: 'java.lang.Object java.lang.invoke.DirectMethodHandle$Holder.invokeVirtual(java.lang.Object, java.lang.Object, java.lang.Object)'> (0x000000008767caa0) 
thrown [s\open\src\hotspot\share\interpreter\linkResolver.cpp, line 759]
Event: 7.067 Thread 0x00000284c6f5b9d0 Exception <a 'java/lang/NoSuchMethodError'{0x0000000087612238}: 'java.lang.Object java.lang.invoke.DirectMethodHandle$Holder.newInvokeSpecial(java.lang.Object, java.lang.Object, int)'> (0x0000000087612238) 
thrown [s\open\src\hotspot\share\interpreter\linkResolver.cpp, line 759]
Event: 7.267 Thread 0x00000284c6f5b9d0 Exception <a 'java/lang/NoSuchMethodError'{0x00000000877ddc20}: 'java.lang.Object java.lang.invoke.DirectMethodHandle$Holder.newInvokeSpecial(java.lang.Object, java.lang.Object, java.lang.Object, int)'> (0x00000000877ddc20) 
thrown [s\open\src\hotspot\share\interpreter\linkResolver.cpp, line 759]
Event: 7.267 Thread 0x00000284c6f5b9d0 Exception <a 'java/lang/NoSuchMethodError'{0x00000000877e22a8}: 'java.lang.Object java.lang.invoke.DirectMethodHandle$Holder.invokeSpecial(java.lang.Object, java.lang.Object, java.lang.Object, java.lang.Object, int)'> (0x00000000877e22a8) 
thrown [s\open\src\hotspot\share\interpreter\linkResolver.cpp, line 759]
Event: 7.267 Thread 0x00000284c6f5b9d0 Exception <a 'java/lang/NoSuchMethodError'{0x00000000877e6118}: 'java.lang.Object java.lang.invoke.Invokers$Holder.linkToTargetMethod(java.lang.Object, java.lang.Object, int, java.lang.Object)'> (0x00000000877e6118) 
thrown [s\open\src\hotspot\share\interpreter\linkResolver.cpp, line 759]
Event: 7.466 Thread 0x00000284c6f5b9d0 Exception <a 'java/lang/NoSuchMethodError'{0x0000000085921cb0}: 'java.lang.Object java.lang.invoke.DirectMethodHandle$Holder.invokeInterface(java.lang.Object, java.lang.Object)'> (0x0000000085921cb0) 
thrown [s\open\src\hotspot\share\interpreter\linkResolver.cpp, line 759]
Event: 7.863 Thread 0x00000284c6f5b9d0 Exception <a 'java/lang/NoSuchMethodError'{0x00000000863582b8}: 'java.lang.Object java.lang.invoke.DirectMethodHandle$Holder.newInvokeSpecial(java.lang.Object, java.lang.Object, java.lang.Object, java.lang.Object, java.lang.Object, java.lang.Object, java.lang.Object, java.lang.Object)'> (0x00000000863582b8) 
thrown [s\open\src\hotspot\share\interpreter\linkResolver.cpp, line 759]
Event: 7.864 Thread 0x00000284c6f5b9d0 Exception <a 'java/lang/NoSuchMethodError'{0x000000008635d8d0}: 'java.lang.Object java.lang.invoke.DirectMethodHandle$Holder.invokeSpecial(java.lang.Object, java.lang.Object, java.lang.Object, java.lang.Object, java.lang.Object, java.lang.Object, java.lang.Object, java.lang.Object, java.lang.Object)'> (0x000000008635d8d0) 
thrown [s\open\src\hotspot\share\interpreter\linkResolver.cpp, line 759]
Event: 7.864 Thread 0x00000284c6f5b9d0 Exception <a 'java/lang/NoSuchMethodError'{0x0000000086362800}: 'java.lang.Object java.lang.invoke.Invokers$Holder.linkToTargetMethod(java.lang.Object, java.lang.Object, java.lang.Object, java.lang.Object, java.lang.Object, java.lang.Object, java.lang.Object, java.lang.Object)'> (0x0000000086362800) 
thrown [s\open\src\hotspot\share\interpreter\linkResolver.cpp, line 759]
Event: 8.995 Thread 0x00000284c6f5b9d0 Exception <a 'java/lang/NoSuchMethodError'{0x0000000086eed930}: 'int java.lang.invoke.DirectMethodHandle$Holder.invokeVirtual(java.lang.Object, java.lang.Object, java.lang.Object)'> (0x0000000086eed930) 
thrown [s\open\src\hotspot\share\interpreter\linkResolver.cpp, line 759]
Event: 9.000 Thread 0x00000284c6f5b9d0 Exception <a 'java/lang/NoSuchMethodError'{0x0000000086d26048}: 'java.lang.Object java.lang.invoke.DirectMethodHandle$Holder.invokeStatic(java.lang.Object, java.lang.Object, java.lang.Object, java.lang.Object, int)'> (0x0000000086d26048) 
thrown [s\open\src\hotspot\share\interpreter\linkResolver.cpp, line 759]
Event: 9.001 Thread 0x00000284c6f5b9d0 Exception <a 'java/lang/NoSuchMethodError'{0x0000000086d2f7e0}: 'java.lang.Object java.lang.invoke.DirectMethodHandle$Holder.newInvokeSpecial(java.lang.Object, java.lang.Object, java.lang.Object, java.lang.Object, int)'> (0x0000000086d2f7e0) 
thrown [s\open\src\hotspot\share\interpreter\linkResolver.cpp, line 759]
Event: 9.001 Thread 0x00000284c6f5b9d0 Exception <a 'java/lang/NoSuchMethodError'{0x0000000086d33dc0}: 'java.lang.Object java.lang.invoke.DirectMethodHandle$Holder.invokeSpecial(java.lang.Object, java.lang.Object, java.lang.Object, java.lang.Object, java.lang.Object, int)'> (0x0000000086d33dc0) 
thrown [s\open\src\hotspot\share\interpreter\linkResolver.cpp, line 759]
Event: 9.001 Thread 0x00000284c6f5b9d0 Exception <a 'java/lang/NoSuchMethodError'{0x0000000086d37d50}: 'java.lang.Object java.lang.invoke.Invokers$Holder.linkToTargetMethod(java.lang.Object, java.lang.Object, java.lang.Object, int, java.lang.Object)'> (0x0000000086d37d50) 
thrown [s\open\src\hotspot\share\interpreter\linkResolver.cpp, line 759]
Event: 9.018 Thread 0x00000284c6f5b9d0 Exception <a 'java/lang/NoSuchMethodError'{0x0000000086dd9d78}: 'java.lang.Object java.lang.invoke.DirectMethodHandle$Holder.invokeStaticInit(java.lang.Object, java.lang.Object, java.lang.Object)'> (0x0000000086dd9d78) 
thrown [s\open\src\hotspot\share\interpreter\linkResolver.cpp, line 759]
Event: 9.111 Thread 0x00000284c6f5b9d0 Exception <a 'java/lang/NoSuchMethodError'{0x0000000086a660b8}: 'void java.lang.invoke.DirectMethodHandle$Holder.invokeInterface(java.lang.Object, java.lang.Object)'> (0x0000000086a660b8) 
thrown [s\open\src\hotspot\share\interpreter\linkResolver.cpp, line 759]

VM Operations (20 events):
Event: 9.072 Executing VM operation: HandshakeAllThreads
Event: 9.072 Executing VM operation: HandshakeAllThreads done
Event: 9.073 Executing VM operation: HandshakeAllThreads
Event: 9.073 Executing VM operation: HandshakeAllThreads done
Event: 9.107 Executing VM operation: HandshakeAllThreads
Event: 9.107 Executing VM operation: HandshakeAllThreads done
Event: 9.115 Executing VM operation: ICBufferFull
Event: 9.115 Executing VM operation: ICBufferFull done
Event: 9.165 Executing VM operation: HandshakeAllThreads
Event: 9.165 Executing VM operation: HandshakeAllThreads done
Event: 9.289 Executing VM operation: ICBufferFull
Event: 9.289 Executing VM operation: ICBufferFull done
Event: 9.355 Executing VM operation: G1CollectForAllocation
Event: 9.361 Executing VM operation: G1CollectForAllocation done
Event: 9.390 Executing VM operation: G1Concurrent
Event: 9.394 Executing VM operation: G1Concurrent done
Event: 9.406 Executing VM operation: G1Concurrent
Event: 9.407 Executing VM operation: G1Concurrent done
Event: 9.612 Executing VM operation: ICBufferFull
Event: 9.613 Executing VM operation: ICBufferFull done

Events (20 events):
Event: 9.113 loading class java/util/stream/Node$OfInt done
Event: 9.113 loading class java/util/stream/Nodes$EmptyNode$OfInt done
Event: 9.113 loading class java/util/stream/Nodes$EmptyNode$OfLong
Event: 9.113 loading class java/util/stream/Node$OfLong
Event: 9.114 loading class java/util/stream/Node$OfLong done
Event: 9.114 loading class java/util/stream/Nodes$EmptyNode$OfLong done
Event: 9.114 loading class java/util/stream/Nodes$EmptyNode$OfDouble
Event: 9.114 loading class java/util/stream/Node$OfDouble
Event: 9.114 loading class java/util/stream/Node$OfDouble done
Event: 9.114 loading class java/util/stream/Nodes$EmptyNode$OfDouble done
Event: 9.114 loading class java/util/stream/Nodes$SpinedNodeBuilder
Event: 9.114 loading class java/util/stream/Node$Builder
Event: 9.114 loading class java/util/stream/Node$Builder done
Event: 9.114 loading class java/util/stream/SpinedBuffer
Event: 9.114 loading class java/util/stream/AbstractSpinedBuffer
Event: 9.114 loading class java/util/stream/AbstractSpinedBuffer done
Event: 9.114 loading class java/util/stream/SpinedBuffer done
Event: 9.114 loading class java/util/stream/Nodes$SpinedNodeBuilder done
Event: 9.143 loading class java/util/RegularEnumSet$EnumSetIterator
Event: 9.143 loading class java/util/RegularEnumSet$EnumSetIterator done


Dynamic libraries:
0x00007ff656ae0000 - 0x00007ff656af0000 	C:\Program Files\Java\jdk-17\bin\java.exe
0x00007ffa0b0b0000 - 0x00007ffa0b2a8000 	C:\Windows\SYSTEM32\ntdll.dll
0x00007ffa098d0000 - 0x00007ffa09992000 	C:\Windows\System32\KERNEL32.DLL
0x00007ffa08810000 - 0x00007ffa08b0e000 	C:\Windows\System32\KERNELBASE.dll
0x00007ffa08f30000 - 0x00007ffa09030000 	C:\Windows\System32\ucrtbase.dll
0x00007ffa00760000 - 0x00007ffa00779000 	C:\Program Files\Java\jdk-17\bin\jli.dll
0x00007ffa0ace0000 - 0x00007ffa0ad91000 	C:\Windows\System32\ADVAPI32.dll
0x00007ffa09c80000 - 0x00007ffa09d1e000 	C:\Windows\System32\msvcrt.dll
0x00007ffa0aec0000 - 0x00007ffa0af5f000 	C:\Windows\System32\sechost.dll
0x00007ffa0a0e0000 - 0x00007ffa0a203000 	C:\Windows\System32\RPCRT4.dll
0x00007ffa08750000 - 0x00007ffa08777000 	C:\Windows\System32\bcrypt.dll
0x00007ffa01fb0000 - 0x00007ffa01fcb000 	C:\Program Files\Java\jdk-17\bin\VCRUNTIME140.dll
0x00007ffa09540000 - 0x00007ffa096dd000 	C:\Windows\System32\USER32.dll
0x00007ffa08d90000 - 0x00007ffa08db2000 	C:\Windows\System32\win32u.dll
0x00007ffa09bd0000 - 0x00007ffa09bfb000 	C:\Windows\System32\GDI32.dll
0x00007ffa08b10000 - 0x00007ffa08c27000 	C:\Windows\System32\gdi32full.dll
0x00007ffa09030000 - 0x00007ffa090cd000 	C:\Windows\System32\msvcp_win.dll
0x00007ff9ef900000 - 0x00007ff9efb9a000 	C:\Windows\WinSxS\amd64_microsoft.windows.common-controls_6595b64144ccf1df_6.0.19041.4355_none_60b8b9eb71f62e16\COMCTL32.dll
0x00007ffa04f20000 - 0x00007ffa04f2a000 	C:\Windows\SYSTEM32\VERSION.dll
0x00007ffa098a0000 - 0x00007ffa098cf000 	C:\Windows\System32\IMM32.DLL
0x00007ffa02830000 - 0x00007ffa0283c000 	C:\Program Files\Java\jdk-17\bin\vcruntime140_1.dll
0x00007ff9f0760000 - 0x00007ff9f07ee000 	C:\Program Files\Java\jdk-17\bin\msvcp140.dll
0x00007ff9da6f0000 - 0x00007ff9db2cf000 	C:\Program Files\Java\jdk-17\bin\server\jvm.dll
0x00007ffa09c60000 - 0x00007ffa09c68000 	C:\Windows\System32\PSAPI.DLL
0x00007ff9f9850000 - 0x00007ff9f9859000 	C:\Windows\SYSTEM32\WSOCK32.dll
0x00007ff9f6120000 - 0x00007ff9f6147000 	C:\Windows\SYSTEM32\WINMM.dll
0x00007ffa09ee0000 - 0x00007ffa09f4b000 	C:\Windows\System32\WS2_32.dll
0x00007ffa064d0000 - 0x00007ffa064e2000 	C:\Windows\SYSTEM32\kernel.appcore.dll
0x00007ffa02770000 - 0x00007ffa0277a000 	C:\Program Files\Java\jdk-17\bin\jimage.dll
0x00007ffa01810000 - 0x00007ffa019f4000 	C:\Windows\SYSTEM32\DBGHELP.DLL
0x00007ffa01490000 - 0x00007ffa014c4000 	C:\Windows\SYSTEM32\dbgcore.DLL
0x00007ffa08780000 - 0x00007ffa08802000 	C:\Windows\System32\bcryptPrimitives.dll
0x00007ff9fa810000 - 0x00007ff9fa835000 	C:\Program Files\Java\jdk-17\bin\java.dll
0x00007ff9e11d0000 - 0x00007ff9e12a7000 	C:\Program Files\Java\jdk-17\bin\jsvml.dll
0x00007ffa0a210000 - 0x00007ffa0a97d000 	C:\Windows\System32\SHELL32.dll
0x00007ffa067b0000 - 0x00007ffa06f54000 	C:\Windows\SYSTEM32\windows.storage.dll
0x00007ffa0a980000 - 0x00007ffa0acd3000 	C:\Windows\System32\combase.dll
0x00007ffa080b0000 - 0x00007ffa080de000 	C:\Windows\SYSTEM32\Wldp.dll
0x00007ffa09e10000 - 0x00007ffa09edd000 	C:\Windows\System32\OLEAUT32.dll
0x00007ffa0afc0000 - 0x00007ffa0b06d000 	C:\Windows\System32\SHCORE.dll
0x00007ffa09c00000 - 0x00007ffa09c55000 	C:\Windows\System32\shlwapi.dll
0x00007ffa08680000 - 0x00007ffa086a4000 	C:\Windows\SYSTEM32\profapi.dll
0x00007ff9fa7f0000 - 0x00007ff9fa809000 	C:\Program Files\Java\jdk-17\bin\net.dll
0x00007ffa028d0000 - 0x00007ffa029dd000 	C:\Windows\SYSTEM32\WINHTTP.dll
0x00007ffa07e10000 - 0x00007ffa07e7a000 	C:\Windows\system32\mswsock.dll
0x00007ff9f79b0000 - 0x00007ff9f79c6000 	C:\Program Files\Java\jdk-17\bin\nio.dll
0x00007ff9f7990000 - 0x00007ff9f79a8000 	C:\Program Files\Java\jdk-17\bin\zip.dll
0x00007ffa01fa0000 - 0x00007ffa01fb0000 	C:\Program Files\Java\jdk-17\bin\verify.dll

dbghelp: loaded successfully - version: 4.0.5 - missing functions: none
symbol engine: initialized successfully - sym options: 0x614 - pdb path: .;C:\Program Files\Java\jdk-17\bin;C:\Windows\SYSTEM32;C:\Windows\WinSxS\amd64_microsoft.windows.common-controls_6595b64144ccf1df_6.0.19041.4355_none_60b8b9eb71f62e16;C:\Program Files\Java\jdk-17\bin\server

VM Arguments:
java_command: org.jetbrains.kotlin.cli.jvm.K2JVMCompiler @E:\React Native\All Parking\Parking_Dual\node_modules\react-native-screens\android\build\20241122_5686285123799613039.compiler.options
java_class_path (initial): C:\Users\Admin\.gradle\caches\modules-2\files-2.1\org.jetbrains.kotlin\kotlin-compiler-embeddable\1.8.0\eb9118d4bcceaa2a94b2ae2a33a4ddba7c9a947f\kotlin-compiler-embeddable-1.8.0.jar;C:\Users\Admin\.gradle\caches\modules-2\files-2.1\org.jetbrains.kotlin\kotlin-stdlib\1.8.0\1796921c7a3e2e2665a83e6c8d33399336cd39bc\kotlin-stdlib-1.8.0.jar;C:\Users\Admin\.gradle\caches\modules-2\files-2.1\org.jetbrains.kotlin\kotlin-script-runtime\1.8.0\b2f7e760d283cb339974851c222a4c1d48f2d3d\kotlin-script-runtime-1.8.0.jar;C:\Users\Admin\.gradle\caches\modules-2\files-2.1\org.jetbrains.kotlin\kotlin-reflect\1.6.10\1cbe9c92c12a94eea200d23c2bbaedaf3daf5132\kotlin-reflect-1.6.10.jar;C:\Users\Admin\.gradle\caches\modules-2\files-2.1\org.jetbrains.kotlin\kotlin-daemon-embeddable\1.8.0\d255216c551685dc3a7e852b53617f5f01aaaa5c\kotlin-daemon-embeddable-1.8.0.jar;C:\Users\Admin\.gradle\caches\modules-2\files-2.1\org.jetbrains.intellij.deps\trove4j\1.0.20200330\3afb14d5f9ceb459d724e907a21145e8ff394f02\trove4j-1.0.20200330.jar;C:\Users\Admin\.gradle\caches\modules-2\files-2.1\net.java.dev.jna\jna\5.6.0\330f2244e9030119ab3030fc3fededc86713d9cc\jna-5.6.0.jar;C:\Users\Admin\.gradle\caches\modules-2\files-2.1\org.jetbrains.kotlin\kotlin-stdlib-common\1.8.0\f7197e7cc76453ac59f8b0f8d5137cc600becd36\kotlin-stdlib-common-1.8.0.jar;C:\Users\Admin\.gradle\caches\modules-2\files-2.1\org.jetbrains\annotations\13.0\919f0dfe192fb4e063e7dacadee7f8bb9a2672a9\annotations-13.0.jar
Launcher Type: SUN_STANDARD

[Global flags]
     intx CICompilerCount                          = 3                                         {product} {ergonomic}
     uint ConcGCThreads                            = 2                                         {product} {ergonomic}
     uint G1ConcRefinementThreads                  = 6                                         {product} {ergonomic}
   size_t G1HeapRegionSize                         = 1048576                                   {product} {ergonomic}
    uintx GCDrainStackTargetSize                   = 64                                        {product} {ergonomic}
   size_t InitialHeapSize                          = 132120576                                 {product} {ergonomic}
   size_t MarkStackSize                            = 4194304                                   {product} {ergonomic}
   size_t MaxHeapSize                              = 2111832064                                {product} {ergonomic}
   size_t MaxNewSize                               = 1266679808                                {product} {ergonomic}
   size_t MinHeapDeltaBytes                        = 1048576                                   {product} {ergonomic}
   size_t MinHeapSize                              = 8388608                                   {product} {ergonomic}
    uintx NonNMethodCodeHeapSize                   = 5832780                                {pd product} {ergonomic}
    uintx NonProfiledCodeHeapSize                  = 122912730                              {pd product} {ergonomic}
    uintx ProfiledCodeHeapSize                     = 122912730                              {pd product} {ergonomic}
    uintx ReservedCodeCacheSize                    = 251658240                              {pd product} {ergonomic}
     bool SegmentedCodeCache                       = true                                      {product} {ergonomic}
   size_t SoftMaxHeapSize                          = 2111832064                             {manageable} {ergonomic}
     bool UseCompressedClassPointers               = true                           {product lp64_product} {ergonomic}
     bool UseCompressedOops                        = true                           {product lp64_product} {ergonomic}
     bool UseG1GC                                  = true                                      {product} {ergonomic}
     bool UseLargePagesIndividualAllocation        = false                                  {pd product} {ergonomic}

Logging:
Log output configuration:
 #0: stdout all=warning uptime,level,tags
 #1: stderr all=off uptime,level,tags

Environment Variables:
JAVA_HOME=C:\Program Files\Java\jdk-17
CLASSPATH=E:\React Native\All Parking\Parking_Dual\android\\gradle\wrapper\gradle-wrapper.jar
PATH=E:\React Native\All Parking\Parking_Dual\node_modules\.bin;E:\React Native\All Parking\node_modules\.bin;E:\React Native\node_modules\.bin;E:\node_modules\.bin;C:\Users\Admin\AppData\Roaming\nvm\v16.13.0\node_modules\npm\node_modules\@npmcli\run-script\lib\node-gyp-bin;E:\React Native\All Parking\Parking_Dual\node_modules\.bin;E:\React Native\All Parking\node_modules\.bin;E:\React Native\node_modules\.bin;E:\node_modules\.bin;C:\Users\Admin\AppData\Roaming\nvm\v16.13.0\node_modules\npm\node_modules\@npmcli\run-script\lib\node-gyp-bin;C:\Program Files\Common Files\Oracle\Java\javapath;C:\Python312\Scripts\;C:\Python312\;C:\Windows\system32;C:\Windows;C:\Windows\System32\Wbem;C:\Windows\System32\WindowsPowerShell\v1.0\;C:\Windows\System32\OpenSSH\;C:\ProgramData\chocolatey\bin;C:\Program Files\Git\cmd;C:\Program Files\Java\jdk-17\bin;C:\Users\Admin\AppData\Local\Android\Sdk\platform-tools;C:\Users\Admin\AppData\Local\Android\Sdk\build-tools\34.0.0;C:\Program Files\Amazon\AWSCLIV2\;C:\Users\Admin\AppData\Roaming\nvm;C:\Program Files\nodejs;F:\xampp\php;C:\composer;C:\Users\Admin\AppData\Local\Microsoft\WindowsApps;C:\Users\Admin\AppData\Local\Programs\Microsoft VS Code\bin;C:\Users\Admin\AppData\Roaming\npm;C:\Program Files\Java\jdk-17\bin;C:\Users\Admin\AppData\Local\Android\Sdk\platform-tools;C:\Users\Admin\AppData\Local\Android\Sdk\build-tools\34.0.0;C:\Users\Admin\AppData\Roaming\nvm;C:\Program Files\nodejs;C:\Users\Admin\composer;C:\Users\Admin\AppData\Roaming\Composer\vendor\bin
USERNAME=Admin
LANG=en_US.UTF-8
OS=Windows_NT
PROCESSOR_IDENTIFIER=Intel64 Family 6 Model 158 Stepping 10, GenuineIntel



---------------  S Y S T E M  ---------------

OS:
 Windows 10 , 64 bit Build 19041 (10.0.19041.5072)
OS uptime: 1 days 22:02 hours

CPU: total 6 (initial active 6) (6 cores per cpu, 1 threads per core) family 6 model 158 stepping 10 microcode 0xb4, cx8, cmov, fxsr, mmx, 3dnowpref, sse, sse2, sse3, ssse3, sse4.1, sse4.2, popcnt, lzcnt, tsc, tscinvbit, avx, avx2, aes, erms, clmul, bmi1, bmi2, adx, fma, vzeroupper, clflush, clflushopt

Memory: 4k page, system-wide physical 8054M (314M free)
TotalPageFile size 20342M (AvailPageFile size 11M)
current process WorkingSet (physical memory assigned to process): 242M, peak: 242M
current process commit charge ("private bytes"): 280M, peak: 281M

vm_info: Java HotSpot(TM) 64-Bit Server VM (17.0.10+11-LTS-240) for windows-amd64 JRE (17.0.10+11-LTS-240), built on Dec 19 2023 21:47:25 by "mach5one" with MS VC++ 17.1 (VS2022)

END.
