#
# There is insufficient memory for the Java Runtime Environment to continue.
# Native memory allocation (mmap) failed to map 67108864 bytes for G1 virtual space
# Possible reasons:
#   The system is out of physical RAM or swap space
#   The process is running with CompressedOops enabled, and the Java Heap may be blocking the growth of the native heap
# Possible solutions:
#   Reduce memory load on the system
#   Increase physical memory or swap space
#   Check if swap backing store is full
#   Decrease Java heap size (-Xmx/-Xms)
#   Decrease number of Java threads
#   Decrease Java thread stack sizes (-Xss)
#   Set larger code cache with -XX:ReservedCodeCacheSize=
#   JVM is running with Unscaled Compressed Oops mode in which the Java heap is
#     placed in the first 4GB address space. The Java Heap base address is the
#     maximum limit for the native heap growth. Please use -XX:HeapBaseMinAddress
#     to set the Java Heap base and to place the Java Heap above 4GB virtual address.
# This output file may be truncated or incomplete.
#
#  Out of Memory Error (os_windows.cpp:3548), pid=20808, tid=17892
#
# JRE version:  (17.0.10+11) (build )
# Java VM: Java HotSpot(TM) 64-Bit Server VM (17.0.10+11-LTS-240, mixed mode, sharing, tiered, compressed oops, compressed class ptrs, g1 gc, windows-amd64)
# No core dump will be written. Minidumps are not enabled by default on client versions of Windows
#

---------------  S U M M A R Y ------------

Command Line: -Xmx64m -Xms64m -Dorg.gradle.appname=gradlew org.gradle.wrapper.GradleWrapperMain app:installDebug -PreactNativeDevServerPort=8081

Host: Intel(R) Core(TM) i5-8400 CPU @ 2.80GHz, 6 cores, 7G,  Windows 10 , 64 bit Build 19041 (10.0.19041.3636)
Time: Thu May 30 16:15:33 2024 India Standard Time elapsed time: 0.021586 seconds (0d 0h 0m 0s)

---------------  T H R E A D  ---------------

Current thread (0x000001a84d3a6af0):  JavaThread "Unknown thread" [_thread_in_vm, id=17892, stack(0x000000040a500000,0x000000040a600000)]

Stack: [0x000000040a500000,0x000000040a600000]
Native frames: (J=compiled Java code, j=interpreted, Vv=VM code, C=native code)
V  [jvm.dll+0x677a5a]
V  [jvm.dll+0x7d8b2d]
V  [jvm.dll+0x7da48e]
V  [jvm.dll+0x7daaf3]
V  [jvm.dll+0x2455ff]
V  [jvm.dll+0x6749b9]
V  [jvm.dll+0x669382]
V  [jvm.dll+0x302e96]
V  [jvm.dll+0x30a416]
V  [jvm.dll+0x359cbe]
V  [jvm.dll+0x359eef]
V  [jvm.dll+0x2d9e88]
V  [jvm.dll+0x2dadf4]
V  [jvm.dll+0x7aa551]
V  [jvm.dll+0x367911]
V  [jvm.dll+0x789639]
V  [jvm.dll+0x3eb30f]
V  [jvm.dll+0x3ecd91]
C  [jli.dll+0x5297]
C  [ucrtbase.dll+0x21bb2]
C  [KERNEL32.DLL+0x17344]
C  [ntdll.dll+0x526b1]


---------------  P R O C E S S  ---------------

Threads class SMR info:
_java_thread_list=0x00007ffdb44e6a18, length=0, elements={
}

Java Threads: ( => current thread )

Other Threads:
  0x000001a84d3c5750 GCTaskThread "GC Thread#0" [stack: 0x000000040a600000,0x000000040a700000] [id=13476]
  0x000001a84d3c6ea0 ConcurrentGCThread "G1 Main Marker" [stack: 0x000000040a700000,0x000000040a800000] [id=1028]
  0x000001a84d3c84c0 ConcurrentGCThread "G1 Conc#0" [stack: 0x000000040a800000,0x000000040a900000] [id=564]

[error occurred during error reporting (printing all threads), id 0xc0000005, EXCEPTION_ACCESS_VIOLATION (0xc0000005) at pc=0x00007ffdb3d1aae7]

VM state: not at safepoint (not fully initialized)

VM Mutex/Monitor currently owned by a thread:  ([mutex/lock_event])
[0x000001a84d3a1a90] Heap_lock - owner thread: 0x000001a84d3a6af0

Heap address: 0x00000000fc000000, size: 64 MB, Compressed Oops mode: 32-bit

CDS archive(s) mapped at: [0x0000000000000000-0x0000000000000000-0x0000000000000000), size 0, SharedBaseAddress: 0x0000000800000000, ArchiveRelocationMode: 1.
Narrow klass base: 0x0000000000000000, Narrow klass shift: 0, Narrow klass range: 0x0

GC Precious Log:
<Empty>

Heap:
 garbage-first heap   total 0K, used 0K [0x00000000fc000000, 0x0000000100000000)
  region size 1024K, 0 young (0K), 0 survivors (0K)

[error occurred during error reporting (printing heap information), id 0xc0000005, EXCEPTION_ACCESS_VIOLATION (0xc0000005) at pc=0x00007ffdb4101249]

GC Heap History (0 events):
No events

Deoptimization events (0 events):
No events

Classes unloaded (0 events):
No events

Classes redefined (0 events):
No events

Internal exceptions (0 events):
No events

VM Operations (0 events):
No events

Events (1 events):
Event: 0.010 Loaded shared library C:\Program Files\Java\jdk-17\bin\java.dll


Dynamic libraries:
0x00007ff618900000 - 0x00007ff618910000 	C:\Program Files\Java\jdk-17\bin\java.exe
0x00007ffe32950000 - 0x00007ffe32b48000 	C:\Windows\SYSTEM32\ntdll.dll
0x00007ffe31490000 - 0x00007ffe3154d000 	C:\Windows\System32\KERNEL32.DLL
0x00007ffe30680000 - 0x00007ffe30976000 	C:\Windows\System32\KERNELBASE.dll
0x00007ffe30580000 - 0x00007ffe30680000 	C:\Windows\System32\ucrtbase.dll
0x00007ffe283c0000 - 0x00007ffe283d9000 	C:\Program Files\Java\jdk-17\bin\jli.dll
0x00007ffe30bd0000 - 0x00007ffe30c80000 	C:\Windows\System32\ADVAPI32.dll
0x00007ffe32370000 - 0x00007ffe3240e000 	C:\Windows\System32\msvcrt.dll
0x00007ffe313f0000 - 0x00007ffe31490000 	C:\Windows\System32\sechost.dll
0x00007ffe31210000 - 0x00007ffe31333000 	C:\Windows\System32\RPCRT4.dll
0x00007ffe300e0000 - 0x00007ffe30107000 	C:\Windows\System32\bcrypt.dll
0x00007ffe30980000 - 0x00007ffe30b1f000 	C:\Windows\System32\USER32.dll
0x00007ffe30000000 - 0x00007ffe30022000 	C:\Windows\System32\win32u.dll
0x00007ffe31360000 - 0x00007ffe3138b000 	C:\Windows\System32\GDI32.dll
0x00007ffe30460000 - 0x00007ffe30577000 	C:\Windows\System32\gdi32full.dll
0x00007ffe30110000 - 0x00007ffe301ad000 	C:\Windows\System32\msvcp_win.dll
0x00007ffe20650000 - 0x00007ffe2066b000 	C:\Program Files\Java\jdk-17\bin\VCRUNTIME140.dll
0x00007ffe180b0000 - 0x00007ffe1834a000 	C:\Windows\WinSxS\amd64_microsoft.windows.common-controls_6595b64144ccf1df_6.0.19041.4355_none_60b8b9eb71f62e16\COMCTL32.dll
0x00007ffe2fa80000 - 0x00007ffe2fa8a000 	C:\Windows\SYSTEM32\VERSION.dll
0x00007ffe32150000 - 0x00007ffe32182000 	C:\Windows\System32\IMM32.DLL
0x00000000645d0000 - 0x00000000645dc000 	C:\Program Files (x86)\360\Total Security\safemon\SafeWrapper.dll
0x00007ffde0730000 - 0x00007ffde07c2000 	C:\Program Files (x86)\360\Total Security\safemon\libzdtp64.dll
0x00007ffe319e0000 - 0x00007ffe3214b000 	C:\Windows\System32\SHELL32.dll
0x00007ffe31390000 - 0x00007ffe313e5000 	C:\Windows\System32\SHLWAPI.dll
0x00007ffe283a0000 - 0x00007ffe283ac000 	C:\Program Files\Java\jdk-17\bin\vcruntime140_1.dll
0x00007ffe08130000 - 0x00007ffe081be000 	C:\Program Files\Java\jdk-17\bin\msvcp140.dll
0x00007ffdb3a30000 - 0x00007ffdb460f000 	C:\Program Files\Java\jdk-17\bin\server\jvm.dll
0x00007ffe31350000 - 0x00007ffe31358000 	C:\Windows\System32\PSAPI.DLL
0x00007ffe1b350000 - 0x00007ffe1b359000 	C:\Windows\SYSTEM32\WSOCK32.dll
0x00007ffe321f0000 - 0x00007ffe3225b000 	C:\Windows\System32\WS2_32.dll
0x00007ffe1d840000 - 0x00007ffe1d867000 	C:\Windows\SYSTEM32\WINMM.dll
0x00007ffe2dce0000 - 0x00007ffe2dcf2000 	C:\Windows\SYSTEM32\kernel.appcore.dll
0x00007ffe24470000 - 0x00007ffe2447a000 	C:\Program Files\Java\jdk-17\bin\jimage.dll
0x00007ffe16c50000 - 0x00007ffe16e34000 	C:\Windows\SYSTEM32\DBGHELP.DLL
0x00007ffe18010000 - 0x00007ffe18044000 	C:\Windows\SYSTEM32\dbgcore.DLL
0x00007ffe30310000 - 0x00007ffe30392000 	C:\Windows\System32\bcryptPrimitives.dll
0x00007ffe1e8f0000 - 0x00007ffe1e915000 	C:\Program Files\Java\jdk-17\bin\java.dll

dbghelp: loaded successfully - version: 4.0.5 - missing functions: none
symbol engine: initialized successfully - sym options: 0x614 - pdb path: .;C:\Program Files\Java\jdk-17\bin;C:\Windows\SYSTEM32;C:\Windows\WinSxS\amd64_microsoft.windows.common-controls_6595b64144ccf1df_6.0.19041.4355_none_60b8b9eb71f62e16;C:\Program Files (x86)\360\Total Security\safemon;C:\Program Files\Java\jdk-17\bin\server

VM Arguments:
jvm_args: -Xmx64m -Xms64m -Dorg.gradle.appname=gradlew 
java_command: org.gradle.wrapper.GradleWrapperMain app:installDebug -PreactNativeDevServerPort=8081
java_class_path (initial): E:\React Project\All Parking\Parking_Fixed\android\\gradle\wrapper\gradle-wrapper.jar
Launcher Type: SUN_STANDARD

[Global flags]
     intx CICompilerCount                          = 3                                         {product} {ergonomic}
     uint ConcGCThreads                            = 2                                         {product} {ergonomic}
     uint G1ConcRefinementThreads                  = 6                                         {product} {ergonomic}
   size_t G1HeapRegionSize                         = 1048576                                   {product} {ergonomic}
    uintx GCDrainStackTargetSize                   = 64                                        {product} {ergonomic}
   size_t InitialHeapSize                          = 67108864                                  {product} {command line}
   size_t MarkStackSize                            = 4194304                                   {product} {ergonomic}
   size_t MaxHeapSize                              = 67108864                                  {product} {command line}
   size_t MinHeapDeltaBytes                        = 1048576                                   {product} {ergonomic}
   size_t MinHeapSize                              = 67108864                                  {product} {command line}
    uintx NonNMethodCodeHeapSize                   = 5832780                                {pd product} {ergonomic}
    uintx NonProfiledCodeHeapSize                  = 122912730                              {pd product} {ergonomic}
    uintx ProfiledCodeHeapSize                     = 122912730                              {pd product} {ergonomic}
    uintx ReservedCodeCacheSize                    = 251658240                              {pd product} {ergonomic}
     bool SegmentedCodeCache                       = true                                      {product} {ergonomic}
   size_t SoftMaxHeapSize                          = 67108864                               {manageable} {ergonomic}
     bool UseCompressedClassPointers               = true                           {product lp64_product} {ergonomic}
     bool UseCompressedOops                        = true                           {product lp64_product} {ergonomic}
     bool UseG1GC                                  = true                                      {product} {ergonomic}
     bool UseLargePagesIndividualAllocation        = false                                  {pd product} {ergonomic}

Logging:
Log output configuration:
 #0: stdout all=warning uptime,level,tags
 #1: stderr all=off uptime,level,tags

Environment Variables:
JAVA_HOME=C:\Program Files\Java\jdk-17
CLASSPATH=E:\React Project\All Parking\Parking_Fixed\android\\gradle\wrapper\gradle-wrapper.jar
PATH=E:\React Project\All Parking\Parking_Fixed\node_modules\.bin;E:\React Project\All Parking\Parking_Fixed\node_modules\.bin;E:\React Project\All Parking\node_modules\.bin;E:\React Project\node_modules\.bin;E:\node_modules\.bin;C:\Program Files\nodejs\node_modules\npm\node_modules\@npmcli\run-script\lib\node-gyp-bin;E:\React Project\All Parking\Parking_Fixed\node_modules\.bin;E:\React Project\All Parking\node_modules\.bin;E:\React Project\node_modules\.bin;E:\node_modules\.bin;C:\Program Files\nodejs\node_modules\npm\node_modules\@npmcli\run-script\lib\node-gyp-bin;C:\Program Files\Common Files\Oracle\Java\javapath;C:\Python312\Scripts\;C:\Python312\;C:\Windows\system32;C:\Windows;C:\Windows\System32\Wbem;C:\Windows\System32\WindowsPowerShell\v1.0\;C:\Windows\System32\OpenSSH\;C:\ProgramData\chocolatey\bin;C:\Program Files\nodejs\;C:\Program Files\Git\cmd;C:\Program Files\Java\jdk-17\bin;C:\Users\Admin\AppData\Local\Android\Sdk\platform-tools;C:\Users\Admin\AppData\Local\Android\Sdk\build-tools\34.0.0;C:\Users\Admin\AppData\Local\Microsoft\WindowsApps;C:\Users\Admin\AppData\Local\Programs\Microsoft VS Code\bin;C:\Users\Admin\AppData\Roaming\npm;C:\Program Files\Java\jdk-17\bin;C:\Users\Admin\AppData\Local\Android\Sdk\platform-tools;C:\Users\Admin\AppData\Local\Android\Sdk\build-tools\34.0.0;
USERNAME=Admin
LANG=en_US.UTF-8
OS=Windows_NT
PROCESSOR_IDENTIFIER=Intel64 Family 6 Model 158 Stepping 10, GenuineIntel



---------------  S Y S T E M  ---------------

OS:
 Windows 10 , 64 bit Build 19041 (10.0.19041.3636)
OS uptime: 1 days 6:12 hours

CPU: total 6 (initial active 6) (6 cores per cpu, 1 threads per core) family 6 model 158 stepping 10 microcode 0xb4, cx8, cmov, fxsr, mmx, 3dnowpref, sse, sse2, sse3, ssse3, sse4.1, sse4.2, popcnt, lzcnt, tsc, tscinvbit, avx, avx2, aes, erms, clmul, bmi1, bmi2, adx, fma, vzeroupper, clflush, clflushopt

Memory: 4k page, system-wide physical 8054M (454M free)
TotalPageFile size 20342M (AvailPageFile size 13M)
current process WorkingSet (physical memory assigned to process): 11M, peak: 11M
current process commit charge ("private bytes"): 55M, peak: 119M

vm_info: Java HotSpot(TM) 64-Bit Server VM (17.0.10+11-LTS-240) for windows-amd64 JRE (17.0.10+11-LTS-240), built on Dec 19 2023 21:47:25 by "mach5one" with MS VC++ 17.1 (VS2022)

END.
