#
# There is insufficient memory for the Java Runtime Environment to continue.
# Native memory allocation (mmap) failed to map 65536 bytes for Failed to commit metaspace.
# Possible reasons:
#   The system is out of physical RAM or swap space
#   The process is running with CompressedOops enabled, and the Java Heap may be blocking the growth of the native heap
# Possible solutions:
#   Reduce memory load on the system
#   Increase physical memory or swap space
#   Check if swap backing store is full
#   Decrease Java heap size (-Xmx/-Xms)
#   Decrease number of Java threads
#   Decrease Java thread stack sizes (-Xss)
#   Set larger code cache with -XX:ReservedCodeCacheSize=
#   JVM is running with Unscaled Compressed Oops mode in which the Java heap is
#     placed in the first 4GB address space. The Java Heap base address is the
#     maximum limit for the native heap growth. Please use -XX:HeapBaseMinAddress
#     to set the Java Heap base and to place the Java Heap above 4GB virtual address.
# This output file may be truncated or incomplete.
#
#  Out of Memory Error (virtualSpaceNode.cpp:110), pid=23484, tid=12884
#
# JRE version: Java(TM) SE Runtime Environment (17.0.10+11) (build 17.0.10+11-LTS-240)
# Java VM: Java HotSpot(TM) 64-Bit Server VM (17.0.10+11-LTS-240, mixed mode, sharing, tiered, compressed oops, compressed class ptrs, g1 gc, windows-amd64)
# No core dump will be written. Minidumps are not enabled by default on client versions of Windows
#

---------------  S U M M A R Y ------------

Command Line: org.jetbrains.kotlin.cli.jvm.K2JVMCompiler @E:\React Project\All Parking\Parking_Fixed\node_modules\react-native-safe-area-context\android\build\20240530_468296667716805807.compiler.options

Host: Intel(R) Core(TM) i5-8400 CPU @ 2.80GHz, 6 cores, 7G,  Windows 10 , 64 bit Build 19041 (10.0.19041.3636)
Time: Thu May 30 15:50:16 2024 India Standard Time elapsed time: 1.846274 seconds (0d 0h 0m 1s)

---------------  T H R E A D  ---------------

Current thread (0x000001f8764ead70):  JavaThread "main" [_thread_in_vm, id=12884, stack(0x0000004ccfa00000,0x0000004ccfb00000)]

Stack: [0x0000004ccfa00000,0x0000004ccfb00000]
Native frames: (J=compiled Java code, j=interpreted, Vv=VM code, C=native code)
V  [jvm.dll+0x677a5a]
V  [jvm.dll+0x7d8b2d]
V  [jvm.dll+0x7da48e]
V  [jvm.dll+0x7daaf3]
V  [jvm.dll+0x2455ff]
V  [jvm.dll+0x7d483b]
V  [jvm.dll+0x61dc06]
V  [jvm.dll+0x1bfa87]
V  [jvm.dll+0x620570]
V  [jvm.dll+0x61e5c6]
V  [jvm.dll+0x242fcc]
V  [jvm.dll+0x6ce48d]
V  [jvm.dll+0x6cee8f]
V  [jvm.dll+0x36e7e5]
V  [jvm.dll+0x36d894]
V  [jvm.dll+0x36d838]
V  [jvm.dll+0x55f965]
V  [jvm.dll+0x55e884]
V  [jvm.dll+0x3815ee]
V  [jvm.dll+0x380c5f]
C  0x000001f80754a5ec

Java frames: (J=compiled Java code, j=interpreted, Vv=VM code)
j  kotlin.reflect.jvm.internal.impl.metadata.jvm.JvmProtoBuf.<clinit>()V+0
v  ~StubRoutines::call_stub
j  kotlin.reflect.jvm.internal.impl.metadata.jvm.deserialization.JvmProtoBufUtil.<clinit>()V+19
v  ~StubRoutines::call_stub
j  kotlin.reflect.jvm.internal.impl.load.kotlin.DeserializationComponentsForJava.<init>(Lkotlin/reflect/jvm/internal/impl/storage/StorageManager;Lkotlin/reflect/jvm/internal/impl/descriptors/ModuleDescriptor;Lkotlin/reflect/jvm/internal/impl/serialization/deserialization/DeserializationConfiguration;Lkotlin/reflect/jvm/internal/impl/load/kotlin/JavaClassDataFinder;Lkotlin/reflect/jvm/internal/impl/load/kotlin/BinaryClassAnnotationAndConstantLoaderImpl;Lkotlin/reflect/jvm/internal/impl/load/java/lazy/LazyJavaPackageFragmentProvider;Lkotlin/reflect/jvm/internal/impl/descriptors/NotFoundClasses;Lkotlin/reflect/jvm/internal/impl/serialization/deserialization/ErrorReporter;Lkotlin/reflect/jvm/internal/impl/incremental/components/LookupTracker;Lkotlin/reflect/jvm/internal/impl/serialization/deserialization/ContractDeserializer;Lkotlin/reflect/jvm/internal/impl/types/checker/NewKotlinTypeChecker;)V+207
j  kotlin.reflect.jvm.internal.impl.load.kotlin.DeserializationComponentsForJavaKt.makeDeserializationComponentsForJava(Lkotlin/reflect/jvm/internal/impl/descriptors/ModuleDescriptor;Lkotlin/reflect/jvm/internal/impl/storage/StorageManager;Lkotlin/reflect/jvm/internal/impl/descriptors/NotFoundClasses;Lkotlin/reflect/jvm/internal/impl/load/java/lazy/LazyJavaPackageFragmentProvider;Lkotlin/reflect/jvm/internal/impl/load/kotlin/KotlinClassFinder;Lkotlin/reflect/jvm/internal/impl/load/kotlin/DeserializedDescriptorResolver;Lkotlin/reflect/jvm/internal/impl/serialization/deserialization/ErrorReporter;)Lkotlin/reflect/jvm/internal/impl/load/kotlin/DeserializationComponentsForJava;+113
j  kotlin.reflect.jvm.internal.impl.load.kotlin.DeserializationComponentsForJava$Companion.createModuleData(Lkotlin/reflect/jvm/internal/impl/load/kotlin/KotlinClassFinder;Lkotlin/reflect/jvm/internal/impl/load/kotlin/KotlinClassFinder;Lkotlin/reflect/jvm/internal/impl/load/java/JavaClassFinder;Ljava/lang/String;Lkotlin/reflect/jvm/internal/impl/serialization/deserialization/ErrorReporter;Lkotlin/reflect/jvm/internal/impl/load/java/sources/JavaSourceElementFactory;)Lkotlin/reflect/jvm/internal/impl/load/kotlin/DeserializationComponentsForJava$Companion$ModuleData;+235
j  kotlin.reflect.jvm.internal.impl.descriptors.runtime.components.RuntimeModuleData$Companion.create(Ljava/lang/ClassLoader;)Lkotlin/reflect/jvm/internal/impl/descriptors/runtime/components/RuntimeModuleData;+85
j  kotlin.reflect.jvm.internal.ModuleByClassLoaderKt.getOrCreateModule(Ljava/lang/Class;)Lkotlin/reflect/jvm/internal/impl/descriptors/runtime/components/RuntimeModuleData;+72
j  kotlin.reflect.jvm.internal.KDeclarationContainerImpl$Data$moduleData$2.invoke()Lkotlin/reflect/jvm/internal/impl/descriptors/runtime/components/RuntimeModuleData;+7
j  kotlin.reflect.jvm.internal.KDeclarationContainerImpl$Data$moduleData$2.invoke()Ljava/lang/Object;+1
j  kotlin.reflect.jvm.internal.ReflectProperties$LazySoftVal.invoke()Ljava/lang/Object;+28
j  kotlin.reflect.jvm.internal.ReflectProperties$Val.getValue(Ljava/lang/Object;Ljava/lang/Object;)Ljava/lang/Object;+1
j  kotlin.reflect.jvm.internal.KDeclarationContainerImpl$Data.getModuleData()Lkotlin/reflect/jvm/internal/impl/descriptors/runtime/components/RuntimeModuleData;+10
j  kotlin.reflect.jvm.internal.KClassImpl$Data$descriptor$2.invoke()Lkotlin/reflect/jvm/internal/impl/descriptors/ClassDescriptor;+21
j  kotlin.reflect.jvm.internal.KClassImpl$Data$descriptor$2.invoke()Ljava/lang/Object;+1
j  kotlin.reflect.jvm.internal.ReflectProperties$LazySoftVal.invoke()Ljava/lang/Object;+28
j  kotlin.reflect.jvm.internal.ReflectProperties$Val.getValue(Ljava/lang/Object;Ljava/lang/Object;)Ljava/lang/Object;+1
j  kotlin.reflect.jvm.internal.KClassImpl$Data.getDescriptor()Lkotlin/reflect/jvm/internal/impl/descriptors/ClassDescriptor;+10
j  kotlin.reflect.jvm.internal.KClassImpl.getDescriptor()Lkotlin/reflect/jvm/internal/impl/descriptors/ClassDescriptor;+10
j  kotlin.reflect.jvm.internal.KClassImpl.getMemberScope$kotlin_reflection()Lkotlin/reflect/jvm/internal/impl/resolve/scopes/MemberScope;+1
j  kotlin.reflect.jvm.internal.KClassImpl$Data$declaredNonStaticMembers$2.invoke()Ljava/util/Collection;+8
j  kotlin.reflect.jvm.internal.KClassImpl$Data$declaredNonStaticMembers$2.invoke()Ljava/lang/Object;+1
j  kotlin.reflect.jvm.internal.ReflectProperties$LazySoftVal.invoke()Ljava/lang/Object;+28
j  kotlin.reflect.jvm.internal.ReflectProperties$Val.getValue(Ljava/lang/Object;Ljava/lang/Object;)Ljava/lang/Object;+1
j  kotlin.reflect.jvm.internal.KClassImpl$Data.getDeclaredNonStaticMembers()Ljava/util/Collection;+11
j  kotlin.reflect.jvm.internal.KClassImpl$Data$allNonStaticMembers$2.invoke()Ljava/util/List;+4
j  kotlin.reflect.jvm.internal.KClassImpl$Data$allNonStaticMembers$2.invoke()Ljava/lang/Object;+1
j  kotlin.reflect.jvm.internal.ReflectProperties$LazySoftVal.invoke()Ljava/lang/Object;+28
j  kotlin.reflect.jvm.internal.ReflectProperties$Val.getValue(Ljava/lang/Object;Ljava/lang/Object;)Ljava/lang/Object;+1
j  kotlin.reflect.jvm.internal.KClassImpl$Data.getAllNonStaticMembers()Ljava/util/Collection;+11
j  kotlin.reflect.full.KClasses.getMemberProperties(Lkotlin/reflect/KClass;)Ljava/util/Collection;+19
j  org.jetbrains.kotlin.cli.common.arguments.ParseCommandLineArgumentsKt.parsePreprocessedCommandLineArguments(Ljava/util/List;Lorg/jetbrains/kotlin/cli/common/arguments/CommonToolArguments;Lorg/jetbrains/kotlin/cli/common/arguments/ArgumentParseErrors;)V+7
j  org.jetbrains.kotlin.cli.common.arguments.ParseCommandLineArgumentsKt.parseCommandLineArguments(Ljava/util/List;Lorg/jetbrains/kotlin/cli/common/arguments/CommonToolArguments;)V+68
j  org.jetbrains.kotlin.cli.common.CLITool.exec(Ljava/io/PrintStream;Lorg/jetbrains/kotlin/config/Services;Lorg/jetbrains/kotlin/cli/common/messages/MessageRenderer;[Ljava/lang/String;)Lorg/jetbrains/kotlin/cli/common/ExitCode;+38
j  org.jetbrains.kotlin.cli.common.CLITool.exec(Ljava/io/PrintStream;Lorg/jetbrains/kotlin/cli/common/messages/MessageRenderer;[Ljava/lang/String;)Lorg/jetbrains/kotlin/cli/common/ExitCode;+25
j  org.jetbrains.kotlin.cli.common.CLITool$Companion.doMainNoExit(Lorg/jetbrains/kotlin/cli/common/CLITool;[Ljava/lang/String;Lorg/jetbrains/kotlin/cli/common/messages/MessageRenderer;)Lorg/jetbrains/kotlin/cli/common/ExitCode;+39
j  org.jetbrains.kotlin.cli.common.CLITool$Companion.doMainNoExit$default(Lorg/jetbrains/kotlin/cli/common/CLITool$Companion;Lorg/jetbrains/kotlin/cli/common/CLITool;[Ljava/lang/String;Lorg/jetbrains/kotlin/cli/common/messages/MessageRenderer;ILjava/lang/Object;)Lorg/jetbrains/kotlin/cli/common/ExitCode;+16
j  org.jetbrains.kotlin.cli.common.CLITool$Companion.doMain(Lorg/jetbrains/kotlin/cli/common/CLITool;[Ljava/lang/String;)V+57
j  org.jetbrains.kotlin.cli.jvm.K2JVMCompiler$Companion.main([Ljava/lang/String;)V+20
j  org.jetbrains.kotlin.cli.jvm.K2JVMCompiler.main([Ljava/lang/String;)V+4
v  ~StubRoutines::call_stub

---------------  P R O C E S S  ---------------

Threads class SMR info:
_java_thread_list=0x000001f85a0c82d0, length=12, elements={
0x000001f8764ead70, 0x000001f87f243100, 0x000001f87f243e90, 0x000001f87f2569c0,
0x000001f87f2584a0, 0x000001f87f25b8f0, 0x000001f87f25c1c0, 0x000001f87f25ce70,
0x000001f87f261c50, 0x000001f87f2bd520, 0x000001f85a0e98e0, 0x000001f85a0f6280
}

Java Threads: ( => current thread )
=>0x000001f8764ead70 JavaThread "main" [_thread_in_vm, id=12884, stack(0x0000004ccfa00000,0x0000004ccfb00000)]
  0x000001f87f243100 JavaThread "Reference Handler" daemon [_thread_blocked, id=5184, stack(0x0000004cd0100000,0x0000004cd0200000)]
  0x000001f87f243e90 JavaThread "Finalizer" daemon [_thread_blocked, id=18488, stack(0x0000004cd0200000,0x0000004cd0300000)]
  0x000001f87f2569c0 JavaThread "Signal Dispatcher" daemon [_thread_blocked, id=11020, stack(0x0000004cd0300000,0x0000004cd0400000)]
  0x000001f87f2584a0 JavaThread "Attach Listener" daemon [_thread_blocked, id=22976, stack(0x0000004cd0400000,0x0000004cd0500000)]
  0x000001f87f25b8f0 JavaThread "Service Thread" daemon [_thread_blocked, id=22972, stack(0x0000004cd0500000,0x0000004cd0600000)]
  0x000001f87f25c1c0 JavaThread "Monitor Deflation Thread" daemon [_thread_blocked, id=2060, stack(0x0000004cd0600000,0x0000004cd0700000)]
  0x000001f87f25ce70 JavaThread "C2 CompilerThread0" daemon [_thread_blocked, id=11172, stack(0x0000004cd0700000,0x0000004cd0800000)]
  0x000001f87f261c50 JavaThread "C1 CompilerThread0" daemon [_thread_blocked, id=12584, stack(0x0000004cd0800000,0x0000004cd0900000)]
  0x000001f87f2bd520 JavaThread "Sweeper thread" daemon [_thread_blocked, id=23088, stack(0x0000004cd0900000,0x0000004cd0a00000)]
  0x000001f85a0e98e0 JavaThread "Notification Thread" daemon [_thread_blocked, id=6072, stack(0x0000004cd0a00000,0x0000004cd0b00000)]
  0x000001f85a0f6280 JavaThread "Common-Cleaner" daemon [_thread_blocked, id=6264, stack(0x0000004cd0c00000,0x0000004cd0d00000)]

Other Threads:
  0x000001f87f23e1c0 VMThread "VM Thread" [stack: 0x0000004cd0000000,0x0000004cd0100000] [id=12976]
  0x000001f85a0f1600 WatcherThread [stack: 0x0000004cd0b00000,0x0000004cd0c00000] [id=9480]
  0x000001f8765455f0 GCTaskThread "GC Thread#0" [stack: 0x0000004ccfb00000,0x0000004ccfc00000] [id=22792]
  0x000001f876557020 ConcurrentGCThread "G1 Main Marker" [stack: 0x0000004ccfc00000,0x0000004ccfd00000] [id=20396]
  0x000001f876558550 ConcurrentGCThread "G1 Conc#0" [stack: 0x0000004ccfd00000,0x0000004ccfe00000] [id=23176]
  0x000001f87659e660 ConcurrentGCThread "G1 Refine#0" [stack: 0x0000004ccfe00000,0x0000004ccff00000] [id=21184]
  0x000001f87f0fa100 ConcurrentGCThread "G1 Service" [stack: 0x0000004ccff00000,0x0000004cd0000000] [id=22168]

Threads with active compile tasks:

VM state: not at safepoint (normal execution)

VM Mutex/Monitor currently owned by a thread:  ([mutex/lock_event])
[0x000001f8764d5bc0] Metaspace_lock - owner thread: 0x000001f8764ead70

Heap address: 0x0000000082200000, size: 2014 MB, Compressed Oops mode: 32-bit

CDS archive(s) mapped at: [0x000001f815000000-0x000001f815bd0000-0x000001f815bd0000), size 12386304, SharedBaseAddress: 0x000001f815000000, ArchiveRelocationMode: 1.
Compressed class space mapped at: 0x000001f816000000-0x000001f856000000, reserved size: 1073741824
Narrow klass base: 0x000001f815000000, Narrow klass shift: 0, Narrow klass range: 0x100000000

GC Precious Log:
 CPUs: 6 total, 6 available
 Memory: 8054M
 Large Page Support: Disabled
 NUMA Support: Disabled
 Compressed Oops: Enabled (32-bit)
 Heap Region Size: 1M
 Heap Min Capacity: 8M
 Heap Initial Capacity: 126M
 Heap Max Capacity: 2014M
 Pre-touch: Disabled
 Parallel Workers: 6
 Concurrent Workers: 2
 Concurrent Refinement Workers: 6
 Periodic GC: Disabled

Heap:
 garbage-first heap   total 129024K, used 19456K [0x0000000082200000, 0x0000000100000000)
  region size 1024K, 17 young (17408K), 0 survivors (0K)
 Metaspace       used 4815K, committed 4928K, reserved 1114112K
  class space    used 447K, committed 512K, reserved 1048576K

Heap Regions: E=young(eden), S=young(survivor), O=old, HS=humongous(starts), HC=humongous(continues), CS=collection set, F=free, OA=open archive, CA=closed archive, TAMS=top-at-mark-start (previous, next)
|   0|0x0000000082200000, 0x0000000082300000, 0x0000000082300000|100%|HS|  |TAMS 0x0000000082200000, 0x0000000082200000| Complete 
|   1|0x0000000082300000, 0x0000000082400000, 0x0000000082400000|100%|HC|  |TAMS 0x0000000082300000, 0x0000000082300000| Complete 
|   2|0x0000000082400000, 0x0000000082500000, 0x0000000082500000|100%|HC|  |TAMS 0x0000000082400000, 0x0000000082400000| Complete 
|   3|0x0000000082500000, 0x0000000082600000, 0x0000000082600000|100%|HS|  |TAMS 0x0000000082500000, 0x0000000082500000| Complete 
|   4|0x0000000082600000, 0x0000000082600000, 0x0000000082700000|  0%| F|  |TAMS 0x0000000082600000, 0x0000000082600000| Untracked 
|   5|0x0000000082700000, 0x0000000082700000, 0x0000000082800000|  0%| F|  |TAMS 0x0000000082700000, 0x0000000082700000| Untracked 
|   6|0x0000000082800000, 0x0000000082800000, 0x0000000082900000|  0%| F|  |TAMS 0x0000000082800000, 0x0000000082800000| Untracked 
|   7|0x0000000082900000, 0x0000000082900000, 0x0000000082a00000|  0%| F|  |TAMS 0x0000000082900000, 0x0000000082900000| Untracked 
|   8|0x0000000082a00000, 0x0000000082a00000, 0x0000000082b00000|  0%| F|  |TAMS 0x0000000082a00000, 0x0000000082a00000| Untracked 
|   9|0x0000000082b00000, 0x0000000082b00000, 0x0000000082c00000|  0%| F|  |TAMS 0x0000000082b00000, 0x0000000082b00000| Untracked 
|  10|0x0000000082c00000, 0x0000000082c00000, 0x0000000082d00000|  0%| F|  |TAMS 0x0000000082c00000, 0x0000000082c00000| Untracked 
|  11|0x0000000082d00000, 0x0000000082d00000, 0x0000000082e00000|  0%| F|  |TAMS 0x0000000082d00000, 0x0000000082d00000| Untracked 
|  12|0x0000000082e00000, 0x0000000082e00000, 0x0000000082f00000|  0%| F|  |TAMS 0x0000000082e00000, 0x0000000082e00000| Untracked 
|  13|0x0000000082f00000, 0x0000000082f00000, 0x0000000083000000|  0%| F|  |TAMS 0x0000000082f00000, 0x0000000082f00000| Untracked 
|  14|0x0000000083000000, 0x0000000083000000, 0x0000000083100000|  0%| F|  |TAMS 0x0000000083000000, 0x0000000083000000| Untracked 
|  15|0x0000000083100000, 0x0000000083100000, 0x0000000083200000|  0%| F|  |TAMS 0x0000000083100000, 0x0000000083100000| Untracked 
|  16|0x0000000083200000, 0x0000000083200000, 0x0000000083300000|  0%| F|  |TAMS 0x0000000083200000, 0x0000000083200000| Untracked 
|  17|0x0000000083300000, 0x0000000083300000, 0x0000000083400000|  0%| F|  |TAMS 0x0000000083300000, 0x0000000083300000| Untracked 
|  18|0x0000000083400000, 0x0000000083400000, 0x0000000083500000|  0%| F|  |TAMS 0x0000000083400000, 0x0000000083400000| Untracked 
|  19|0x0000000083500000, 0x0000000083500000, 0x0000000083600000|  0%| F|  |TAMS 0x0000000083500000, 0x0000000083500000| Untracked 
|  20|0x0000000083600000, 0x0000000083600000, 0x0000000083700000|  0%| F|  |TAMS 0x0000000083600000, 0x0000000083600000| Untracked 
|  21|0x0000000083700000, 0x0000000083700000, 0x0000000083800000|  0%| F|  |TAMS 0x0000000083700000, 0x0000000083700000| Untracked 
|  22|0x0000000083800000, 0x0000000083800000, 0x0000000083900000|  0%| F|  |TAMS 0x0000000083800000, 0x0000000083800000| Untracked 
|  23|0x0000000083900000, 0x0000000083900000, 0x0000000083a00000|  0%| F|  |TAMS 0x0000000083900000, 0x0000000083900000| Untracked 
|  24|0x0000000083a00000, 0x0000000083a00000, 0x0000000083b00000|  0%| F|  |TAMS 0x0000000083a00000, 0x0000000083a00000| Untracked 
|  25|0x0000000083b00000, 0x0000000083b00000, 0x0000000083c00000|  0%| F|  |TAMS 0x0000000083b00000, 0x0000000083b00000| Untracked 
|  26|0x0000000083c00000, 0x0000000083c00000, 0x0000000083d00000|  0%| F|  |TAMS 0x0000000083c00000, 0x0000000083c00000| Untracked 
|  27|0x0000000083d00000, 0x0000000083d00000, 0x0000000083e00000|  0%| F|  |TAMS 0x0000000083d00000, 0x0000000083d00000| Untracked 
|  28|0x0000000083e00000, 0x0000000083e00000, 0x0000000083f00000|  0%| F|  |TAMS 0x0000000083e00000, 0x0000000083e00000| Untracked 
|  29|0x0000000083f00000, 0x0000000083f00000, 0x0000000084000000|  0%| F|  |TAMS 0x0000000083f00000, 0x0000000083f00000| Untracked 
|  30|0x0000000084000000, 0x0000000084000000, 0x0000000084100000|  0%| F|  |TAMS 0x0000000084000000, 0x0000000084000000| Untracked 
|  31|0x0000000084100000, 0x0000000084100000, 0x0000000084200000|  0%| F|  |TAMS 0x0000000084100000, 0x0000000084100000| Untracked 
|  32|0x0000000084200000, 0x0000000084200000, 0x0000000084300000|  0%| F|  |TAMS 0x0000000084200000, 0x0000000084200000| Untracked 
|  33|0x0000000084300000, 0x0000000084300000, 0x0000000084400000|  0%| F|  |TAMS 0x0000000084300000, 0x0000000084300000| Untracked 
|  34|0x0000000084400000, 0x0000000084400000, 0x0000000084500000|  0%| F|  |TAMS 0x0000000084400000, 0x0000000084400000| Untracked 
|  35|0x0000000084500000, 0x0000000084500000, 0x0000000084600000|  0%| F|  |TAMS 0x0000000084500000, 0x0000000084500000| Untracked 
|  36|0x0000000084600000, 0x0000000084600000, 0x0000000084700000|  0%| F|  |TAMS 0x0000000084600000, 0x0000000084600000| Untracked 
|  37|0x0000000084700000, 0x0000000084700000, 0x0000000084800000|  0%| F|  |TAMS 0x0000000084700000, 0x0000000084700000| Untracked 
|  38|0x0000000084800000, 0x0000000084800000, 0x0000000084900000|  0%| F|  |TAMS 0x0000000084800000, 0x0000000084800000| Untracked 
|  39|0x0000000084900000, 0x0000000084900000, 0x0000000084a00000|  0%| F|  |TAMS 0x0000000084900000, 0x0000000084900000| Untracked 
|  40|0x0000000084a00000, 0x0000000084a00000, 0x0000000084b00000|  0%| F|  |TAMS 0x0000000084a00000, 0x0000000084a00000| Untracked 
|  41|0x0000000084b00000, 0x0000000084b00000, 0x0000000084c00000|  0%| F|  |TAMS 0x0000000084b00000, 0x0000000084b00000| Untracked 
|  42|0x0000000084c00000, 0x0000000084c00000, 0x0000000084d00000|  0%| F|  |TAMS 0x0000000084c00000, 0x0000000084c00000| Untracked 
|  43|0x0000000084d00000, 0x0000000084d00000, 0x0000000084e00000|  0%| F|  |TAMS 0x0000000084d00000, 0x0000000084d00000| Untracked 
|  44|0x0000000084e00000, 0x0000000084e00000, 0x0000000084f00000|  0%| F|  |TAMS 0x0000000084e00000, 0x0000000084e00000| Untracked 
|  45|0x0000000084f00000, 0x0000000084f00000, 0x0000000085000000|  0%| F|  |TAMS 0x0000000084f00000, 0x0000000084f00000| Untracked 
|  46|0x0000000085000000, 0x0000000085000000, 0x0000000085100000|  0%| F|  |TAMS 0x0000000085000000, 0x0000000085000000| Untracked 
|  47|0x0000000085100000, 0x0000000085100000, 0x0000000085200000|  0%| F|  |TAMS 0x0000000085100000, 0x0000000085100000| Untracked 
|  48|0x0000000085200000, 0x0000000085200000, 0x0000000085300000|  0%| F|  |TAMS 0x0000000085200000, 0x0000000085200000| Untracked 
|  49|0x0000000085300000, 0x0000000085300000, 0x0000000085400000|  0%| F|  |TAMS 0x0000000085300000, 0x0000000085300000| Untracked 
|  50|0x0000000085400000, 0x0000000085400000, 0x0000000085500000|  0%| F|  |TAMS 0x0000000085400000, 0x0000000085400000| Untracked 
|  51|0x0000000085500000, 0x0000000085500000, 0x0000000085600000|  0%| F|  |TAMS 0x0000000085500000, 0x0000000085500000| Untracked 
|  52|0x0000000085600000, 0x0000000085600000, 0x0000000085700000|  0%| F|  |TAMS 0x0000000085600000, 0x0000000085600000| Untracked 
|  53|0x0000000085700000, 0x0000000085700000, 0x0000000085800000|  0%| F|  |TAMS 0x0000000085700000, 0x0000000085700000| Untracked 
|  54|0x0000000085800000, 0x0000000085800000, 0x0000000085900000|  0%| F|  |TAMS 0x0000000085800000, 0x0000000085800000| Untracked 
|  55|0x0000000085900000, 0x0000000085900000, 0x0000000085a00000|  0%| F|  |TAMS 0x0000000085900000, 0x0000000085900000| Untracked 
|  56|0x0000000085a00000, 0x0000000085a00000, 0x0000000085b00000|  0%| F|  |TAMS 0x0000000085a00000, 0x0000000085a00000| Untracked 
|  57|0x0000000085b00000, 0x0000000085b00000, 0x0000000085c00000|  0%| F|  |TAMS 0x0000000085b00000, 0x0000000085b00000| Untracked 
|  58|0x0000000085c00000, 0x0000000085c00000, 0x0000000085d00000|  0%| F|  |TAMS 0x0000000085c00000, 0x0000000085c00000| Untracked 
|  59|0x0000000085d00000, 0x0000000085d00000, 0x0000000085e00000|  0%| F|  |TAMS 0x0000000085d00000, 0x0000000085d00000| Untracked 
|  60|0x0000000085e00000, 0x0000000085e00000, 0x0000000085f00000|  0%| F|  |TAMS 0x0000000085e00000, 0x0000000085e00000| Untracked 
|  61|0x0000000085f00000, 0x0000000085f00000, 0x0000000086000000|  0%| F|  |TAMS 0x0000000085f00000, 0x0000000085f00000| Untracked 
|  62|0x0000000086000000, 0x0000000086000000, 0x0000000086100000|  0%| F|  |TAMS 0x0000000086000000, 0x0000000086000000| Untracked 
|  63|0x0000000086100000, 0x0000000086100000, 0x0000000086200000|  0%| F|  |TAMS 0x0000000086100000, 0x0000000086100000| Untracked 
|  64|0x0000000086200000, 0x0000000086200000, 0x0000000086300000|  0%| F|  |TAMS 0x0000000086200000, 0x0000000086200000| Untracked 
|  65|0x0000000086300000, 0x0000000086300000, 0x0000000086400000|  0%| F|  |TAMS 0x0000000086300000, 0x0000000086300000| Untracked 
|  66|0x0000000086400000, 0x0000000086400000, 0x0000000086500000|  0%| F|  |TAMS 0x0000000086400000, 0x0000000086400000| Untracked 
|  67|0x0000000086500000, 0x0000000086500000, 0x0000000086600000|  0%| F|  |TAMS 0x0000000086500000, 0x0000000086500000| Untracked 
|  68|0x0000000086600000, 0x0000000086600000, 0x0000000086700000|  0%| F|  |TAMS 0x0000000086600000, 0x0000000086600000| Untracked 
|  69|0x0000000086700000, 0x0000000086700000, 0x0000000086800000|  0%| F|  |TAMS 0x0000000086700000, 0x0000000086700000| Untracked 
|  70|0x0000000086800000, 0x0000000086800000, 0x0000000086900000|  0%| F|  |TAMS 0x0000000086800000, 0x0000000086800000| Untracked 
|  71|0x0000000086900000, 0x0000000086900000, 0x0000000086a00000|  0%| F|  |TAMS 0x0000000086900000, 0x0000000086900000| Untracked 
|  72|0x0000000086a00000, 0x0000000086a00000, 0x0000000086b00000|  0%| F|  |TAMS 0x0000000086a00000, 0x0000000086a00000| Untracked 
|  73|0x0000000086b00000, 0x0000000086b00000, 0x0000000086c00000|  0%| F|  |TAMS 0x0000000086b00000, 0x0000000086b00000| Untracked 
|  74|0x0000000086c00000, 0x0000000086c00000, 0x0000000086d00000|  0%| F|  |TAMS 0x0000000086c00000, 0x0000000086c00000| Untracked 
|  75|0x0000000086d00000, 0x0000000086d00000, 0x0000000086e00000|  0%| F|  |TAMS 0x0000000086d00000, 0x0000000086d00000| Untracked 
|  76|0x0000000086e00000, 0x0000000086e00000, 0x0000000086f00000|  0%| F|  |TAMS 0x0000000086e00000, 0x0000000086e00000| Untracked 
|  77|0x0000000086f00000, 0x0000000086f00000, 0x0000000087000000|  0%| F|  |TAMS 0x0000000086f00000, 0x0000000086f00000| Untracked 
|  78|0x0000000087000000, 0x0000000087000000, 0x0000000087100000|  0%| F|  |TAMS 0x0000000087000000, 0x0000000087000000| Untracked 
|  79|0x0000000087100000, 0x0000000087100000, 0x0000000087200000|  0%| F|  |TAMS 0x0000000087100000, 0x0000000087100000| Untracked 
|  80|0x0000000087200000, 0x0000000087200000, 0x0000000087300000|  0%| F|  |TAMS 0x0000000087200000, 0x0000000087200000| Untracked 
|  81|0x0000000087300000, 0x0000000087300000, 0x0000000087400000|  0%| F|  |TAMS 0x0000000087300000, 0x0000000087300000| Untracked 
|  82|0x0000000087400000, 0x0000000087400000, 0x0000000087500000|  0%| F|  |TAMS 0x0000000087400000, 0x0000000087400000| Untracked 
|  83|0x0000000087500000, 0x0000000087500000, 0x0000000087600000|  0%| F|  |TAMS 0x0000000087500000, 0x0000000087500000| Untracked 
|  84|0x0000000087600000, 0x0000000087600000, 0x0000000087700000|  0%| F|  |TAMS 0x0000000087600000, 0x0000000087600000| Untracked 
|  85|0x0000000087700000, 0x0000000087700000, 0x0000000087800000|  0%| F|  |TAMS 0x0000000087700000, 0x0000000087700000| Untracked 
|  86|0x0000000087800000, 0x0000000087800000, 0x0000000087900000|  0%| F|  |TAMS 0x0000000087800000, 0x0000000087800000| Untracked 
|  87|0x0000000087900000, 0x0000000087900000, 0x0000000087a00000|  0%| F|  |TAMS 0x0000000087900000, 0x0000000087900000| Untracked 
|  88|0x0000000087a00000, 0x0000000087a00000, 0x0000000087b00000|  0%| F|  |TAMS 0x0000000087a00000, 0x0000000087a00000| Untracked 
|  89|0x0000000087b00000, 0x0000000087b00000, 0x0000000087c00000|  0%| F|  |TAMS 0x0000000087b00000, 0x0000000087b00000| Untracked 
|  90|0x0000000087c00000, 0x0000000087c00000, 0x0000000087d00000|  0%| F|  |TAMS 0x0000000087c00000, 0x0000000087c00000| Untracked 
|  91|0x0000000087d00000, 0x0000000087d00000, 0x0000000087e00000|  0%| F|  |TAMS 0x0000000087d00000, 0x0000000087d00000| Untracked 
|  92|0x0000000087e00000, 0x0000000087e00000, 0x0000000087f00000|  0%| F|  |TAMS 0x0000000087e00000, 0x0000000087e00000| Untracked 
|  93|0x0000000087f00000, 0x0000000087f00000, 0x0000000088000000|  0%| F|  |TAMS 0x0000000087f00000, 0x0000000087f00000| Untracked 
|  94|0x0000000088000000, 0x0000000088000000, 0x0000000088100000|  0%| F|  |TAMS 0x0000000088000000, 0x0000000088000000| Untracked 
|  95|0x0000000088100000, 0x0000000088100000, 0x0000000088200000|  0%| F|  |TAMS 0x0000000088100000, 0x0000000088100000| Untracked 
|  96|0x0000000088200000, 0x0000000088200000, 0x0000000088300000|  0%| F|  |TAMS 0x0000000088200000, 0x0000000088200000| Untracked 
|  97|0x0000000088300000, 0x0000000088300000, 0x0000000088400000|  0%| F|  |TAMS 0x0000000088300000, 0x0000000088300000| Untracked 
|  98|0x0000000088400000, 0x0000000088400000, 0x0000000088500000|  0%| F|  |TAMS 0x0000000088400000, 0x0000000088400000| Untracked 
|  99|0x0000000088500000, 0x0000000088500000, 0x0000000088600000|  0%| F|  |TAMS 0x0000000088500000, 0x0000000088500000| Untracked 
| 100|0x0000000088600000, 0x0000000088600000, 0x0000000088700000|  0%| F|  |TAMS 0x0000000088600000, 0x0000000088600000| Untracked 
| 101|0x0000000088700000, 0x0000000088700000, 0x0000000088800000|  0%| F|  |TAMS 0x0000000088700000, 0x0000000088700000| Untracked 
| 102|0x0000000088800000, 0x0000000088800000, 0x0000000088900000|  0%| F|  |TAMS 0x0000000088800000, 0x0000000088800000| Untracked 
| 103|0x0000000088900000, 0x0000000088900000, 0x0000000088a00000|  0%| F|  |TAMS 0x0000000088900000, 0x0000000088900000| Untracked 
| 104|0x0000000088a00000, 0x0000000088a00000, 0x0000000088b00000|  0%| F|  |TAMS 0x0000000088a00000, 0x0000000088a00000| Untracked 
| 105|0x0000000088b00000, 0x0000000088b00000, 0x0000000088c00000|  0%| F|  |TAMS 0x0000000088b00000, 0x0000000088b00000| Untracked 
| 106|0x0000000088c00000, 0x0000000088c00000, 0x0000000088d00000|  0%| F|  |TAMS 0x0000000088c00000, 0x0000000088c00000| Untracked 
| 107|0x0000000088d00000, 0x0000000088d00000, 0x0000000088e00000|  0%| F|  |TAMS 0x0000000088d00000, 0x0000000088d00000| Untracked 
| 108|0x0000000088e00000, 0x0000000088e00000, 0x0000000088f00000|  0%| F|  |TAMS 0x0000000088e00000, 0x0000000088e00000| Untracked 
| 109|0x0000000088f00000, 0x0000000089000000, 0x0000000089000000|100%| E|  |TAMS 0x0000000088f00000, 0x0000000088f00000| Complete 
| 110|0x0000000089000000, 0x0000000089100000, 0x0000000089100000|100%| E|CS|TAMS 0x0000000089000000, 0x0000000089000000| Complete 
| 111|0x0000000089100000, 0x0000000089200000, 0x0000000089200000|100%| E|CS|TAMS 0x0000000089100000, 0x0000000089100000| Complete 
| 112|0x0000000089200000, 0x0000000089300000, 0x0000000089300000|100%| E|CS|TAMS 0x0000000089200000, 0x0000000089200000| Complete 
| 113|0x0000000089300000, 0x0000000089400000, 0x0000000089400000|100%| E|CS|TAMS 0x0000000089300000, 0x0000000089300000| Complete 
| 114|0x0000000089400000, 0x0000000089500000, 0x0000000089500000|100%| E|CS|TAMS 0x0000000089400000, 0x0000000089400000| Complete 
| 115|0x0000000089500000, 0x0000000089600000, 0x0000000089600000|100%| E|CS|TAMS 0x0000000089500000, 0x0000000089500000| Complete 
| 116|0x0000000089600000, 0x0000000089700000, 0x0000000089700000|100%| E|CS|TAMS 0x0000000089600000, 0x0000000089600000| Complete 
| 117|0x0000000089700000, 0x0000000089800000, 0x0000000089800000|100%| E|CS|TAMS 0x0000000089700000, 0x0000000089700000| Complete 
| 118|0x0000000089800000, 0x0000000089900000, 0x0000000089900000|100%| E|CS|TAMS 0x0000000089800000, 0x0000000089800000| Complete 
| 119|0x0000000089900000, 0x0000000089a00000, 0x0000000089a00000|100%| E|  |TAMS 0x0000000089900000, 0x0000000089900000| Complete 
| 120|0x0000000089a00000, 0x0000000089b00000, 0x0000000089b00000|100%| E|CS|TAMS 0x0000000089a00000, 0x0000000089a00000| Complete 
| 121|0x0000000089b00000, 0x0000000089c00000, 0x0000000089c00000|100%| E|CS|TAMS 0x0000000089b00000, 0x0000000089b00000| Complete 
| 122|0x0000000089c00000, 0x0000000089d00000, 0x0000000089d00000|100%| E|CS|TAMS 0x0000000089c00000, 0x0000000089c00000| Complete 
| 123|0x0000000089d00000, 0x0000000089e00000, 0x0000000089e00000|100%| E|CS|TAMS 0x0000000089d00000, 0x0000000089d00000| Complete 
| 124|0x0000000089e00000, 0x0000000089f00000, 0x0000000089f00000|100%| E|CS|TAMS 0x0000000089e00000, 0x0000000089e00000| Complete 
| 125|0x0000000089f00000, 0x000000008a000000, 0x000000008a000000|100%| E|CS|TAMS 0x0000000089f00000, 0x0000000089f00000| Complete 

Card table byte_map: [0x000001f87e280000,0x000001f87e670000] _byte_map_base: 0x000001f87de6f000

Marking Bits (Prev, Next): (CMBitMap*) 0x000001f876546b30, (CMBitMap*) 0x000001f876546b70
 Prev Bits: [0x000001f80f000000, 0x000001f810f78000)
 Next Bits: [0x000001f810f80000, 0x000001f812ef8000)

Polling page: 0x000001f8743d0000

Metaspace:

Usage:
  Non-class:      4.27 MB used.
      Class:    447.73 KB used.
       Both:      4.70 MB used.

Virtual space:
  Non-class space:       64.00 MB reserved,       4.31 MB (  7%) committed,  1 nodes.
      Class space:        1.00 GB reserved,     512.00 KB ( <1%) committed,  1 nodes.
             Both:        1.06 GB reserved,       4.81 MB ( <1%) committed. 

Chunk freelists:
   Non-Class:  8.42 MB
       Class:  15.34 MB
        Both:  23.77 MB

MaxMetaspaceSize: unlimited
CompressedClassSpaceSize: 1.00 GB
Initial GC threshold: 21.00 MB
Current GC threshold: 21.00 MB
CDS: on
MetaspaceReclaimPolicy: balanced
 - commit_granule_bytes: 65536.
 - commit_granule_words: 8192.
 - virtual_space_node_default_size: 8388608.
 - enlarge_chunks_in_place: 1.
 - new_chunks_are_fully_committed: 0.
 - uncommit_free_chunks: 1.
 - use_allocation_guard: 0.
 - handle_deallocations: 1.


Internal statistics:

num_allocs_failed_limit: 0.
num_arena_births: 6.
num_arena_deaths: 0.
num_vsnodes_births: 2.
num_vsnodes_deaths: 0.
num_space_committed: 77.
num_space_uncommitted: 0.
num_chunks_returned_to_freelist: 0.
num_chunks_taken_from_freelist: 145.
num_chunk_merges: 0.
num_chunk_splits: 131.
num_chunks_enlarged: 127.
num_inconsistent_stats: 0.

CodeHeap 'non-profiled nmethods': size=120000Kb used=135Kb max_used=135Kb free=119864Kb
 bounds [0x000001f807ad0000, 0x000001f807d40000, 0x000001f80f000000]
CodeHeap 'profiled nmethods': size=120000Kb used=978Kb max_used=978Kb free=119022Kb
 bounds [0x000001f800000000, 0x000001f800270000, 0x000001f807530000]
CodeHeap 'non-nmethods': size=5760Kb used=1141Kb max_used=1153Kb free=4618Kb
 bounds [0x000001f807530000, 0x000001f8077a0000, 0x000001f807ad0000]
 total_blobs=953 nmethods=527 adapters=339
 compilation: enabled
              stopped_count=0, restarted_count=0
 full_count=0

Compilation events (20 events):
Event: 1.740 Thread 0x000001f87f25ce70  515       4       java.lang.CharacterData::of (136 bytes)
Event: 1.740 Thread 0x000001f87f25ce70 nmethod 515 0x000001f807af0590 code [0x000001f807af0700, 0x000001f807af0778]
Event: 1.761 Thread 0x000001f87f261c50  516       3       java.security.SecureClassLoader$CodeSourceKey::hashCode (21 bytes)
Event: 1.761 Thread 0x000001f87f261c50 nmethod 516 0x000001f8000ef290 code [0x000001f8000ef440, 0x000001f8000ef628]
Event: 1.761 Thread 0x000001f87f261c50  517       3       java.lang.ClassLoader::defineClass (43 bytes)
Event: 1.761 Thread 0x000001f87f261c50 nmethod 517 0x000001f8000ef710 code [0x000001f8000ef900, 0x000001f8000efe18]
Event: 1.761 Thread 0x000001f87f261c50  518       3       java.lang.ClassLoader::preDefineClass (118 bytes)
Event: 1.762 Thread 0x000001f87f261c50 nmethod 518 0x000001f8000f0090 code [0x000001f8000f0400, 0x000001f8000f1698]
Event: 1.762 Thread 0x000001f87f261c50  519       3       java.lang.ClassLoader::checkCerts (121 bytes)
Event: 1.763 Thread 0x000001f87f261c50 nmethod 519 0x000001f8000f1d90 code [0x000001f8000f2080, 0x000001f8000f2e88]
Event: 1.763 Thread 0x000001f87f261c50  520       3       java.lang.ClassLoader::defineClassSourceLocation (28 bytes)
Event: 1.763 Thread 0x000001f87f261c50 nmethod 520 0x000001f8000f3410 code [0x000001f8000f35e0, 0x000001f8000f3968]
Event: 1.771 Thread 0x000001f87f261c50  523       3       jdk.internal.jimage.ImageLocation::readValue (61 bytes)
Event: 1.771 Thread 0x000001f87f25ce70  524       4       java.nio.DirectByteBuffer::ix (10 bytes)
Event: 1.772 Thread 0x000001f87f261c50 nmethod 523 0x000001f8000f3b10 code [0x000001f8000f3ce0, 0x000001f8000f40b8]
Event: 1.772 Thread 0x000001f87f25ce70 nmethod 524 0x000001f807af1190 code [0x000001f807af1300, 0x000001f807af1378]
Event: 1.785 Thread 0x000001f87f25ce70  525       4       java.lang.StringCoding::hasNegatives (25 bytes)
Event: 1.788 Thread 0x000001f87f25ce70 nmethod 525 0x000001f807af1490 code [0x000001f807af1600, 0x000001f807af1818]
Event: 1.822 Thread 0x000001f87f261c50  526       3       java.util.concurrent.ConcurrentHashMap$Node::<init> (14 bytes)
Event: 1.822 Thread 0x000001f87f261c50 nmethod 526 0x000001f8000f4290 code [0x000001f8000f4440, 0x000001f8000f4738]

GC Heap History (0 events):
No events

Deoptimization events (20 events):
Event: 0.508 Thread 0x000001f8764ead70 DEOPT PACKING pc=0x000001f800017c8c sp=0x0000004ccfafdb30
Event: 0.508 Thread 0x000001f8764ead70 DEOPT UNPACKING pc=0x000001f807582b43 sp=0x0000004ccfafcfc0 mode 0
Event: 0.508 Thread 0x000001f8764ead70 DEOPT PACKING pc=0x000001f800017c8c sp=0x0000004ccfafdb30
Event: 0.508 Thread 0x000001f8764ead70 DEOPT UNPACKING pc=0x000001f807582b43 sp=0x0000004ccfafcfc0 mode 0
Event: 0.509 Thread 0x000001f8764ead70 DEOPT PACKING pc=0x000001f800017c8c sp=0x0000004ccfafdb30
Event: 0.509 Thread 0x000001f8764ead70 DEOPT UNPACKING pc=0x000001f807582b43 sp=0x0000004ccfafcfc0 mode 0
Event: 0.948 Thread 0x000001f8764ead70 DEOPT PACKING pc=0x000001f800015fe7 sp=0x0000004ccfafaad0
Event: 0.948 Thread 0x000001f8764ead70 DEOPT UNPACKING pc=0x000001f807582b43 sp=0x0000004ccfaf9ef0 mode 0
Event: 0.976 Thread 0x000001f8764ead70 DEOPT PACKING pc=0x000001f800015351 sp=0x0000004ccfafe4b0
Event: 0.976 Thread 0x000001f8764ead70 DEOPT UNPACKING pc=0x000001f807582b43 sp=0x0000004ccfafd928 mode 0
Event: 0.977 Thread 0x000001f8764ead70 DEOPT PACKING pc=0x000001f800015351 sp=0x0000004ccfafe4b0
Event: 0.977 Thread 0x000001f8764ead70 DEOPT UNPACKING pc=0x000001f807582b43 sp=0x0000004ccfafd928 mode 0
Event: 1.496 Thread 0x000001f8764ead70 Uncommon trap: trap_request=0xffffff45 fr.pc=0x000001f807ad552c relative=0x00000000000006cc
Event: 1.496 Thread 0x000001f8764ead70 Uncommon trap: reason=unstable_if action=reinterpret pc=0x000001f807ad552c method=java.util.zip.ZipFile$Source.checkAndAddEntry(II)I @ 50 c2
Event: 1.496 Thread 0x000001f8764ead70 DEOPT PACKING pc=0x000001f807ad552c sp=0x0000004ccfafae90
Event: 1.496 Thread 0x000001f8764ead70 DEOPT UNPACKING pc=0x000001f8075823a3 sp=0x0000004ccfafae00 mode 2
Event: 1.679 Thread 0x000001f8764ead70 DEOPT PACKING pc=0x000001f8000a4ea7 sp=0x0000004ccfafc110
Event: 1.679 Thread 0x000001f8764ead70 DEOPT UNPACKING pc=0x000001f807582b43 sp=0x0000004ccfafb570 mode 0
Event: 1.785 Thread 0x000001f8764ead70 DEOPT PACKING pc=0x000001f8000332d6 sp=0x0000004ccfaf8020
Event: 1.785 Thread 0x000001f8764ead70 DEOPT UNPACKING pc=0x000001f807582b43 sp=0x0000004ccfaf74a8 mode 0

Classes unloaded (0 events):
No events

Classes redefined (0 events):
No events

Internal exceptions (0 events):
No events

VM Operations (8 events):
Event: 0.530 Executing VM operation: HandshakeAllThreads
Event: 0.530 Executing VM operation: HandshakeAllThreads done
Event: 0.971 Executing VM operation: HandshakeAllThreads
Event: 0.971 Executing VM operation: HandshakeAllThreads done
Event: 1.499 Executing VM operation: HandshakeAllThreads
Event: 1.499 Executing VM operation: HandshakeAllThreads done
Event: 1.499 Executing VM operation: Cleanup
Event: 1.501 Executing VM operation: Cleanup done

Events (20 events):
Event: 1.498 loading class sun/net/www/protocol/jar/JarFileFactory
Event: 1.498 loading class sun/net/www/protocol/jar/URLJarFile$URLJarFileCloseController
Event: 1.498 loading class sun/net/www/protocol/jar/URLJarFile$URLJarFileCloseController done
Event: 1.498 loading class sun/net/www/protocol/jar/JarFileFactory done
Event: 1.498 loading class sun/net/www/protocol/file/FileURLConnection
Event: 1.498 loading class sun/net/www/URLConnection
Event: 1.498 loading class sun/net/www/URLConnection done
Event: 1.498 loading class sun/net/www/protocol/file/FileURLConnection done
Event: 1.498 loading class sun/net/www/MessageHeader
Event: 1.498 loading class sun/net/www/MessageHeader done
Event: 1.498 loading class sun/net/www/protocol/jar/URLJarFile
Event: 1.498 loading class sun/net/www/protocol/jar/URLJarFile done
Event: 1.501 loading class sun/net/www/protocol/jar/URLJarFile$URLJarFileEntry
Event: 1.502 loading class sun/net/www/protocol/jar/URLJarFile$URLJarFileEntry done
Event: 1.502 loading class sun/net/www/protocol/jar/JarURLConnection$JarURLInputStream
Event: 1.502 loading class sun/net/www/protocol/jar/JarURLConnection$JarURLInputStream done
Event: 1.704 loading class java/util/Collections$SingletonList
Event: 1.705 loading class java/util/Collections$SingletonList done
Event: 1.833 loading class java/lang/reflect/InvocationTargetException
Event: 1.833 loading class java/lang/reflect/InvocationTargetException done


Dynamic libraries:
0x00007ff618900000 - 0x00007ff618910000 	C:\Program Files\Java\jdk-17\bin\java.exe
0x00007ffe32950000 - 0x00007ffe32b48000 	C:\Windows\SYSTEM32\ntdll.dll
0x00007ffe31490000 - 0x00007ffe3154d000 	C:\Windows\System32\KERNEL32.DLL
0x00007ffe30680000 - 0x00007ffe30976000 	C:\Windows\System32\KERNELBASE.dll
0x00007ffe30580000 - 0x00007ffe30680000 	C:\Windows\System32\ucrtbase.dll
0x00007ffe283c0000 - 0x00007ffe283d9000 	C:\Program Files\Java\jdk-17\bin\jli.dll
0x00007ffe30bd0000 - 0x00007ffe30c80000 	C:\Windows\System32\ADVAPI32.dll
0x00007ffe32370000 - 0x00007ffe3240e000 	C:\Windows\System32\msvcrt.dll
0x00007ffe313f0000 - 0x00007ffe31490000 	C:\Windows\System32\sechost.dll
0x00007ffe31210000 - 0x00007ffe31333000 	C:\Windows\System32\RPCRT4.dll
0x00007ffe300e0000 - 0x00007ffe30107000 	C:\Windows\System32\bcrypt.dll
0x00007ffe20650000 - 0x00007ffe2066b000 	C:\Program Files\Java\jdk-17\bin\VCRUNTIME140.dll
0x00007ffe180b0000 - 0x00007ffe1834a000 	C:\Windows\WinSxS\amd64_microsoft.windows.common-controls_6595b64144ccf1df_6.0.19041.4355_none_60b8b9eb71f62e16\COMCTL32.dll
0x00007ffe30980000 - 0x00007ffe30b1f000 	C:\Windows\System32\USER32.dll
0x00007ffe31360000 - 0x00007ffe3138b000 	C:\Windows\System32\GDI32.dll
0x00007ffe30000000 - 0x00007ffe30022000 	C:\Windows\System32\win32u.dll
0x00007ffe30460000 - 0x00007ffe30577000 	C:\Windows\System32\gdi32full.dll
0x00007ffe30110000 - 0x00007ffe301ad000 	C:\Windows\System32\msvcp_win.dll
0x00007ffe2fa80000 - 0x00007ffe2fa8a000 	C:\Windows\SYSTEM32\VERSION.dll
0x00007ffe32150000 - 0x00007ffe32182000 	C:\Windows\System32\IMM32.DLL
0x00000000645d0000 - 0x00000000645dc000 	C:\Program Files (x86)\360\Total Security\safemon\SafeWrapper.dll
0x00007ffde0730000 - 0x00007ffde07c2000 	C:\Program Files (x86)\360\Total Security\safemon\libzdtp64.dll
0x00007ffe319e0000 - 0x00007ffe3214b000 	C:\Windows\System32\SHELL32.dll
0x00007ffe31390000 - 0x00007ffe313e5000 	C:\Windows\System32\SHLWAPI.dll
0x00007ffe283a0000 - 0x00007ffe283ac000 	C:\Program Files\Java\jdk-17\bin\vcruntime140_1.dll
0x00007ffe08130000 - 0x00007ffe081be000 	C:\Program Files\Java\jdk-17\bin\msvcp140.dll
0x00007ffdb3a30000 - 0x00007ffdb460f000 	C:\Program Files\Java\jdk-17\bin\server\jvm.dll
0x00007ffe31350000 - 0x00007ffe31358000 	C:\Windows\System32\PSAPI.DLL
0x00007ffe1b350000 - 0x00007ffe1b359000 	C:\Windows\SYSTEM32\WSOCK32.dll
0x00007ffe321f0000 - 0x00007ffe3225b000 	C:\Windows\System32\WS2_32.dll
0x00007ffe1d840000 - 0x00007ffe1d867000 	C:\Windows\SYSTEM32\WINMM.dll
0x00007ffe2dce0000 - 0x00007ffe2dcf2000 	C:\Windows\SYSTEM32\kernel.appcore.dll
0x00007ffe24470000 - 0x00007ffe2447a000 	C:\Program Files\Java\jdk-17\bin\jimage.dll
0x00007ffe16c50000 - 0x00007ffe16e34000 	C:\Windows\SYSTEM32\DBGHELP.DLL
0x00007ffe18010000 - 0x00007ffe18044000 	C:\Windows\SYSTEM32\dbgcore.DLL
0x00007ffe30310000 - 0x00007ffe30392000 	C:\Windows\System32\bcryptPrimitives.dll
0x00007ffe1e8f0000 - 0x00007ffe1e915000 	C:\Program Files\Java\jdk-17\bin\java.dll
0x00007ffe08050000 - 0x00007ffe08127000 	C:\Program Files\Java\jdk-17\bin\jsvml.dll
0x00007ffe2dff0000 - 0x00007ffe2e78d000 	C:\Windows\SYSTEM32\windows.storage.dll
0x00007ffe31680000 - 0x00007ffe319d3000 	C:\Windows\System32\combase.dll
0x00007ffe2f8e0000 - 0x00007ffe2f90e000 	C:\Windows\SYSTEM32\Wldp.dll
0x00007ffe31550000 - 0x00007ffe3161d000 	C:\Windows\System32\OLEAUT32.dll
0x00007ffe30b20000 - 0x00007ffe30bcd000 	C:\Windows\System32\SHCORE.dll
0x00007ffe2ff30000 - 0x00007ffe2ff54000 	C:\Windows\SYSTEM32\profapi.dll
0x00007ffe2bc10000 - 0x00007ffe2bc29000 	C:\Program Files\Java\jdk-17\bin\net.dll
0x00007ffe2b480000 - 0x00007ffe2b58a000 	C:\Windows\SYSTEM32\WINHTTP.dll
0x00007ffe2f640000 - 0x00007ffe2f6aa000 	C:\Windows\system32\mswsock.dll
0x00007ffe284e0000 - 0x00007ffe284f6000 	C:\Program Files\Java\jdk-17\bin\nio.dll
0x00007ffe244f0000 - 0x00007ffe24508000 	C:\Program Files\Java\jdk-17\bin\zip.dll

dbghelp: loaded successfully - version: 4.0.5 - missing functions: none
symbol engine: initialized successfully - sym options: 0x614 - pdb path: .;C:\Program Files\Java\jdk-17\bin;C:\Windows\SYSTEM32;C:\Windows\WinSxS\amd64_microsoft.windows.common-controls_6595b64144ccf1df_6.0.19041.4355_none_60b8b9eb71f62e16;C:\Program Files (x86)\360\Total Security\safemon;C:\Program Files\Java\jdk-17\bin\server

VM Arguments:
java_command: org.jetbrains.kotlin.cli.jvm.K2JVMCompiler @E:\React Project\All Parking\Parking_Fixed\node_modules\react-native-safe-area-context\android\build\20240530_468296667716805807.compiler.options
java_class_path (initial): C:\Users\Admin\.gradle\caches\modules-2\files-2.1\org.jetbrains.kotlin\kotlin-compiler-embeddable\1.6.20\18f66cca4301c12893ebe4ef47d65c3d9d2bff9b\kotlin-compiler-embeddable-1.6.20.jar;C:\Users\Admin\.gradle\caches\modules-2\files-2.1\org.jetbrains.kotlin\kotlin-reflect\1.6.20\669965154723f1a712e8677af0cc5470dfdab81c\kotlin-reflect-1.6.20.jar;C:\Users\Admin\.gradle\caches\modules-2\files-2.1\org.jetbrains.kotlin\kotlin-stdlib\1.6.20\6cedc143badbb4f1c6b7f5a340b04edff1743208\kotlin-stdlib-1.6.20.jar;C:\Users\Admin\.gradle\caches\modules-2\files-2.1\org.jetbrains.kotlin\kotlin-script-runtime\1.6.20\a115c367e0fd9c8909293b208689afca0c88a6f1\kotlin-script-runtime-1.6.20.jar;C:\Users\Admin\.gradle\caches\modules-2\files-2.1\org.jetbrains.kotlin\kotlin-daemon-embeddable\1.6.20\d4cac343029f48f106c57f457384771165d7deb5\kotlin-daemon-embeddable-1.6.20.jar;C:\Users\Admin\.gradle\caches\modules-2\files-2.1\org.jetbrains.intellij.deps\trove4j\1.0.20200330\3afb14d5f9ceb459d724e907a21145e8ff394f02\trove4j-1.0.20200330.jar;C:\Users\Admin\.gradle\caches\modules-2\files-2.1\net.java.dev.jna\jna\5.6.0\330f2244e9030119ab3030fc3fededc86713d9cc\jna-5.6.0.jar;C:\Users\Admin\.gradle\caches\modules-2\files-2.1\org.jetbrains.kotlin\kotlin-stdlib-common\1.6.20\27b4562b6713d70f458c6d7ea39aadacb8e6a92b\kotlin-stdlib-common-1.6.20.jar;C:\Users\Admin\.gradle\caches\modules-2\files-2.1\org.jetbrains\annotations\13.0\919f0dfe192fb4e063e7dacadee7f8bb9a2672a9\annotations-13.0.jar
Launcher Type: SUN_STANDARD

[Global flags]
     intx CICompilerCount                          = 3                                         {product} {ergonomic}
     uint ConcGCThreads                            = 2                                         {product} {ergonomic}
     uint G1ConcRefinementThreads                  = 6                                         {product} {ergonomic}
   size_t G1HeapRegionSize                         = 1048576                                   {product} {ergonomic}
    uintx GCDrainStackTargetSize                   = 64                                        {product} {ergonomic}
   size_t InitialHeapSize                          = 132120576                                 {product} {ergonomic}
   size_t MarkStackSize                            = 4194304                                   {product} {ergonomic}
   size_t MaxHeapSize                              = 2111832064                                {product} {ergonomic}
   size_t MaxNewSize                               = 1266679808                                {product} {ergonomic}
   size_t MinHeapDeltaBytes                        = 1048576                                   {product} {ergonomic}
   size_t MinHeapSize                              = 8388608                                   {product} {ergonomic}
    uintx NonNMethodCodeHeapSize                   = 5832780                                {pd product} {ergonomic}
    uintx NonProfiledCodeHeapSize                  = 122912730                              {pd product} {ergonomic}
    uintx ProfiledCodeHeapSize                     = 122912730                              {pd product} {ergonomic}
    uintx ReservedCodeCacheSize                    = 251658240                              {pd product} {ergonomic}
     bool SegmentedCodeCache                       = true                                      {product} {ergonomic}
   size_t SoftMaxHeapSize                          = 2111832064                             {manageable} {ergonomic}
     bool UseCompressedClassPointers               = true                           {product lp64_product} {ergonomic}
     bool UseCompressedOops                        = true                           {product lp64_product} {ergonomic}
     bool UseG1GC                                  = true                                      {product} {ergonomic}
     bool UseLargePagesIndividualAllocation        = false                                  {pd product} {ergonomic}

Logging:
Log output configuration:
 #0: stdout all=warning uptime,level,tags
 #1: stderr all=off uptime,level,tags

Environment Variables:
JAVA_HOME=C:\Program Files\Java\jdk-17
CLASSPATH=E:\React Project\All Parking\Parking_Fixed\android\\gradle\wrapper\gradle-wrapper.jar
PATH=E:\React Project\All Parking\Parking_Fixed\node_modules\.bin;E:\React Project\All Parking\Parking_Fixed\node_modules\.bin;E:\React Project\All Parking\node_modules\.bin;E:\React Project\node_modules\.bin;E:\node_modules\.bin;C:\Program Files\nodejs\node_modules\npm\node_modules\@npmcli\run-script\lib\node-gyp-bin;E:\React Project\All Parking\Parking_Fixed\node_modules\.bin;E:\React Project\All Parking\node_modules\.bin;E:\React Project\node_modules\.bin;E:\node_modules\.bin;C:\Program Files\nodejs\node_modules\npm\node_modules\@npmcli\run-script\lib\node-gyp-bin;C:\Program Files\Common Files\Oracle\Java\javapath;C:\Python312\Scripts\;C:\Python312\;C:\Windows\system32;C:\Windows;C:\Windows\System32\Wbem;C:\Windows\System32\WindowsPowerShell\v1.0\;C:\Windows\System32\OpenSSH\;C:\ProgramData\chocolatey\bin;C:\Program Files\nodejs\;C:\Program Files\Git\cmd;C:\Program Files\Java\jdk-17\bin;C:\Users\Admin\AppData\Local\Android\Sdk\platform-tools;C:\Users\Admin\AppData\Local\Android\Sdk\build-tools\34.0.0;C:\Users\Admin\AppData\Local\Microsoft\WindowsApps;C:\Users\Admin\AppData\Local\Programs\Microsoft VS Code\bin;C:\Users\Admin\AppData\Roaming\npm;C:\Program Files\Java\jdk-17\bin;C:\Users\Admin\AppData\Local\Android\Sdk\platform-tools;C:\Users\Admin\AppData\Local\Android\Sdk\build-tools\34.0.0;
USERNAME=Admin
LANG=en_US.UTF-8
OS=Windows_NT
PROCESSOR_IDENTIFIER=Intel64 Family 6 Model 158 Stepping 10, GenuineIntel



---------------  S Y S T E M  ---------------

OS:
 Windows 10 , 64 bit Build 19041 (10.0.19041.3636)
OS uptime: 1 days 5:46 hours

CPU: total 6 (initial active 6) (6 cores per cpu, 1 threads per core) family 6 model 158 stepping 10 microcode 0xb4, cx8, cmov, fxsr, mmx, 3dnowpref, sse, sse2, sse3, ssse3, sse4.1, sse4.2, popcnt, lzcnt, tsc, tscinvbit, avx, avx2, aes, erms, clmul, bmi1, bmi2, adx, fma, vzeroupper, clflush, clflushopt

Memory: 4k page, system-wide physical 8054M (155M free)
TotalPageFile size 20342M (AvailPageFile size 0M)
current process WorkingSet (physical memory assigned to process): 63M, peak: 63M
current process commit charge ("private bytes"): 212M, peak: 212M

vm_info: Java HotSpot(TM) 64-Bit Server VM (17.0.10+11-LTS-240) for windows-amd64 JRE (17.0.10+11-LTS-240), built on Dec 19 2023 21:47:25 by "mach5one" with MS VC++ 17.1 (VS2022)

END.
