#
# There is insufficient memory for the Java Runtime Environment to continue.
# Native memory allocation (malloc) failed to allocate 376816 bytes for Chunk::new
# Possible reasons:
#   The system is out of physical RAM or swap space
#   The process is running with CompressedOops enabled, and the Java Heap may be blocking the growth of the native heap
# Possible solutions:
#   Reduce memory load on the system
#   Increase physical memory or swap space
#   Check if swap backing store is full
#   Decrease Java heap size (-Xmx/-Xms)
#   Decrease number of Java threads
#   Decrease Java thread stack sizes (-Xss)
#   Set larger code cache with -XX:ReservedCodeCacheSize=
#   JVM is running with Unscaled Compressed Oops mode in which the Java heap is
#     placed in the first 4GB address space. The Java Heap base address is the
#     maximum limit for the native heap growth. Please use -XX:HeapBaseMinAddress
#     to set the Java Heap base and to place the Java Heap above 4GB virtual address.
# This output file may be truncated or incomplete.
#
#  Out of Memory Error (arena.cpp:189), pid=11464, tid=8444
#
# JRE version: Java(TM) SE Runtime Environment (17.0.10+11) (build 17.0.10+11-LTS-240)
# Java VM: Java HotSpot(TM) 64-Bit Server VM (17.0.10+11-LTS-240, mixed mode, sharing, tiered, compressed oops, compressed class ptrs, g1 gc, windows-amd64)
# No core dump will be written. Minidumps are not enabled by default on client versions of Windows
#

---------------  S U M M A R Y ------------

Command Line: -Xmx64m -Xms64m -Dorg.gradle.appname=gradlew org.gradle.wrapper.GradleWrapperMain app:installDebug -PreactNativeDevServerPort=8081

Host: Intel(R) Core(TM) i5-8400 CPU @ 2.80GHz, 6 cores, 7G,  Windows 10 , 64 bit Build 19041 (10.0.19041.5072)
Time: Fri Nov 22 13:17:20 2024 India Standard Time elapsed time: 0.611293 seconds (0d 0h 0m 0s)

---------------  T H R E A D  ---------------

Current thread (0x000002d225955700):  JavaThread "C2 CompilerThread0" daemon [_thread_in_native, id=8444, stack(0x000000fdf1900000,0x000000fdf1a00000)]


Current CompileTask:
C2:    611  740   !   4       java.util.zip.ZipFile::getEntry (59 bytes)

Stack: [0x000000fdf1900000,0x000000fdf1a00000]
Native frames: (J=compiled Java code, j=interpreted, Vv=VM code, C=native code)
V  [jvm.dll+0x677a5a]
V  [jvm.dll+0x7d8b2d]
V  [jvm.dll+0x7da48e]
V  [jvm.dll+0x7daaf3]
V  [jvm.dll+0x2455ff]
V  [jvm.dll+0xaaafb]
V  [jvm.dll+0xab09c]
V  [jvm.dll+0x361b5f]
V  [jvm.dll+0x32c211]
V  [jvm.dll+0x32b6aa]
V  [jvm.dll+0x21794f]
V  [jvm.dll+0x216d81]
V  [jvm.dll+0x1a3410]
V  [jvm.dll+0x226aeb]
V  [jvm.dll+0x224cab]
V  [jvm.dll+0x78e45c]
V  [jvm.dll+0x78888a]
V  [jvm.dll+0x676935]
C  [ucrtbase.dll+0x21bb2]
C  [KERNEL32.DLL+0x17374]
C  [ntdll.dll+0x4cc91]


---------------  P R O C E S S  ---------------

Threads class SMR info:
_java_thread_list=0x000002d225b983d0, length=12, elements={
0x000002d20a63ab60, 0x000002d2259383f0, 0x000002d225939180, 0x000002d22594e0b0,
0x000002d22594f990, 0x000002d225950260, 0x000002d225951140, 0x000002d225955700,
0x000002d22595f4f0, 0x000002d225965e30, 0x000002d225b90c20, 0x000002d225b99000
}

Java Threads: ( => current thread )
  0x000002d20a63ab60 JavaThread "main" [_thread_blocked, id=13788, stack(0x000000fdf0c00000,0x000000fdf0d00000)]
  0x000002d2259383f0 JavaThread "Reference Handler" daemon [_thread_blocked, id=17480, stack(0x000000fdf1300000,0x000000fdf1400000)]
  0x000002d225939180 JavaThread "Finalizer" daemon [_thread_blocked, id=17824, stack(0x000000fdf1400000,0x000000fdf1500000)]
  0x000002d22594e0b0 JavaThread "Signal Dispatcher" daemon [_thread_blocked, id=1936, stack(0x000000fdf1500000,0x000000fdf1600000)]
  0x000002d22594f990 JavaThread "Attach Listener" daemon [_thread_blocked, id=18144, stack(0x000000fdf1600000,0x000000fdf1700000)]
  0x000002d225950260 JavaThread "Service Thread" daemon [_thread_blocked, id=8048, stack(0x000000fdf1700000,0x000000fdf1800000)]
  0x000002d225951140 JavaThread "Monitor Deflation Thread" daemon [_thread_blocked, id=17028, stack(0x000000fdf1800000,0x000000fdf1900000)]
=>0x000002d225955700 JavaThread "C2 CompilerThread0" daemon [_thread_in_native, id=8444, stack(0x000000fdf1900000,0x000000fdf1a00000)]
  0x000002d22595f4f0 JavaThread "C1 CompilerThread0" daemon [_thread_blocked, id=9692, stack(0x000000fdf1a00000,0x000000fdf1b00000)]
  0x000002d225965e30 JavaThread "Sweeper thread" daemon [_thread_blocked, id=7884, stack(0x000000fdf1b00000,0x000000fdf1c00000)]
  0x000002d225b90c20 JavaThread "Notification Thread" daemon [_thread_blocked, id=12536, stack(0x000000fdf1c00000,0x000000fdf1d00000)]
  0x000002d225b99000 JavaThread "Common-Cleaner" daemon [_thread_blocked, id=1592, stack(0x000000fdf1e00000,0x000000fdf1f00000)]

Other Threads:
  0x000002d225932010 VMThread "VM Thread" [stack: 0x000000fdf1200000,0x000000fdf1300000] [id=8708]
  0x000002d225b95530 WatcherThread [stack: 0x000000fdf1d00000,0x000000fdf1e00000] [id=8268]
  0x000002d20a65aef0 GCTaskThread "GC Thread#0" [stack: 0x000000fdf0d00000,0x000000fdf0e00000] [id=14564]
  0x000002d26b46f460 GCTaskThread "GC Thread#1" [stack: 0x000000fdf1f00000,0x000000fdf2000000] [id=13780]
  0x000002d20a65c550 ConcurrentGCThread "G1 Main Marker" [stack: 0x000000fdf0e00000,0x000000fdf0f00000] [id=18468]
  0x000002d20a65d610 ConcurrentGCThread "G1 Conc#0" [stack: 0x000000fdf0f00000,0x000000fdf1000000] [id=17376]
  0x000002d20a6b2940 ConcurrentGCThread "G1 Refine#0" [stack: 0x000000fdf1000000,0x000000fdf1100000] [id=13408]
  0x000002d20a6b3280 ConcurrentGCThread "G1 Service" [stack: 0x000000fdf1100000,0x000000fdf1200000] [id=15180]

Threads with active compile tasks:
C2 CompilerThread0      642  740   !   4       java.util.zip.ZipFile::getEntry (59 bytes)

VM state: at safepoint (normal execution)

VM Mutex/Monitor currently owned by a thread:  ([mutex/lock_event])
[0x000002d20a637d70] Threads_lock - owner thread: 0x000002d225932010
[0x000002d20a637860] Heap_lock - owner thread: 0x000002d20a63ab60

Heap address: 0x00000000fc000000, size: 64 MB, Compressed Oops mode: 32-bit

CDS archive(s) mapped at: [0x000002d226000000-0x000002d226bd0000-0x000002d226bd0000), size 12386304, SharedBaseAddress: 0x000002d226000000, ArchiveRelocationMode: 1.
Compressed class space mapped at: 0x000002d227000000-0x000002d267000000, reserved size: 1073741824
Narrow klass base: 0x000002d226000000, Narrow klass shift: 0, Narrow klass range: 0x100000000

GC Precious Log:
 CPUs: 6 total, 6 available
 Memory: 8054M
 Large Page Support: Disabled
 NUMA Support: Disabled
 Compressed Oops: Enabled (32-bit)
 Heap Region Size: 1M
 Heap Min Capacity: 64M
 Heap Initial Capacity: 64M
 Heap Max Capacity: 64M
 Pre-touch: Disabled
 Parallel Workers: 6
 Concurrent Workers: 2
 Concurrent Refinement Workers: 6
 Periodic GC: Disabled

Heap:
 garbage-first heap   total 65536K, used 25600K [0x00000000fc000000, 0x0000000100000000)
  region size 1024K, 24 young (24576K), 3 survivors (3072K)
 Metaspace       used 3369K, committed 3584K, reserved 1114112K
  class space    used 409K, committed 512K, reserved 1048576K

Heap Regions: E=young(eden), S=young(survivor), O=old, HS=humongous(starts), HC=humongous(continues), CS=collection set, F=free, OA=open archive, CA=closed archive, TAMS=top-at-mark-start (previous, next)
|   0|0x00000000fc000000, 0x00000000fc100000, 0x00000000fc100000|100%|HS|  |TAMS 0x00000000fc000000, 0x00000000fc000000| Complete 
|   1|0x00000000fc100000, 0x00000000fc200000, 0x00000000fc200000|100%|HC|  |TAMS 0x00000000fc100000, 0x00000000fc100000| Complete 
|   2|0x00000000fc200000, 0x00000000fc300000, 0x00000000fc300000|100%|HC|  |TAMS 0x00000000fc200000, 0x00000000fc200000| Complete 
|   3|0x00000000fc300000, 0x00000000fc400000, 0x00000000fc400000|100%|HC|  |TAMS 0x00000000fc300000, 0x00000000fc300000| Complete 
|   4|0x00000000fc400000, 0x00000000fc500000, 0x00000000fc500000|100%| O|  |TAMS 0x00000000fc400000, 0x00000000fc400000| Untracked 
|   5|0x00000000fc500000, 0x00000000fc600000, 0x00000000fc600000|100%| O|  |TAMS 0x00000000fc500000, 0x00000000fc500000| Untracked 
|   6|0x00000000fc600000, 0x00000000fc700000, 0x00000000fc700000|100%| O|  |TAMS 0x00000000fc600000, 0x00000000fc600000| Untracked 
|   7|0x00000000fc700000, 0x00000000fc755050, 0x00000000fc800000| 33%| O|  |TAMS 0x00000000fc700000, 0x00000000fc700000| Untracked 
|   8|0x00000000fc800000, 0x00000000fc800000, 0x00000000fc900000|  0%| F|  |TAMS 0x00000000fc800000, 0x00000000fc800000| Untracked 
|   9|0x00000000fc900000, 0x00000000fc900000, 0x00000000fca00000|  0%| F|  |TAMS 0x00000000fc900000, 0x00000000fc900000| Untracked 
|  10|0x00000000fca00000, 0x00000000fca00000, 0x00000000fcb00000|  0%| F|  |TAMS 0x00000000fca00000, 0x00000000fca00000| Untracked 
|  11|0x00000000fcb00000, 0x00000000fcb00000, 0x00000000fcc00000|  0%| F|  |TAMS 0x00000000fcb00000, 0x00000000fcb00000| Untracked 
|  12|0x00000000fcc00000, 0x00000000fcc00000, 0x00000000fcd00000|  0%| F|  |TAMS 0x00000000fcc00000, 0x00000000fcc00000| Untracked 
|  13|0x00000000fcd00000, 0x00000000fcd00000, 0x00000000fce00000|  0%| F|  |TAMS 0x00000000fcd00000, 0x00000000fcd00000| Untracked 
|  14|0x00000000fce00000, 0x00000000fce00000, 0x00000000fcf00000|  0%| F|  |TAMS 0x00000000fce00000, 0x00000000fce00000| Untracked 
|  15|0x00000000fcf00000, 0x00000000fcf00000, 0x00000000fd000000|  0%| F|  |TAMS 0x00000000fcf00000, 0x00000000fcf00000| Untracked 
|  16|0x00000000fd000000, 0x00000000fd000000, 0x00000000fd100000|  0%| F|  |TAMS 0x00000000fd000000, 0x00000000fd000000| Untracked 
|  17|0x00000000fd100000, 0x00000000fd100000, 0x00000000fd200000|  0%| F|  |TAMS 0x00000000fd100000, 0x00000000fd100000| Untracked 
|  18|0x00000000fd200000, 0x00000000fd200000, 0x00000000fd300000|  0%| F|  |TAMS 0x00000000fd200000, 0x00000000fd200000| Untracked 
|  19|0x00000000fd300000, 0x00000000fd300000, 0x00000000fd400000|  0%| F|  |TAMS 0x00000000fd300000, 0x00000000fd300000| Untracked 
|  20|0x00000000fd400000, 0x00000000fd400000, 0x00000000fd500000|  0%| F|  |TAMS 0x00000000fd400000, 0x00000000fd400000| Untracked 
|  21|0x00000000fd500000, 0x00000000fd500000, 0x00000000fd600000|  0%| F|  |TAMS 0x00000000fd500000, 0x00000000fd500000| Untracked 
|  22|0x00000000fd600000, 0x00000000fd600000, 0x00000000fd700000|  0%| F|  |TAMS 0x00000000fd600000, 0x00000000fd600000| Untracked 
|  23|0x00000000fd700000, 0x00000000fd700000, 0x00000000fd800000|  0%| F|  |TAMS 0x00000000fd700000, 0x00000000fd700000| Untracked 
|  24|0x00000000fd800000, 0x00000000fd800000, 0x00000000fd900000|  0%| F|  |TAMS 0x00000000fd800000, 0x00000000fd800000| Untracked 
|  25|0x00000000fd900000, 0x00000000fd900000, 0x00000000fda00000|  0%| F|  |TAMS 0x00000000fd900000, 0x00000000fd900000| Untracked 
|  26|0x00000000fda00000, 0x00000000fda00000, 0x00000000fdb00000|  0%| F|  |TAMS 0x00000000fda00000, 0x00000000fda00000| Untracked 
|  27|0x00000000fdb00000, 0x00000000fdb00000, 0x00000000fdc00000|  0%| F|  |TAMS 0x00000000fdb00000, 0x00000000fdb00000| Untracked 
|  28|0x00000000fdc00000, 0x00000000fdc00000, 0x00000000fdd00000|  0%| F|  |TAMS 0x00000000fdc00000, 0x00000000fdc00000| Untracked 
|  29|0x00000000fdd00000, 0x00000000fdd00000, 0x00000000fde00000|  0%| F|  |TAMS 0x00000000fdd00000, 0x00000000fdd00000| Untracked 
|  30|0x00000000fde00000, 0x00000000fde00000, 0x00000000fdf00000|  0%| F|  |TAMS 0x00000000fde00000, 0x00000000fde00000| Untracked 
|  31|0x00000000fdf00000, 0x00000000fdf00000, 0x00000000fe000000|  0%| F|  |TAMS 0x00000000fdf00000, 0x00000000fdf00000| Untracked 
|  32|0x00000000fe000000, 0x00000000fe000000, 0x00000000fe100000|  0%| F|  |TAMS 0x00000000fe000000, 0x00000000fe000000| Untracked 
|  33|0x00000000fe100000, 0x00000000fe100000, 0x00000000fe200000|  0%| F|  |TAMS 0x00000000fe100000, 0x00000000fe100000| Untracked 
|  34|0x00000000fe200000, 0x00000000fe200000, 0x00000000fe300000|  0%| F|  |TAMS 0x00000000fe200000, 0x00000000fe200000| Untracked 
|  35|0x00000000fe300000, 0x00000000fe300000, 0x00000000fe400000|  0%| F|  |TAMS 0x00000000fe300000, 0x00000000fe300000| Untracked 
|  36|0x00000000fe400000, 0x00000000fe400000, 0x00000000fe500000|  0%| F|  |TAMS 0x00000000fe400000, 0x00000000fe400000| Untracked 
|  37|0x00000000fe500000, 0x00000000fe500000, 0x00000000fe600000|  0%| F|  |TAMS 0x00000000fe500000, 0x00000000fe500000| Untracked 
|  38|0x00000000fe600000, 0x00000000fe600000, 0x00000000fe700000|  0%| F|  |TAMS 0x00000000fe600000, 0x00000000fe600000| Untracked 
|  39|0x00000000fe700000, 0x00000000fe700000, 0x00000000fe800000|  0%| F|  |TAMS 0x00000000fe700000, 0x00000000fe700000| Untracked 
|  40|0x00000000fe800000, 0x00000000fe900000, 0x00000000fe900000|100%| S|  |TAMS 0x00000000fe800000, 0x00000000fe800000| Complete 
|  41|0x00000000fe900000, 0x00000000fea00000, 0x00000000fea00000|100%| S|  |TAMS 0x00000000fe900000, 0x00000000fe900000| Complete 
|  42|0x00000000fea00000, 0x00000000feb00000, 0x00000000feb00000|100%| S|  |TAMS 0x00000000fea00000, 0x00000000fea00000| Complete 
|  43|0x00000000feb00000, 0x00000000fec00000, 0x00000000fec00000|100%| E|CS|TAMS 0x00000000feb00000, 0x00000000feb00000| Complete 
|  44|0x00000000fec00000, 0x00000000fed00000, 0x00000000fed00000|100%| E|CS|TAMS 0x00000000fec00000, 0x00000000fec00000| Complete 
|  45|0x00000000fed00000, 0x00000000fee00000, 0x00000000fee00000|100%| E|CS|TAMS 0x00000000fed00000, 0x00000000fed00000| Complete 
|  46|0x00000000fee00000, 0x00000000fef00000, 0x00000000fef00000|100%| E|CS|TAMS 0x00000000fee00000, 0x00000000fee00000| Complete 
|  47|0x00000000fef00000, 0x00000000ff000000, 0x00000000ff000000|100%| E|CS|TAMS 0x00000000fef00000, 0x00000000fef00000| Complete 
|  48|0x00000000ff000000, 0x00000000ff100000, 0x00000000ff100000|100%| E|CS|TAMS 0x00000000ff000000, 0x00000000ff000000| Complete 
|  49|0x00000000ff100000, 0x00000000ff200000, 0x00000000ff200000|100%| E|CS|TAMS 0x00000000ff100000, 0x00000000ff100000| Complete 
|  50|0x00000000ff200000, 0x00000000ff300000, 0x00000000ff300000|100%| E|CS|TAMS 0x00000000ff200000, 0x00000000ff200000| Complete 
|  51|0x00000000ff300000, 0x00000000ff400000, 0x00000000ff400000|100%| E|CS|TAMS 0x00000000ff300000, 0x00000000ff300000| Complete 
|  52|0x00000000ff400000, 0x00000000ff500000, 0x00000000ff500000|100%| E|CS|TAMS 0x00000000ff400000, 0x00000000ff400000| Complete 
|  53|0x00000000ff500000, 0x00000000ff600000, 0x00000000ff600000|100%| E|CS|TAMS 0x00000000ff500000, 0x00000000ff500000| Complete 
|  54|0x00000000ff600000, 0x00000000ff700000, 0x00000000ff700000|100%| E|CS|TAMS 0x00000000ff600000, 0x00000000ff600000| Complete 
|  55|0x00000000ff700000, 0x00000000ff800000, 0x00000000ff800000|100%| E|CS|TAMS 0x00000000ff700000, 0x00000000ff700000| Complete 
|  56|0x00000000ff800000, 0x00000000ff900000, 0x00000000ff900000|100%| E|CS|TAMS 0x00000000ff800000, 0x00000000ff800000| Complete 
|  57|0x00000000ff900000, 0x00000000ffa00000, 0x00000000ffa00000|100%| E|CS|TAMS 0x00000000ff900000, 0x00000000ff900000| Complete 
|  58|0x00000000ffa00000, 0x00000000ffb00000, 0x00000000ffb00000|100%| E|CS|TAMS 0x00000000ffa00000, 0x00000000ffa00000| Complete 
|  59|0x00000000ffb00000, 0x00000000ffc00000, 0x00000000ffc00000|100%| E|CS|TAMS 0x00000000ffb00000, 0x00000000ffb00000| Complete 
|  60|0x00000000ffc00000, 0x00000000ffd00000, 0x00000000ffd00000|100%| E|CS|TAMS 0x00000000ffc00000, 0x00000000ffc00000| Complete 
|  61|0x00000000ffd00000, 0x00000000ffe00000, 0x00000000ffe00000|100%| E|CS|TAMS 0x00000000ffd00000, 0x00000000ffd00000| Complete 
|  62|0x00000000ffe00000, 0x00000000fff00000, 0x00000000fff00000|100%| E|CS|TAMS 0x00000000ffe00000, 0x00000000ffe00000| Complete 
|  63|0x00000000fff00000, 0x0000000100000000, 0x0000000100000000|100%| E|CS|TAMS 0x00000000fff00000, 0x00000000fff00000| Complete 

Card table byte_map: [0x000002d222f30000,0x000002d222f50000] _byte_map_base: 0x000002d222750000

Marking Bits (Prev, Next): (CMBitMap*) 0x000002d20a65b420, (CMBitMap*) 0x000002d20a65b460
 Prev Bits: [0x000002d222f70000, 0x000002d223070000)
 Next Bits: [0x000002d223070000, 0x000002d223170000)

Polling page: 0x000002d2136a0000

Metaspace:

Usage:
  Non-class:      2.89 MB used.
      Class:    409.72 KB used.
       Both:      3.29 MB used.

Virtual space:
  Non-class space:       64.00 MB reserved,       3.00 MB (  5%) committed,  1 nodes.
      Class space:        1.00 GB reserved,     512.00 KB ( <1%) committed,  1 nodes.
             Both:        1.06 GB reserved,       3.50 MB ( <1%) committed. 

Chunk freelists:
   Non-Class:  10.86 MB
       Class:  15.50 MB
        Both:  26.36 MB

MaxMetaspaceSize: unlimited
CompressedClassSpaceSize: 1.00 GB
Initial GC threshold: 21.00 MB
Current GC threshold: 21.00 MB
CDS: on
MetaspaceReclaimPolicy: balanced
 - commit_granule_bytes: 65536.
 - commit_granule_words: 8192.
 - virtual_space_node_default_size: 8388608.
 - enlarge_chunks_in_place: 1.
 - new_chunks_are_fully_committed: 0.
 - uncommit_free_chunks: 1.
 - use_allocation_guard: 0.
 - handle_deallocations: 1.


Internal statistics:

num_allocs_failed_limit: 0.
num_arena_births: 18.
num_arena_deaths: 0.
num_vsnodes_births: 2.
num_vsnodes_deaths: 0.
num_space_committed: 56.
num_space_uncommitted: 0.
num_chunks_returned_to_freelist: 0.
num_chunks_taken_from_freelist: 95.
num_chunk_merges: 0.
num_chunk_splits: 58.
num_chunks_enlarged: 53.
num_inconsistent_stats: 0.

CodeHeap 'non-profiled nmethods': size=120000Kb used=269Kb max_used=269Kb free=119730Kb
 bounds [0x000002d21b190000, 0x000002d21b400000, 0x000002d2226c0000]
CodeHeap 'profiled nmethods': size=120000Kb used=1458Kb max_used=1458Kb free=118541Kb
 bounds [0x000002d2136c0000, 0x000002d213930000, 0x000002d21abf0000]
CodeHeap 'non-nmethods': size=5760Kb used=1124Kb max_used=1147Kb free=4635Kb
 bounds [0x000002d21abf0000, 0x000002d21ae60000, 0x000002d21b190000]
 total_blobs=1177 nmethods=772 adapters=318
 compilation: enabled
              stopped_count=0, restarted_count=0
 full_count=0

Compilation events (20 events):
Event: 0.572 Thread 0x000002d22595f4f0  744       3       java.util.zip.ZipFile$ZipFileInflaterInputStream::<init> (41 bytes)
Event: 0.572 Thread 0x000002d22595f4f0 nmethod 744 0x000002d213813c10 code [0x000002d213813de0, 0x000002d213814298]
Event: 0.572 Thread 0x000002d22595f4f0  746   !   3       java.util.zip.Inflater::setInput (69 bytes)
Event: 0.573 Thread 0x000002d22595f4f0 nmethod 746 0x000002d213814490 code [0x000002d213814660, 0x000002d213814a68]
Event: 0.573 Thread 0x000002d22595f4f0  747   !   3       java.util.zip.ZipFile$Source::readAt (39 bytes)
Event: 0.573 Thread 0x000002d22595f4f0 nmethod 747 0x000002d213814c10 code [0x000002d213814e00, 0x000002d213815288]
Event: 0.577 Thread 0x000002d22595f4f0  748       3       java.net.URLClassLoader::getAndVerifyPackage (109 bytes)
Event: 0.578 Thread 0x000002d22595f4f0 nmethod 748 0x000002d213815610 code [0x000002d213815980, 0x000002d213816ba8]
Event: 0.578 Thread 0x000002d22595f4f0  749       3       jdk.internal.perf.PerfCounter::getReadClassBytesTime (4 bytes)
Event: 0.578 Thread 0x000002d22595f4f0 nmethod 749 0x000002d213817210 code [0x000002d2138173a0, 0x000002d213817498]
Event: 0.579 Thread 0x000002d225955700 nmethod 732 0x000002d21b1d0690 code [0x000002d21b1d08a0, 0x000002d21b1d1670]
Event: 0.579 Thread 0x000002d225955700  745       4       java.lang.String::substring (58 bytes)
Event: 0.582 Thread 0x000002d225955700 nmethod 745 0x000002d21b1d1e90 code [0x000002d21b1d2020, 0x000002d21b1d2578]
Event: 0.582 Thread 0x000002d225955700  740   !   4       java.util.zip.ZipFile::getEntry (59 bytes)
Event: 0.595 Thread 0x000002d22595f4f0  752       3       java.lang.ClassLoader::definePackage (85 bytes)
Event: 0.596 Thread 0x000002d22595f4f0 nmethod 752 0x000002d213817510 code [0x000002d2138177e0, 0x000002d213818738]
Event: 0.596 Thread 0x000002d22595f4f0  753       3       java.lang.ClassLoader::compareCerts (197 bytes)
Event: 0.596 Thread 0x000002d22595f4f0 nmethod 753 0x000002d213818c10 code [0x000002d213818e20, 0x000002d2138196d8]
Event: 0.596 Thread 0x000002d22595f4f0  754  s    3       java.util.jar.JarFile::getInputStream (72 bytes)
Event: 0.596 Thread 0x000002d22595f4f0 nmethod 754 0x000002d213819990 code [0x000002d213819bc0, 0x000002d21381a118]

GC Heap History (0 events):
No events

Deoptimization events (20 events):
Event: 0.382 Thread 0x000002d20a63ab60 DEOPT PACKING pc=0x000002d21b1b83a8 sp=0x000000fdf0cf96d0
Event: 0.382 Thread 0x000002d20a63ab60 DEOPT UNPACKING pc=0x000002d21ac423a3 sp=0x000000fdf0cf9660 mode 2
Event: 0.382 Thread 0x000002d20a63ab60 Uncommon trap: trap_request=0xffffffde fr.pc=0x000002d21b1b83a8 relative=0x0000000000000fa8
Event: 0.382 Thread 0x000002d20a63ab60 Uncommon trap: reason=class_check action=maybe_recompile pc=0x000002d21b1b83a8 method=java.util.HashMap.putVal(ILjava/lang/Object;Ljava/lang/Object;ZZ)Ljava/lang/Object; @ 203 c2
Event: 0.382 Thread 0x000002d20a63ab60 DEOPT PACKING pc=0x000002d21b1b83a8 sp=0x000000fdf0cf96d0
Event: 0.382 Thread 0x000002d20a63ab60 DEOPT UNPACKING pc=0x000002d21ac423a3 sp=0x000000fdf0cf9660 mode 2
Event: 0.500 Thread 0x000002d20a63ab60 Uncommon trap: trap_request=0xffffff45 fr.pc=0x000002d21b1bc428 relative=0x0000000000000468
Event: 0.500 Thread 0x000002d20a63ab60 Uncommon trap: reason=unstable_if action=reinterpret pc=0x000002d21b1bc428 method=java.util.zip.ZipCoder$UTF8ZipCoder.checkedHash([BII)I @ 27 c2
Event: 0.500 Thread 0x000002d20a63ab60 DEOPT PACKING pc=0x000002d21b1bc428 sp=0x000000fdf0cfb320
Event: 0.500 Thread 0x000002d20a63ab60 DEOPT UNPACKING pc=0x000002d21ac423a3 sp=0x000000fdf0cfb1e8 mode 2
Event: 0.500 Thread 0x000002d20a63ab60 Uncommon trap: trap_request=0xffffff45 fr.pc=0x000002d21b199550 relative=0x00000000000001d0
Event: 0.500 Thread 0x000002d20a63ab60 Uncommon trap: reason=unstable_if action=reinterpret pc=0x000002d21b199550 method=java.lang.String.hashCode()I @ 20 c2
Event: 0.500 Thread 0x000002d20a63ab60 DEOPT PACKING pc=0x000002d21b199550 sp=0x000000fdf0cfb120
Event: 0.500 Thread 0x000002d20a63ab60 DEOPT UNPACKING pc=0x000002d21ac423a3 sp=0x000000fdf0cfb0b0 mode 2
Event: 0.500 Thread 0x000002d20a63ab60 Uncommon trap: trap_request=0xffffff45 fr.pc=0x000002d21b1bd1b0 relative=0x0000000000000190
Event: 0.500 Thread 0x000002d20a63ab60 Uncommon trap: reason=unstable_if action=reinterpret pc=0x000002d21b1bd1b0 method=java.util.zip.ZipFile$Source.isMetaName([BII)Z @ 57 c2
Event: 0.500 Thread 0x000002d20a63ab60 DEOPT PACKING pc=0x000002d21b1bd1b0 sp=0x000000fdf0cfb330
Event: 0.500 Thread 0x000002d20a63ab60 DEOPT UNPACKING pc=0x000002d21ac423a3 sp=0x000000fdf0cfb2c0 mode 2
Event: 0.511 Thread 0x000002d20a63ab60 DEOPT PACKING pc=0x000002d2136f6df7 sp=0x000000fdf0cfab40
Event: 0.511 Thread 0x000002d20a63ab60 DEOPT UNPACKING pc=0x000002d21ac42b43 sp=0x000000fdf0cfa000 mode 0

Classes unloaded (0 events):
No events

Classes redefined (0 events):
No events

Internal exceptions (1 events):
Event: 0.203 Thread 0x000002d20a63ab60 Exception <a 'java/lang/NoSuchMethodError'{0x00000000ffc6aef8}: 'int java.lang.invoke.DirectMethodHandle$Holder.invokeStaticInit(java.lang.Object, java.lang.Object)'> (0x00000000ffc6aef8) 
thrown [s\open\src\hotspot\share\interpreter\linkResolver.cpp, line 759]

VM Operations (4 events):
Event: 0.050 Executing VM operation: HandshakeAllThreads
Event: 0.050 Executing VM operation: HandshakeAllThreads done
Event: 0.546 Executing VM operation: HandshakeAllThreads
Event: 0.546 Executing VM operation: HandshakeAllThreads done

Events (20 events):
Event: 0.530 loading class java/lang/reflect/ProxyGenerator$PrimitiveTypeInfo
Event: 0.530 loading class java/lang/reflect/ProxyGenerator$PrimitiveTypeInfo done
Event: 0.530 loading class jdk/internal/org/objectweb/asm/Edge
Event: 0.530 loading class jdk/internal/org/objectweb/asm/Edge done
Event: 0.531 loading class java/lang/IllegalAccessException
Event: 0.531 loading class java/lang/IllegalAccessException done
Event: 0.531 loading class java/lang/reflect/UndeclaredThrowableException
Event: 0.532 loading class java/lang/reflect/UndeclaredThrowableException done
Event: 0.532 loading class java/lang/reflect/Proxy$ProxyBuilder$1
Event: 0.532 loading class java/lang/reflect/Proxy$ProxyBuilder$1 done
Event: 0.534 loading class java/lang/reflect/InvocationTargetException
Event: 0.534 loading class java/lang/reflect/InvocationTargetException done
Event: 0.540 loading class java/util/LinkedList$ListItr
Event: 0.540 loading class java/util/LinkedList$ListItr done
Event: 0.543 loading class java/util/concurrent/ConcurrentLinkedQueue
Event: 0.543 loading class java/util/concurrent/ConcurrentLinkedQueue done
Event: 0.543 loading class java/util/concurrent/ConcurrentLinkedQueue$Node
Event: 0.543 loading class java/util/concurrent/ConcurrentLinkedQueue$Node done
Event: 0.544 loading class java/lang/reflect/ParameterizedType
Event: 0.544 loading class java/lang/reflect/ParameterizedType done


Dynamic libraries:
0x00007ff656ae0000 - 0x00007ff656af0000 	C:\Program Files\Java\jdk-17\bin\java.exe
0x00007ffa0b0b0000 - 0x00007ffa0b2a8000 	C:\Windows\SYSTEM32\ntdll.dll
0x00007ffa098d0000 - 0x00007ffa09992000 	C:\Windows\System32\KERNEL32.DLL
0x00007ffa08810000 - 0x00007ffa08b0e000 	C:\Windows\System32\KERNELBASE.dll
0x00007ffa08f30000 - 0x00007ffa09030000 	C:\Windows\System32\ucrtbase.dll
0x00007ffa00760000 - 0x00007ffa00779000 	C:\Program Files\Java\jdk-17\bin\jli.dll
0x00007ffa01fb0000 - 0x00007ffa01fcb000 	C:\Program Files\Java\jdk-17\bin\VCRUNTIME140.dll
0x00007ffa0ace0000 - 0x00007ffa0ad91000 	C:\Windows\System32\ADVAPI32.dll
0x00007ffa09c80000 - 0x00007ffa09d1e000 	C:\Windows\System32\msvcrt.dll
0x00007ffa0aec0000 - 0x00007ffa0af5f000 	C:\Windows\System32\sechost.dll
0x00007ffa0a0e0000 - 0x00007ffa0a203000 	C:\Windows\System32\RPCRT4.dll
0x00007ffa08750000 - 0x00007ffa08777000 	C:\Windows\System32\bcrypt.dll
0x00007ffa09540000 - 0x00007ffa096dd000 	C:\Windows\System32\USER32.dll
0x00007ffa08d90000 - 0x00007ffa08db2000 	C:\Windows\System32\win32u.dll
0x00007ffa09bd0000 - 0x00007ffa09bfb000 	C:\Windows\System32\GDI32.dll
0x00007ff9ef900000 - 0x00007ff9efb9a000 	C:\Windows\WinSxS\amd64_microsoft.windows.common-controls_6595b64144ccf1df_6.0.19041.4355_none_60b8b9eb71f62e16\COMCTL32.dll
0x00007ffa08b10000 - 0x00007ffa08c27000 	C:\Windows\System32\gdi32full.dll
0x00007ffa09030000 - 0x00007ffa090cd000 	C:\Windows\System32\msvcp_win.dll
0x00007ffa04f20000 - 0x00007ffa04f2a000 	C:\Windows\SYSTEM32\VERSION.dll
0x00007ffa098a0000 - 0x00007ffa098cf000 	C:\Windows\System32\IMM32.DLL
0x00007ffa02830000 - 0x00007ffa0283c000 	C:\Program Files\Java\jdk-17\bin\vcruntime140_1.dll
0x00007ff9f0760000 - 0x00007ff9f07ee000 	C:\Program Files\Java\jdk-17\bin\msvcp140.dll
0x00007ff9da6f0000 - 0x00007ff9db2cf000 	C:\Program Files\Java\jdk-17\bin\server\jvm.dll
0x00007ffa09c60000 - 0x00007ffa09c68000 	C:\Windows\System32\PSAPI.DLL
0x00007ff9f9850000 - 0x00007ff9f9859000 	C:\Windows\SYSTEM32\WSOCK32.dll
0x00007ff9f6120000 - 0x00007ff9f6147000 	C:\Windows\SYSTEM32\WINMM.dll
0x00007ffa09ee0000 - 0x00007ffa09f4b000 	C:\Windows\System32\WS2_32.dll
0x00007ffa064d0000 - 0x00007ffa064e2000 	C:\Windows\SYSTEM32\kernel.appcore.dll
0x00007ffa02770000 - 0x00007ffa0277a000 	C:\Program Files\Java\jdk-17\bin\jimage.dll
0x00007ffa01810000 - 0x00007ffa019f4000 	C:\Windows\SYSTEM32\DBGHELP.DLL
0x00007ffa01490000 - 0x00007ffa014c4000 	C:\Windows\SYSTEM32\dbgcore.DLL
0x00007ffa08780000 - 0x00007ffa08802000 	C:\Windows\System32\bcryptPrimitives.dll
0x00007ff9fa810000 - 0x00007ff9fa835000 	C:\Program Files\Java\jdk-17\bin\java.dll
0x00007ff9e11d0000 - 0x00007ff9e12a7000 	C:\Program Files\Java\jdk-17\bin\jsvml.dll
0x00007ffa0a210000 - 0x00007ffa0a97d000 	C:\Windows\System32\SHELL32.dll
0x00007ffa067b0000 - 0x00007ffa06f54000 	C:\Windows\SYSTEM32\windows.storage.dll
0x00007ffa0a980000 - 0x00007ffa0acd3000 	C:\Windows\System32\combase.dll
0x00007ffa080b0000 - 0x00007ffa080de000 	C:\Windows\SYSTEM32\Wldp.dll
0x00007ffa09e10000 - 0x00007ffa09edd000 	C:\Windows\System32\OLEAUT32.dll
0x00007ffa0afc0000 - 0x00007ffa0b06d000 	C:\Windows\System32\SHCORE.dll
0x00007ffa09c00000 - 0x00007ffa09c55000 	C:\Windows\System32\shlwapi.dll
0x00007ffa08680000 - 0x00007ffa086a4000 	C:\Windows\SYSTEM32\profapi.dll
0x00007ff9fa7f0000 - 0x00007ff9fa809000 	C:\Program Files\Java\jdk-17\bin\net.dll
0x00007ffa028d0000 - 0x00007ffa029dd000 	C:\Windows\SYSTEM32\WINHTTP.dll
0x00007ffa07e10000 - 0x00007ffa07e7a000 	C:\Windows\system32\mswsock.dll
0x00007ff9f79b0000 - 0x00007ff9f79c6000 	C:\Program Files\Java\jdk-17\bin\nio.dll
0x00007ff9f7990000 - 0x00007ff9f79a8000 	C:\Program Files\Java\jdk-17\bin\zip.dll
0x00007ffa01fa0000 - 0x00007ffa01fb0000 	C:\Program Files\Java\jdk-17\bin\verify.dll

dbghelp: loaded successfully - version: 4.0.5 - missing functions: none
symbol engine: initialized successfully - sym options: 0x614 - pdb path: .;C:\Program Files\Java\jdk-17\bin;C:\Windows\SYSTEM32;C:\Windows\WinSxS\amd64_microsoft.windows.common-controls_6595b64144ccf1df_6.0.19041.4355_none_60b8b9eb71f62e16;C:\Program Files\Java\jdk-17\bin\server

VM Arguments:
jvm_args: -Xmx64m -Xms64m -Dorg.gradle.appname=gradlew 
java_command: org.gradle.wrapper.GradleWrapperMain app:installDebug -PreactNativeDevServerPort=8081
java_class_path (initial): E:\React Native\All Parking\Parking_Dual\android\\gradle\wrapper\gradle-wrapper.jar
Launcher Type: SUN_STANDARD

[Global flags]
     intx CICompilerCount                          = 3                                         {product} {ergonomic}
     uint ConcGCThreads                            = 2                                         {product} {ergonomic}
     uint G1ConcRefinementThreads                  = 6                                         {product} {ergonomic}
   size_t G1HeapRegionSize                         = 1048576                                   {product} {ergonomic}
    uintx GCDrainStackTargetSize                   = 64                                        {product} {ergonomic}
   size_t InitialHeapSize                          = 67108864                                  {product} {command line}
   size_t MarkStackSize                            = 4194304                                   {product} {ergonomic}
   size_t MaxHeapSize                              = 67108864                                  {product} {command line}
   size_t MaxNewSize                               = 39845888                                  {product} {ergonomic}
   size_t MinHeapDeltaBytes                        = 1048576                                   {product} {ergonomic}
   size_t MinHeapSize                              = 67108864                                  {product} {command line}
    uintx NonNMethodCodeHeapSize                   = 5832780                                {pd product} {ergonomic}
    uintx NonProfiledCodeHeapSize                  = 122912730                              {pd product} {ergonomic}
    uintx ProfiledCodeHeapSize                     = 122912730                              {pd product} {ergonomic}
    uintx ReservedCodeCacheSize                    = 251658240                              {pd product} {ergonomic}
     bool SegmentedCodeCache                       = true                                      {product} {ergonomic}
   size_t SoftMaxHeapSize                          = 67108864                               {manageable} {ergonomic}
     bool UseCompressedClassPointers               = true                           {product lp64_product} {ergonomic}
     bool UseCompressedOops                        = true                           {product lp64_product} {ergonomic}
     bool UseG1GC                                  = true                                      {product} {ergonomic}
     bool UseLargePagesIndividualAllocation        = false                                  {pd product} {ergonomic}

Logging:
Log output configuration:
 #0: stdout all=warning uptime,level,tags
 #1: stderr all=off uptime,level,tags

Environment Variables:
JAVA_HOME=C:\Program Files\Java\jdk-17
CLASSPATH=E:\React Native\All Parking\Parking_Dual\android\\gradle\wrapper\gradle-wrapper.jar
PATH=E:\React Native\All Parking\Parking_Dual\node_modules\.bin;E:\React Native\All Parking\node_modules\.bin;E:\React Native\node_modules\.bin;E:\node_modules\.bin;C:\Users\Admin\AppData\Roaming\nvm\v16.13.0\node_modules\npm\node_modules\@npmcli\run-script\lib\node-gyp-bin;E:\React Native\All Parking\Parking_Dual\node_modules\.bin;E:\React Native\All Parking\node_modules\.bin;E:\React Native\node_modules\.bin;E:\node_modules\.bin;C:\Users\Admin\AppData\Roaming\nvm\v16.13.0\node_modules\npm\node_modules\@npmcli\run-script\lib\node-gyp-bin;C:\Program Files\Common Files\Oracle\Java\javapath;C:\Python312\Scripts\;C:\Python312\;C:\Windows\system32;C:\Windows;C:\Windows\System32\Wbem;C:\Windows\System32\WindowsPowerShell\v1.0\;C:\Windows\System32\OpenSSH\;C:\ProgramData\chocolatey\bin;C:\Program Files\Git\cmd;C:\Program Files\Java\jdk-17\bin;C:\Users\Admin\AppData\Local\Android\Sdk\platform-tools;C:\Users\Admin\AppData\Local\Android\Sdk\build-tools\34.0.0;C:\Program Files\Amazon\AWSCLIV2\;C:\Users\Admin\AppData\Roaming\nvm;C:\Program Files\nodejs;F:\xampp\php;C:\composer;C:\Users\Admin\AppData\Local\Microsoft\WindowsApps;C:\Users\Admin\AppData\Local\Programs\Microsoft VS Code\bin;C:\Users\Admin\AppData\Roaming\npm;C:\Program Files\Java\jdk-17\bin;C:\Users\Admin\AppData\Local\Android\Sdk\platform-tools;C:\Users\Admin\AppData\Local\Android\Sdk\build-tools\34.0.0;C:\Users\Admin\AppData\Roaming\nvm;C:\Program Files\nodejs;C:\Users\Admin\composer;C:\Users\Admin\AppData\Roaming\Composer\vendor\bin
USERNAME=Admin
LANG=en_US.UTF-8
OS=Windows_NT
PROCESSOR_IDENTIFIER=Intel64 Family 6 Model 158 Stepping 10, GenuineIntel



---------------  S Y S T E M  ---------------

OS:
 Windows 10 , 64 bit Build 19041 (10.0.19041.5072)
OS uptime: 1 days 21:43 hours

CPU: total 6 (initial active 6) (6 cores per cpu, 1 threads per core) family 6 model 158 stepping 10 microcode 0xb4, cx8, cmov, fxsr, mmx, 3dnowpref, sse, sse2, sse3, ssse3, sse4.1, sse4.2, popcnt, lzcnt, tsc, tscinvbit, avx, avx2, aes, erms, clmul, bmi1, bmi2, adx, fma, vzeroupper, clflush, clflushopt

Memory: 4k page, system-wide physical 8054M (227M free)
TotalPageFile size 20342M (AvailPageFile size 1M)
current process WorkingSet (physical memory assigned to process): 76M, peak: 76M
current process commit charge ("private bytes"): 151M, peak: 151M

vm_info: Java HotSpot(TM) 64-Bit Server VM (17.0.10+11-LTS-240) for windows-amd64 JRE (17.0.10+11-LTS-240), built on Dec 19 2023 21:47:25 by "mach5one" with MS VC++ 17.1 (VS2022)

END.
